<!doctype html public "-//w3c//dtd html 4.0 transitional//en">
<html><head>
<title>Static Call Graph - [.\out_DA14585\Objects\ble_app_peripheral_585.axf]</title></head>
<body><HR>
<H1>Static Call Graph for image .\out_DA14585\Objects\ble_app_peripheral_585.axf</H1><HR>
<BR><P>#&#060CALLGRAPH&#062# ARM Linker, 5060960: Last Updated: Thu Jun 23 17:11:28 2022
<BR><P>
<H3>Maximum Stack Usage =        248 bytes + Unknown(Cycles, Untraceable Function Pointers)</H3><H3>
Call chain for Maximum Stack Depth:</H3>
app_adcval1_timer_cb_handler &rArr; adc_offset_calibrate
<P>
<H3>
Mutually Recursive functions
</H3> <LI><a href="#[3]">SVC_Handler</a>&nbsp;&nbsp;&nbsp;&rArr;&nbsp;&nbsp;&nbsp;<a href="#[3]">SVC_Handler</a><BR>
 <LI><a href="#[4]">PendSV_Handler</a>&nbsp;&nbsp;&nbsp;&rArr;&nbsp;&nbsp;&nbsp;<a href="#[4]">PendSV_Handler</a><BR>
 <LI><a href="#[5]">SysTick_Handler</a>&nbsp;&nbsp;&nbsp;&rArr;&nbsp;&nbsp;&nbsp;<a href="#[5]">SysTick_Handler</a><BR>
 <LI><a href="#[e]">BLE_RF_DIAG_Handler</a>&nbsp;&nbsp;&nbsp;&rArr;&nbsp;&nbsp;&nbsp;<a href="#[e]">BLE_RF_DIAG_Handler</a><BR>
</UL>
<P>
<H3>
Function Pointers
</H3><UL>
 <LI><a href="#[c]">ADC_Handler</a> from adc_58x.o(.text) referenced from startup_da14585_586.o(RESET)
 <LI><a href="#[e]">BLE_RF_DIAG_Handler</a> from startup_da14585_586.o(.text) referenced from startup_da14585_586.o(RESET)
 <LI><a href="#[6]">BLE_WAKEUP_LP_Handler</a> from rwble.o(.text) referenced from startup_da14585_586.o(RESET)
 <LI><a href="#[7a]">DCoffsetCalibration_func</a> from da14585_symbols.txt(ABSOLUTE) referenced from jump_table.o(.constdata)
 <LI><a href="#[1a]">DMA_Handler</a> from startup_da14585_586.o(.text) referenced from startup_da14585_586.o(RESET)
 <LI><a href="#[10]">GPIO0_Handler</a> from gpio.o(.text) referenced from startup_da14585_586.o(RESET)
 <LI><a href="#[11]">GPIO1_Handler</a> from gpio.o(.text) referenced from startup_da14585_586.o(RESET)
 <LI><a href="#[12]">GPIO2_Handler</a> from gpio.o(.text) referenced from startup_da14585_586.o(RESET)
 <LI><a href="#[13]">GPIO3_Handler</a> from gpio.o(.text) referenced from startup_da14585_586.o(RESET)
 <LI><a href="#[14]">GPIO4_Handler</a> from gpio.o(.text) referenced from startup_da14585_586.o(RESET)
 <LI><a href="#[2]">HardFault_Handler</a> from startup_da14585_586.o(.text) referenced from startup_da14585_586.o(RESET)
 <LI><a href="#[22]">HardFault_HandlerC</a> from hardfault_handler.o(.text) referenced from startup_da14585_586.o(.text)
 <LI><a href="#[a]">I2C_Handler</a> from i2c.o(.text) referenced from startup_da14585_586.o(RESET)
 <LI><a href="#[67]">JT_l2cc_pdu_recv_ind_handler_func</a> from patch.o(.text) referenced from jump_table.o(.constdata)
 <LI><a href="#[64]">JT_l2cc_pdu_unpack_func</a> from patch.o(.text) referenced from jump_table.o(.constdata)
 <LI><a href="#[71]">JT_llc_le_length_effective_func</a> from patch.o(.text) referenced from jump_table.o(.constdata)
 <LI><a href="#[d]">KEYBRD_Handler</a> from startup_da14585_586.o(.text) referenced from startup_da14585_586.o(RESET)
 <LI><a href="#[1]">NMI_Handler</a> from startup_da14585_586.o(.text) referenced from startup_da14585_586.o(RESET)
 <LI><a href="#[21]">NMI_HandlerC</a> from nmi_handler.o(.text) referenced from startup_da14585_586.o(.text)
 <LI><a href="#[ae]">PATCHED_atts_mtu_exc_req</a> from patch.o(.text) referenced from patch.o(.constdata)
 <LI><a href="#[b7]">PATCHED_gapm_adv_sanity</a> from patch.o(.text) referenced from patch.o(.constdata)
 <LI><a href="#[b3]">PATCHED_gapm_get_ad_type_flag</a> from patch.o(.text) referenced from patch.o(.constdata)
 <LI><a href="#[ab]">PATCHED_gapm_reset_cmd_handler</a> from patch.o(.text) referenced from patch.o(.constdata)
 <LI><a href="#[a9]">PATCHED_hci_acl_data_rx_handler</a> from patch.o(.text) referenced from patch.o(.constdata)
 <LI><a href="#[ac]">PATCHED_hci_command_handler</a> from patch.o(.text) referenced from patch.o(.constdata)
 <LI><a href="#[b8]">PATCHED_llc_ch_map_req_ind</a> from patch.o(.text) referenced from patch.o(.constdata)
 <LI><a href="#[ad]">PATCHED_llc_data_ind_handler</a> from patch.o(.text) referenced from patch.o(.constdata)
 <LI><a href="#[b4]">PATCHED_llc_util_gen_skdx</a> from patch.o(.text) referenced from patch.o(.constdata)
 <LI><a href="#[a8]">PATCHED_llcp_length_req_handler</a> from patch.o(.text) referenced from patch.o(.constdata)
 <LI><a href="#[aa]">PATCHED_llcp_length_rsp_handler</a> from patch.o(.text) referenced from patch.o(.constdata)
 <LI><a href="#[b5]">PATCHED_lld_evt_move_to_master</a> from patch.o(.text) referenced from patch.o(.constdata)
 <LI><a href="#[b6]">PATCHED_llm_adv_report_set</a> from patch.o(.text) referenced from patch.o(.constdata)
 <LI><a href="#[b9]">PATCHED_llm_con_req_ind</a> from patch.o(.text) referenced from patch.o(.constdata)
 <LI><a href="#[b1]">PATCHED_smpc_check_key_distrib</a> from patch.o(.text) referenced from patch.o(.constdata)
 <LI><a href="#[b2]">PATCHED_smpc_construct_id_addr_info_pdu</a> from patch.o(.text) referenced from patch.o(.constdata)
 <LI><a href="#[af]">PATCHED_smpc_dhkey_calc_start</a> from smpc_util.o(.text) referenced from patch.o(.constdata)
 <LI><a href="#[b0]">PATCHED_smpc_is_sec_mode_reached</a> from patch.o(.text) referenced from patch.o(.constdata)
 <LI><a href="#[ba]">PATCHED_smpc_recv_pair_rand_pdu</a> from patch.o(.text) referenced from patch.o(.constdata)
 <LI><a href="#[bb]">PATCHED_smpc_recv_public_key_exchange_pdu</a> from patch.o(.text) referenced from patch.o(.constdata)
 <LI><a href="#[17]">PCM_Handler</a> from startup_da14585_586.o(.text) referenced from startup_da14585_586.o(RESET)
 <LI><a href="#[6d]">PK_PointMult_func</a> from patch.o(.text) referenced from jump_table.o(.constdata)
 <LI><a href="#[4]">PendSV_Handler</a> from startup_da14585_586.o(.text) referenced from startup_da14585_586.o(RESET)
 <LI><a href="#[7b]">PllLF_IFF_MIX_CapCalibration_func</a> from da14585_symbols.txt(ABSOLUTE) referenced from jump_table.o(.constdata)
 <LI><a href="#[28]">RADIOCNTL_Handler</a> from rf_585.o(.text) referenced from rf_585.o(.text)
 <LI><a href="#[1b]">RESERVED21_Handler</a> from startup_da14585_586.o(.text) referenced from startup_da14585_586.o(RESET)
 <LI><a href="#[1c]">RESERVED22_Handler</a> from startup_da14585_586.o(.text) referenced from startup_da14585_586.o(RESET)
 <LI><a href="#[1d]">RESERVED23_Handler</a> from startup_da14585_586.o(.text) referenced from startup_da14585_586.o(RESET)
 <LI><a href="#[f]">RFCAL_Handler</a> from startup_da14585_586.o(.text) referenced from startup_da14585_586.o(RESET)
 <LI><a href="#[0]">Reset_Handler</a> from startup_da14585_586.o(.text) referenced from startup_da14585_586.o(RESET)
 <LI><a href="#[b]">SPI_Handler</a> from startup_da14585_586.o(.text) referenced from startup_da14585_586.o(RESET)
 <LI><a href="#[18]">SRCIN_Handler</a> from startup_da14585_586.o(.text) referenced from startup_da14585_586.o(RESET)
 <LI><a href="#[19]">SRCOUT_Handler</a> from startup_da14585_586.o(.text) referenced from startup_da14585_586.o(RESET)
 <LI><a href="#[3]">SVC_Handler</a> from startup_da14585_586.o(.text) referenced from startup_da14585_586.o(RESET)
 <LI><a href="#[15]">SWTIM_Handler</a> from startup_da14585_586.o(.text) referenced from startup_da14585_586.o(RESET)
 <LI><a href="#[5]">SysTick_Handler</a> from startup_da14585_586.o(.text) referenced from startup_da14585_586.o(RESET)
 <LI><a href="#[1f]">SystemInit</a> from system_da14585_586.o(.text) referenced from startup_da14585_586.o(.text)
 <LI><a href="#[9]">UART2_Handler</a> from uart.o(.text) referenced from startup_da14585_586.o(RESET)
 <LI><a href="#[8]">UART_Handler</a> from da14585_symbols.txt(ABSOLUTE) referenced from startup_da14585_586.o(RESET)
 <LI><a href="#[38]">UART_Handler_func</a> from da14585_symbols.txt(ABSOLUTE) referenced from jump_table.o(.constdata)
 <LI><a href="#[16]">WKUP_QUADEC_Handler</a> from wkupct_quadec.o(.text) referenced from startup_da14585_586.o(RESET)
 <LI><a href="#[20]">__main</a> from entry.o(.ARM.Collect$$$$00000000) referenced from startup_da14585_586.o(.text)
 <LI><a href="#[2d]">adv_data_update_timer_cb</a> from user_peripheral.o(.text) referenced from user_peripheral.o(.text)
 <LI><a href="#[2e]">app_adcval1_timer_cb_handler</a> from user_peripheral.o(.text) referenced from user_peripheral.o(.text)
 <LI><a href="#[a7]">app_custs1_create_db</a> from app_customs.o(.text) referenced from user_custs_config.o(.constdata)
 <LI><a href="#[a6]">app_custs1_process_handler</a> from app_customs_task.o(.text) referenced from app_entry_point.o(.constdata)
 <LI><a href="#[93]">app_diss_create_db</a> from app_diss.o(.text) referenced from app.o(.constdata)
 <LI><a href="#[a5]">app_diss_process_handler</a> from app_diss_task.o(.text) referenced from app_entry_point.o(.constdata)
 <LI><a href="#[a1]">app_entry_point_handler</a> from app_entry_point.o(.text) referenced from app_task.o(.constdata)
 <LI><a href="#[a3]">app_gap_process_handler</a> from app_task.o(.text) referenced from app_entry_point.o(.constdata)
 <LI><a href="#[a4]">app_timer_api_process_handler</a> from app_easy_timer.o(.text) referenced from app_entry_point.o(.constdata)
 <LI><a href="#[6a]">attc_l2cc_pdu_recv_handler_func</a> from da14585_symbols.txt(ABSOLUTE) referenced from jump_table.o(.constdata)
 <LI><a href="#[69]">atts_l2cc_pdu_recv_handler_func</a> from da14585_symbols.txt(ABSOLUTE) referenced from jump_table.o(.constdata)
 <LI><a href="#[bc]">atts_mtu_exc_req</a> from da14585_symbols.txt(ABSOLUTE) referenced from patch.o(.constdata)
 <LI><a href="#[78]">ba431_get_rand_func</a> from jump_table.o(.text) referenced from jump_table.o(.constdata)
 <LI><a href="#[6b]">crypto_init_func</a> from jump_table.o(.text) referenced from jump_table.o(.constdata)
 <LI><a href="#[91]">custs1_att_info_rsp_handler</a> from custs1_task.o(.text) referenced from custs1_task.o(.constdata)
 <LI><a href="#[89]">custs1_cleanup</a> from custs1.o(.text) referenced from custs1.o(.constdata)
 <LI><a href="#[88]">custs1_create</a> from custs1.o(.text) referenced from custs1.o(.constdata)
 <LI><a href="#[87]">custs1_destroy</a> from custs1.o(.text) referenced from custs1.o(.constdata)
 <LI><a href="#[86]">custs1_init</a> from custs1.o(.text) referenced from custs1.o(.constdata)
 <LI><a href="#[90]">custs1_val_ind_req_handler</a> from custs1_task.o(.text) referenced from custs1_task.o(.constdata)
 <LI><a href="#[8e]">custs1_val_ntf_req_handler</a> from custs1_task.o(.text) referenced from custs1_task.o(.constdata)
 <LI><a href="#[8f]">custs1_val_set_req_handler</a> from custs1_task.o(.text) referenced from custs1_task.o(.constdata)
 <LI><a href="#[92]">custs1_value_req_rsp_handler</a> from custs1_task.o(.text) referenced from custs1_task.o(.constdata)
 <LI><a href="#[60]">dbg_init_func_empty</a> from jump_table.o(.text) referenced from jump_table.o(.constdata)
 <LI><a href="#[61]">dbg_platform_reset_complete_func_empty</a> from jump_table.o(.text) referenced from jump_table.o(.constdata)
 <LI><a href="#[76]">dia_rand_func</a> from jump_table.o(.text) referenced from jump_table.o(.constdata)
 <LI><a href="#[77]">dia_srand_func</a> from jump_table.o(.text) referenced from jump_table.o(.constdata)
 <LI><a href="#[82]">diss_cleanup</a> from diss.o(.text) referenced from diss.o(.constdata)
 <LI><a href="#[81]">diss_create</a> from diss.o(.text) referenced from diss.o(.constdata)
 <LI><a href="#[80]">diss_destroy</a> from diss.o(.text) referenced from diss.o(.constdata)
 <LI><a href="#[7f]">diss_init</a> from diss.o(.text) referenced from diss.o(.constdata)
 <LI><a href="#[83]">diss_set_value_req_handler</a> from diss_task.o(.text) referenced from diss_task.o(.constdata)
 <LI><a href="#[85]">diss_value_cfm_handler</a> from diss_task.o(.text) referenced from diss_task.o(.constdata)
 <LI><a href="#[a2]">diss_value_req_ind_handler</a> from app_diss_task.o(.text) referenced from app_diss_task.o(.constdata)
 <LI><a href="#[96]">gapc_cmp_evt_handler</a> from app_task.o(.text) referenced from app_task.o(.constdata)
 <LI><a href="#[97]">gapc_connection_req_ind_handler</a> from app_task.o(.text) referenced from app_task.o(.constdata)
 <LI><a href="#[98]">gapc_disconnect_ind_handler</a> from app_task.o(.text) referenced from app_task.o(.constdata)
 <LI><a href="#[99]">gapc_get_dev_info_req_ind_handler</a> from app_task.o(.text) referenced from app_task.o(.constdata)
 <LI><a href="#[9e]">gapc_le_pkt_size_ind_handler</a> from app_task.o(.text) referenced from app_task.o(.constdata)
 <LI><a href="#[68]">gapc_lecb_connect_cfm_handler_func</a> from da14585_symbols.txt(ABSOLUTE) referenced from jump_table.o(.constdata)
 <LI><a href="#[9d]">gapc_param_update_req_ind_handler</a> from app_task.o(.text) referenced from app_task.o(.constdata)
 <LI><a href="#[a0]">gapc_peer_features_ind_handler</a> from app_task.o(.text) referenced from app_task.o(.constdata)
 <LI><a href="#[9a]">gapc_set_dev_info_req_ind_handler</a> from app_task.o(.text) referenced from app_task.o(.constdata)
 <LI><a href="#[9c]">gapm_adv_report_ind_handler</a> from app_task.o(.text) referenced from app_task.o(.constdata)
 <LI><a href="#[c5]">gapm_adv_sanity</a> from da14585_symbols.txt(ABSOLUTE) referenced from patch.o(.constdata)
 <LI><a href="#[95]">gapm_cmp_evt_handler</a> from app_task.o(.text) referenced from app_task.o(.constdata)
 <LI><a href="#[94]">gapm_device_ready_ind_handler</a> from app_task.o(.text) referenced from app_task.o(.constdata)
 <LI><a href="#[c1]">gapm_get_ad_type_flag</a> from da14585_symbols.txt(ABSOLUTE) referenced from patch.o(.constdata)
 <LI><a href="#[9b]">gapm_profile_added_ind_handler</a> from app_task.o(.text) referenced from app_task.o(.constdata)
 <LI><a href="#[8c]">gattc_att_info_req_ind_handler</a> from custs1_task.o(.text) referenced from custs1_task.o(.constdata)
 <LI><a href="#[8d]">gattc_cmp_evt_handler</a> from custs1_task.o(.text) referenced from custs1_task.o(.constdata)
 <LI><a href="#[84]">gattc_read_req_ind_handler</a> from diss_task.o(.text) referenced 2 times from diss_task.o(.constdata)
 <LI><a href="#[9f]">gattc_svc_changed_cfg_ind_handler</a> from app_task.o(.text) referenced from app_task.o(.constdata)
 <LI><a href="#[8b]">gattc_write_req_ind_handler</a> from custs1_task.o(.text) referenced from custs1_task.o(.constdata)
 <LI><a href="#[3a]">gtl_eif_init_func</a> from da14585_symbols.txt(ABSOLUTE) referenced from jump_table.o(.constdata)
 <LI><a href="#[3c]">gtl_eif_read_hdr_func</a> from da14585_symbols.txt(ABSOLUTE) referenced from jump_table.o(.constdata)
 <LI><a href="#[3d]">gtl_eif_read_payl_func</a> from da14585_symbols.txt(ABSOLUTE) referenced from jump_table.o(.constdata)
 <LI><a href="#[3b]">gtl_eif_read_start_func</a> from da14585_symbols.txt(ABSOLUTE) referenced from jump_table.o(.constdata)
 <LI><a href="#[3f]">gtl_eif_rx_done_func</a> from da14585_symbols.txt(ABSOLUTE) referenced from jump_table.o(.constdata)
 <LI><a href="#[3e]">gtl_eif_tx_done_func</a> from da14585_symbols.txt(ABSOLUTE) referenced from jump_table.o(.constdata)
 <LI><a href="#[39]">gtl_init_func</a> from da14585_symbols.txt(ABSOLUTE) referenced from jump_table.o(.constdata)
 <LI><a href="#[40]">h4tl_init_func</a> from da14585_symbols.txt(ABSOLUTE) referenced from jump_table.o(.constdata)
 <LI><a href="#[45]">h4tl_out_of_sync_func</a> from da14585_symbols.txt(ABSOLUTE) referenced from jump_table.o(.constdata)
 <LI><a href="#[42]">h4tl_read_hdr_func</a> from da14585_symbols.txt(ABSOLUTE) referenced from jump_table.o(.constdata)
 <LI><a href="#[44]">h4tl_read_next_out_of_sync_func</a> from da14585_symbols.txt(ABSOLUTE) referenced from jump_table.o(.constdata)
 <LI><a href="#[43]">h4tl_read_payl_func</a> from da14585_symbols.txt(ABSOLUTE) referenced from jump_table.o(.constdata)
 <LI><a href="#[41]">h4tl_read_start_func</a> from da14585_symbols.txt(ABSOLUTE) referenced from jump_table.o(.constdata)
 <LI><a href="#[47]">h4tl_rx_done_func</a> from da14585_symbols.txt(ABSOLUTE) referenced from jump_table.o(.constdata)
 <LI><a href="#[46]">h4tl_tx_done_func</a> from da14585_symbols.txt(ABSOLUTE) referenced from jump_table.o(.constdata)
 <LI><a href="#[62]">hci_rd_local_supp_feats_cmd_handler_func</a> from da14585_symbols.txt(ABSOLUTE) referenced from jump_table.o(.constdata)
 <LI><a href="#[48]">ke_task_init_func</a> from da14585_symbols.txt(ABSOLUTE) referenced from jump_table.o(.constdata)
 <LI><a href="#[49]">ke_timer_init_func</a> from da14585_symbols.txt(ABSOLUTE) referenced from jump_table.o(.constdata)
 <LI><a href="#[66]">l2c_process_sdu_func</a> from da14585_symbols.txt(ABSOLUTE) referenced from jump_table.o(.constdata)
 <LI><a href="#[65]">l2c_send_lecb_message_func</a> from da14585_symbols.txt(ABSOLUTE) referenced from jump_table.o(.constdata)
 <LI><a href="#[63]">l2cc_pdu_pack_func</a> from da14585_symbols.txt(ABSOLUTE) referenced from jump_table.o(.constdata)
 <LI><a href="#[c6]">llc_ch_map_req_ind</a> from da14585_symbols.txt(ABSOLUTE) referenced from patch.o(.constdata)
 <LI><a href="#[72]">llc_le_length_conn_init_func</a> from da14585_symbols.txt(ABSOLUTE) referenced from jump_table.o(.constdata)
 <LI><a href="#[75]">llc_pdu_send_func</a> from da14585_symbols.txt(ABSOLUTE) referenced from jump_table.o(.constdata)
 <LI><a href="#[c2]">llc_util_gen_skdx</a> from da14585_symbols.txt(ABSOLUTE) referenced from patch.o(.constdata)
 <LI><a href="#[74]">lld_data_tx_check_func</a> from da14585_symbols.txt(ABSOLUTE) referenced from jump_table.o(.constdata)
 <LI><a href="#[73]">lld_data_tx_prog_func</a> from da14585_symbols.txt(ABSOLUTE) referenced from jump_table.o(.constdata)
 <LI><a href="#[c3]">lld_evt_move_to_master</a> from da14585_symbols.txt(ABSOLUTE) referenced from patch.o(.constdata)
 <LI><a href="#[51]">lld_sleep_compensate_func</a> from rwble.o(.text) referenced from jump_table.o(.constdata)
 <LI><a href="#[52]">lld_sleep_init_func</a> from arch_system.o(.text) referenced from jump_table.o(.constdata)
 <LI><a href="#[54]">lld_sleep_lpcycles_2_us_sel_func</a> from arch_system.o(.text) referenced from jump_table.o(.constdata)
 <LI><a href="#[53]">lld_sleep_us_2_lpcycles_sel_func</a> from arch_system.o(.text) referenced from jump_table.o(.constdata)
 <LI><a href="#[57]">lld_test_mode_rx_func</a> from da14585_symbols.txt(ABSOLUTE) referenced from jump_table.o(.constdata)
 <LI><a href="#[56]">lld_test_mode_tx_func</a> from da14585_symbols.txt(ABSOLUTE) referenced from jump_table.o(.constdata)
 <LI><a href="#[55]">lld_test_stop_func</a> from da14585_symbols.txt(ABSOLUTE) referenced from jump_table.o(.constdata)
 <LI><a href="#[c4]">llm_adv_report_set</a> from da14585_symbols.txt(ABSOLUTE) referenced from patch.o(.constdata)
 <LI><a href="#[c7]">llm_con_req_ind</a> from da14585_symbols.txt(ABSOLUTE) referenced from patch.o(.constdata)
 <LI><a href="#[6f]">llm_create_p256_key_func</a> from patch.o(.text) referenced from jump_table.o(.constdata)
 <LI><a href="#[4a]">llm_encryption_done_func</a> from da14585_symbols.txt(ABSOLUTE) referenced from jump_table.o(.constdata)
 <LI><a href="#[6c]">llm_le_adv_report_ind_func</a> from da14585_symbols.txt(ABSOLUTE) referenced from jump_table.o(.constdata)
 <LI><a href="#[70]">llm_p256_req_handler_func</a> from patch.o(.text) referenced from jump_table.o(.constdata)
 <LI><a href="#[6e]">llm_p256_start_func</a> from da14585_symbols.txt(ABSOLUTE) referenced from jump_table.o(.constdata)
 <LI><a href="#[1e]">main</a> from arch_main.o(.text) referenced from entry9a.o(.ARM.Collect$$$$0000000B)
 <LI><a href="#[79]">modulationGainCalibration_func</a> from da14585_symbols.txt(ABSOLUTE) referenced from jump_table.o(.constdata)
 <LI><a href="#[4d]">nvds_del_func</a> from nvds.o(.text) referenced from jump_table.o(.constdata)
 <LI><a href="#[4b]">nvds_get_func</a> from nvds.o(.text) referenced from jump_table.o(.constdata)
 <LI><a href="#[4e]">nvds_init_func</a> from nvds.o(.text) referenced from jump_table.o(.constdata)
 <LI><a href="#[4c]">nvds_put_func</a> from nvds.o(.text) referenced from jump_table.o(.constdata)
 <LI><a href="#[2f]">param_update_request_timer_cb</a> from user_peripheral.o(.text) referenced from user_peripheral.o(.text)
 <LI><a href="#[50]">platform_reset_func</a> from jump_table.o(.text) referenced from jump_table.o(.constdata)
 <LI><a href="#[5b]">prf_add_profile_func</a> from prf.o(.text) referenced from jump_table.o(.constdata)
 <LI><a href="#[5d]">prf_cleanup_func</a> from prf.o(.text) referenced from jump_table.o(.constdata)
 <LI><a href="#[5c]">prf_create_func</a> from prf.o(.text) referenced from jump_table.o(.constdata)
 <LI><a href="#[5e]">prf_get_id_from_task_func</a> from prf.o(.text) referenced from jump_table.o(.constdata)
 <LI><a href="#[5f]">prf_get_task_from_id_func</a> from prf.o(.text) referenced from jump_table.o(.constdata)
 <LI><a href="#[5a]">prf_init_func</a> from prf.o(.text) referenced from jump_table.o(.constdata)
 <LI><a href="#[29]">rf_force_agc_enable</a> from rf_585.o(.text) referenced from rf_585.o(.text)
 <LI><a href="#[30]">rf_init_func</a> from rf_585.o(.text) referenced from jump_table.o(.constdata)
 <LI><a href="#[23]">rf_reg_rd</a> from rf_585.o(.text) referenced from rf_585.o(.text)
 <LI><a href="#[24]">rf_reg_wr</a> from rf_585.o(.text) referenced from rf_585.o(.text)
 <LI><a href="#[31]">rf_reinit_func</a> from rf_585.o(.text) referenced from jump_table.o(.constdata)
 <LI><a href="#[27]">rf_reset</a> from rf_585.o(.text) referenced from rf_585.o(.text)
 <LI><a href="#[2a]">rf_rssi_convert</a> from rf_585.o(.text) referenced from rf_585.o(.text)
 <LI><a href="#[26]">rf_sleep</a> from rf_585.o(.text) referenced from rf_585.o(.text)
 <LI><a href="#[25]">rf_txpwr_dbm_get</a> from rf_585.o(.text) referenced from rf_585.o(.text)
 <LI><a href="#[7]">rwble_isr</a> from rwble.o(.text) referenced from startup_da14585_586.o(RESET)
 <LI><a href="#[4f]">rwip_eif_get_func</a> from da14585_symbols.txt(ABSOLUTE) referenced from jump_table.o(.constdata)
 <LI><a href="#[bf]">smpc_check_key_distrib</a> from da14585_symbols.txt(ABSOLUTE) referenced from patch.o(.constdata)
 <LI><a href="#[58]">smpc_check_param_func</a> from da14585_symbols.txt(ABSOLUTE) referenced from jump_table.o(.constdata)
 <LI><a href="#[c0]">smpc_construct_id_addr_info_pdu</a> from da14585_symbols.txt(ABSOLUTE) referenced from patch.o(.constdata)
 <LI><a href="#[7d]">smpc_dhkey_calc_ind_func</a> from da14585_symbols.txt(ABSOLUTE) referenced from jump_table.o(.constdata)
 <LI><a href="#[bd]">smpc_dhkey_calc_start</a> from da14585_symbols.txt(ABSOLUTE) referenced from patch.o(.constdata)
 <LI><a href="#[be]">smpc_is_sec_mode_reached</a> from da14585_symbols.txt(ABSOLUTE) referenced from patch.o(.constdata)
 <LI><a href="#[59]">smpc_pdu_recv_func</a> from da14585_symbols.txt(ABSOLUTE) referenced from jump_table.o(.constdata)
 <LI><a href="#[7c]">smpc_public_key_exchange_start_func</a> from da14585_symbols.txt(ABSOLUTE) referenced from jump_table.o(.constdata)
 <LI><a href="#[c8]">smpc_recv_pair_rand_pdu</a> from da14585_symbols.txt(ABSOLUTE) referenced from patch.o(.constdata)
 <LI><a href="#[c9]">smpc_recv_public_key_exchange_pdu</a> from da14585_symbols.txt(ABSOLUTE) referenced from patch.o(.constdata)
 <LI><a href="#[7e]">smpm_ecdh_key_create_func_empty</a> from jump_table.o(.text) referenced from jump_table.o(.constdata)
 <LI><a href="#[2c]">timer_canceled_handler</a> from app_easy_timer.o(.text) referenced from app_easy_timer.o(.text)
 <LI><a href="#[2b]">timer_modified_handler</a> from app_easy_timer.o(.text) referenced from app_easy_timer.o(.text)
 <LI><a href="#[35]">uart_finish_transfers_func</a> from da14585_symbols.txt(ABSOLUTE) referenced from jump_table.o(.constdata)
 <LI><a href="#[34]">uart_flow_off_func</a> from da14585_symbols.txt(ABSOLUTE) referenced from jump_table.o(.constdata)
 <LI><a href="#[33]">uart_flow_on_func</a> from da14585_symbols.txt(ABSOLUTE) referenced from jump_table.o(.constdata)
 <LI><a href="#[32]">uart_init_func</a> from da14585_symbols.txt(ABSOLUTE) referenced from jump_table.o(.constdata)
 <LI><a href="#[36]">uart_read_func</a> from da14585_symbols.txt(ABSOLUTE) referenced from jump_table.o(.constdata)
 <LI><a href="#[37]">uart_write_func</a> from da14585_symbols.txt(ABSOLUTE) referenced from jump_table.o(.constdata)
</UL>
<P>
<H3>
Global Symbols
</H3>
<P><STRONG><a name="[4f]"></a>rwip_eif_get_func</STRONG> (Thumb, 0 bytes, Stack size 0 bytes, da14585_symbols.txt(ABSOLUTE), UNUSED)
<BR>[Address Reference Count : 1]<UL><LI> jump_table.o(.constdata)
</UL>
<P><STRONG><a name="[f0]"></a>ble_init</STRONG> (Thumb, 0 bytes, Stack size 0 bytes, da14585_symbols.txt(ABSOLUTE))
<BR><BR>[Called By]<UL><LI><a href="#[d4]">&gt;&gt;</a>&nbsp;&nbsp;&nbsp;system_init
</UL>

<P><STRONG><a name="[121]"></a>ble_regs_push</STRONG> (Thumb, 0 bytes, Stack size 0 bytes, da14585_symbols.txt(ABSOLUTE))
<BR><BR>[Called By]<UL><LI><a href="#[120]">&gt;&gt;</a>&nbsp;&nbsp;&nbsp;patched_ble_regs_push
</UL>

<P><STRONG><a name="[122]"></a>ble_regs_pop</STRONG> (Thumb, 0 bytes, Stack size 0 bytes, da14585_symbols.txt(ABSOLUTE))
<BR><BR>[Called By]<UL><LI><a href="#[116]">&gt;&gt;</a>&nbsp;&nbsp;&nbsp;patched_ble_regs_pop
</UL>

<P><STRONG><a name="[11e]"></a>rf_reinit</STRONG> (Thumb, 0 bytes, Stack size 0 bytes, da14585_symbols.txt(ABSOLUTE))
<BR><BR>[Called By]<UL><LI><a href="#[7]">&gt;&gt;</a>&nbsp;&nbsp;&nbsp;rwble_isr
</UL>

<P><STRONG><a name="[1b6]"></a>smpc_pdu_recv</STRONG> (Thumb, 0 bytes, Stack size 0 bytes, da14585_symbols.txt(ABSOLUTE))
<BR><BR>[Called By]<UL><LI><a href="#[67]">&gt;&gt;</a>&nbsp;&nbsp;&nbsp;JT_l2cc_pdu_recv_ind_handler_func
</UL>

<P><STRONG><a name="[8]"></a>UART_Handler</STRONG> (Thumb, 0 bytes, Stack size 0 bytes, da14585_symbols.txt(ABSOLUTE), UNUSED)
<BR>[Address Reference Count : 1]<UL><LI> startup_da14585_586.o(RESET)
</UL>
<P><STRONG><a name="[1aa]"></a>platform_reset</STRONG> (Thumb, 0 bytes, Stack size 0 bytes, da14585_symbols.txt(ABSOLUTE))
<BR><BR>[Called By]<UL><LI><a href="#[ab]">&gt;&gt;</a>&nbsp;&nbsp;&nbsp;PATCHED_gapm_reset_cmd_handler
</UL>

<P><STRONG><a name="[184]"></a>prf_get_task_from_id</STRONG> (Thumb, 0 bytes, Stack size 0 bytes, da14585_symbols.txt(ABSOLUTE))
<BR><BR>[Called By]<UL><LI><a href="#[2e]">&gt;&gt;</a>&nbsp;&nbsp;&nbsp;app_adcval1_timer_cb_handler
<LI><a href="#[187]">&gt;&gt;</a>&nbsp;&nbsp;&nbsp;user_svc3_read_non_db_val_handler
<LI><a href="#[183]">&gt;&gt;</a>&nbsp;&nbsp;&nbsp;user_svc1_long_val_cfg_ind_handler
</UL>

<P><STRONG><a name="[1af]"></a>l2cc_pdu_unpack</STRONG> (Thumb, 0 bytes, Stack size 0 bytes, da14585_symbols.txt(ABSOLUTE))
<BR><BR>[Called By]<UL><LI><a href="#[a9]">&gt;&gt;</a>&nbsp;&nbsp;&nbsp;PATCHED_hci_acl_data_rx_handler
</UL>

<P><STRONG><a name="[1b2]"></a>l2c_send_lecb_message</STRONG> (Thumb, 0 bytes, Stack size 0 bytes, da14585_symbols.txt(ABSOLUTE))
<BR><BR>[Called By]<UL><LI><a href="#[a9]">&gt;&gt;</a>&nbsp;&nbsp;&nbsp;PATCHED_hci_acl_data_rx_handler
</UL>

<P><STRONG><a name="[1b0]"></a>l2c_process_sdu</STRONG> (Thumb, 0 bytes, Stack size 0 bytes, da14585_symbols.txt(ABSOLUTE))
<BR><BR>[Called By]<UL><LI><a href="#[a9]">&gt;&gt;</a>&nbsp;&nbsp;&nbsp;PATCHED_hci_acl_data_rx_handler
</UL>

<P><STRONG><a name="[1a0]"></a>PK_PointMult</STRONG> (Thumb, 0 bytes, Stack size 0 bytes, da14585_symbols.txt(ABSOLUTE))
<BR><BR>[Called By]<UL><LI><a href="#[6f]">&gt;&gt;</a>&nbsp;&nbsp;&nbsp;llm_create_p256_key_func
</UL>

<P><STRONG><a name="[1a6]"></a>llm_p256_start</STRONG> (Thumb, 0 bytes, Stack size 0 bytes, da14585_symbols.txt(ABSOLUTE))
<BR><BR>[Called By]<UL><LI><a href="#[70]">&gt;&gt;</a>&nbsp;&nbsp;&nbsp;llm_p256_req_handler_func
</UL>

<P><STRONG><a name="[1a2]"></a>llm_create_p256_key</STRONG> (Thumb, 0 bytes, Stack size 0 bytes, da14585_symbols.txt(ABSOLUTE))
<BR><BR>[Called By]<UL><LI><a href="#[70]">&gt;&gt;</a>&nbsp;&nbsp;&nbsp;llm_p256_req_handler_func
</UL>

<P><STRONG><a name="[da]"></a>dia_rand</STRONG> (Thumb, 0 bytes, Stack size 0 bytes, da14585_symbols.txt(ABSOLUTE))
<BR><BR>[Called By]<UL><LI><a href="#[78]">&gt;&gt;</a>&nbsp;&nbsp;&nbsp;ba431_get_rand_func
<LI><a href="#[b4]">&gt;&gt;</a>&nbsp;&nbsp;&nbsp;PATCHED_llc_util_gen_skdx
</UL>

<P><STRONG><a name="[ee]"></a>dia_srand</STRONG> (Thumb, 0 bytes, Stack size 0 bytes, da14585_symbols.txt(ABSOLUTE))
<BR><BR>[Called By]<UL><LI><a href="#[d4]">&gt;&gt;</a>&nbsp;&nbsp;&nbsp;system_init
<LI><a href="#[f1]">&gt;&gt;</a>&nbsp;&nbsp;&nbsp;init_rand_seed_from_trng
</UL>

<P><STRONG><a name="[19f]"></a>ba431_get_rand</STRONG> (Thumb, 0 bytes, Stack size 0 bytes, da14585_symbols.txt(ABSOLUTE))
<BR><BR>[Called By]<UL><LI><a href="#[6f]">&gt;&gt;</a>&nbsp;&nbsp;&nbsp;llm_create_p256_key_func
</UL>

<P><STRONG><a name="[1d7]"></a>modulationGainCalibration</STRONG> (Thumb, 0 bytes, Stack size 0 bytes, da14585_symbols.txt(ABSOLUTE))
<BR><BR>[Called By]<UL><LI><a href="#[e3]">&gt;&gt;</a>&nbsp;&nbsp;&nbsp;rf_calibration_585
</UL>

<P><STRONG><a name="[110]"></a>DCoffsetCalibration</STRONG> (Thumb, 0 bytes, Stack size 0 bytes, da14585_symbols.txt(ABSOLUTE))
<BR><BR>[Called By]<UL><LI><a href="#[e3]">&gt;&gt;</a>&nbsp;&nbsp;&nbsp;rf_calibration_585
<LI><a href="#[10e]">&gt;&gt;</a>&nbsp;&nbsp;&nbsp;trng_acquire
</UL>

<P><STRONG><a name="[111]"></a>PllLF_IFF_MIX_CapCalibration</STRONG> (Thumb, 0 bytes, Stack size 0 bytes, da14585_symbols.txt(ABSOLUTE))
<BR><BR>[Called By]<UL><LI><a href="#[e3]">&gt;&gt;</a>&nbsp;&nbsp;&nbsp;rf_calibration_585
<LI><a href="#[10e]">&gt;&gt;</a>&nbsp;&nbsp;&nbsp;trng_acquire
</UL>

<P><STRONG><a name="[1ab]"></a>smpm_ecdh_key_create</STRONG> (Thumb, 0 bytes, Stack size 0 bytes, da14585_symbols.txt(ABSOLUTE))
<BR><BR>[Called By]<UL><LI><a href="#[ab]">&gt;&gt;</a>&nbsp;&nbsp;&nbsp;PATCHED_gapm_reset_cmd_handler
</UL>

<P><STRONG><a name="[1b3]"></a>co_buf_rx_free</STRONG> (Thumb, 0 bytes, Stack size 0 bytes, da14585_symbols.txt(ABSOLUTE))
<BR><BR>[Called By]<UL><LI><a href="#[ad]">&gt;&gt;</a>&nbsp;&nbsp;&nbsp;PATCHED_llc_data_ind_handler
<LI><a href="#[a9]">&gt;&gt;</a>&nbsp;&nbsp;&nbsp;PATCHED_hci_acl_data_rx_handler
</UL>

<P><STRONG><a name="[196]"></a>co_buf_rx_buffer_get</STRONG> (Thumb, 0 bytes, Stack size 0 bytes, da14585_symbols.txt(ABSOLUTE))
<BR><BR>[Called By]<UL><LI><a href="#[b9]">&gt;&gt;</a>&nbsp;&nbsp;&nbsp;PATCHED_llm_con_req_ind
<LI><a href="#[b6]">&gt;&gt;</a>&nbsp;&nbsp;&nbsp;PATCHED_llm_adv_report_set
<LI><a href="#[a9]">&gt;&gt;</a>&nbsp;&nbsp;&nbsp;PATCHED_hci_acl_data_rx_handler
</UL>

<P><STRONG><a name="[13a]"></a>co_list_init</STRONG> (Thumb, 0 bytes, Stack size 0 bytes, da14585_symbols.txt(ABSOLUTE))
<BR><BR>[Called By]<UL><LI><a href="#[86]">&gt;&gt;</a>&nbsp;&nbsp;&nbsp;custs1_init
<LI><a href="#[7f]">&gt;&gt;</a>&nbsp;&nbsp;&nbsp;diss_init
</UL>

<P><STRONG><a name="[13c]"></a>co_list_pop_front</STRONG> (Thumb, 0 bytes, Stack size 0 bytes, da14585_symbols.txt(ABSOLUTE))
<BR><BR>[Called By]<UL><LI><a href="#[70]">&gt;&gt;</a>&nbsp;&nbsp;&nbsp;llm_p256_req_handler_func
<LI><a href="#[87]">&gt;&gt;</a>&nbsp;&nbsp;&nbsp;custs1_destroy
<LI><a href="#[80]">&gt;&gt;</a>&nbsp;&nbsp;&nbsp;diss_destroy
</UL>

<P><STRONG><a name="[140]"></a>co_list_push_back</STRONG> (Thumb, 0 bytes, Stack size 0 bytes, da14585_symbols.txt(ABSOLUTE))
<BR><BR>[Called By]<UL><LI><a href="#[149]">&gt;&gt;</a>&nbsp;&nbsp;&nbsp;custs1_att_set_value
<LI><a href="#[83]">&gt;&gt;</a>&nbsp;&nbsp;&nbsp;diss_set_value_req_handler
<LI><a href="#[a9]">&gt;&gt;</a>&nbsp;&nbsp;&nbsp;PATCHED_hci_acl_data_rx_handler
</UL>

<P><STRONG><a name="[13f]"></a>co_list_extract</STRONG> (Thumb, 0 bytes, Stack size 0 bytes, da14585_symbols.txt(ABSOLUTE))
<BR><BR>[Called By]<UL><LI><a href="#[149]">&gt;&gt;</a>&nbsp;&nbsp;&nbsp;custs1_att_set_value
<LI><a href="#[83]">&gt;&gt;</a>&nbsp;&nbsp;&nbsp;diss_set_value_req_handler
</UL>

<P><STRONG><a name="[72]"></a>llc_le_length_conn_init_func</STRONG> (Thumb, 0 bytes, Stack size 0 bytes, da14585_symbols.txt(ABSOLUTE), UNUSED)
<BR>[Address Reference Count : 1]<UL><LI> jump_table.o(.constdata)
</UL>
<P><STRONG><a name="[1ce]"></a>llc_start</STRONG> (Thumb, 0 bytes, Stack size 0 bytes, da14585_symbols.txt(ABSOLUTE))
<BR><BR>[Called By]<UL><LI><a href="#[b9]">&gt;&gt;</a>&nbsp;&nbsp;&nbsp;PATCHED_llm_con_req_ind
</UL>

<P><STRONG><a name="[1c2]"></a>llc_common_enc_key_ref_comp_evt_send</STRONG> (Thumb, 0 bytes, Stack size 0 bytes, da14585_symbols.txt(ABSOLUTE))
<BR><BR>[Called By]<UL><LI><a href="#[ad]">&gt;&gt;</a>&nbsp;&nbsp;&nbsp;PATCHED_llc_data_ind_handler
</UL>

<P><STRONG><a name="[1c3]"></a>llc_common_enc_change_evt_send</STRONG> (Thumb, 0 bytes, Stack size 0 bytes, da14585_symbols.txt(ABSOLUTE))
<BR><BR>[Called By]<UL><LI><a href="#[ad]">&gt;&gt;</a>&nbsp;&nbsp;&nbsp;PATCHED_llc_data_ind_handler
</UL>

<P><STRONG><a name="[1b9]"></a>llc_map_update_ind</STRONG> (Thumb, 0 bytes, Stack size 0 bytes, da14585_symbols.txt(ABSOLUTE))
<BR><BR>[Called By]<UL><LI><a href="#[b8]">&gt;&gt;</a>&nbsp;&nbsp;&nbsp;PATCHED_llc_ch_map_req_ind
</UL>

<P><STRONG><a name="[75]"></a>llc_pdu_send_func</STRONG> (Thumb, 0 bytes, Stack size 0 bytes, da14585_symbols.txt(ABSOLUTE), UNUSED)
<BR>[Address Reference Count : 1]<UL><LI> jump_table.o(.constdata)
</UL>
<P><STRONG><a name="[193]"></a>llc_length_rsp_pdu_send</STRONG> (Thumb, 0 bytes, Stack size 0 bytes, da14585_symbols.txt(ABSOLUTE))
<BR><BR>[Called By]<UL><LI><a href="#[a8]">&gt;&gt;</a>&nbsp;&nbsp;&nbsp;PATCHED_llcp_length_req_handler
</UL>

<P><STRONG><a name="[194]"></a>llc_length_ind</STRONG> (Thumb, 0 bytes, Stack size 0 bytes, da14585_symbols.txt(ABSOLUTE))
<BR><BR>[Called By]<UL><LI><a href="#[aa]">&gt;&gt;</a>&nbsp;&nbsp;&nbsp;PATCHED_llcp_length_rsp_handler
<LI><a href="#[a8]">&gt;&gt;</a>&nbsp;&nbsp;&nbsp;PATCHED_llcp_length_req_handler
</UL>

<P><STRONG><a name="[c6]"></a>llc_ch_map_req_ind</STRONG> (Thumb, 0 bytes, Stack size 0 bytes, da14585_symbols.txt(ABSOLUTE), UNUSED)
<BR>[Address Reference Count : 1]<UL><LI> patch.o(.constdata)
</UL>
<P><STRONG><a name="[1c4]"></a>llc_util_get_free_conhdl</STRONG> (Thumb, 0 bytes, Stack size 0 bytes, da14585_symbols.txt(ABSOLUTE))
<BR><BR>[Called By]<UL><LI><a href="#[b9]">&gt;&gt;</a>&nbsp;&nbsp;&nbsp;PATCHED_llm_con_req_ind
</UL>

<P><STRONG><a name="[192]"></a>llc_util_dicon_procedure</STRONG> (Thumb, 0 bytes, Stack size 0 bytes, da14585_symbols.txt(ABSOLUTE))
<BR><BR>[Called By]<UL><LI><a href="#[aa]">&gt;&gt;</a>&nbsp;&nbsp;&nbsp;PATCHED_llcp_length_rsp_handler
<LI><a href="#[a8]">&gt;&gt;</a>&nbsp;&nbsp;&nbsp;PATCHED_llcp_length_req_handler
<LI><a href="#[ad]">&gt;&gt;</a>&nbsp;&nbsp;&nbsp;PATCHED_llc_data_ind_handler
</UL>

<P><STRONG><a name="[c2]"></a>llc_util_gen_skdx</STRONG> (Thumb, 0 bytes, Stack size 0 bytes, da14585_symbols.txt(ABSOLUTE), UNUSED)
<BR>[Address Reference Count : 1]<UL><LI> patch.o(.constdata)
</UL>
<P><STRONG><a name="[1cf]"></a>llc_util_update_channel_map</STRONG> (Thumb, 0 bytes, Stack size 0 bytes, da14585_symbols.txt(ABSOLUTE))
<BR><BR>[Called By]<UL><LI><a href="#[b9]">&gt;&gt;</a>&nbsp;&nbsp;&nbsp;PATCHED_llm_con_req_ind
</UL>

<P><STRONG><a name="[1c1]"></a>lld_get_mode</STRONG> (Thumb, 0 bytes, Stack size 0 bytes, da14585_symbols.txt(ABSOLUTE))
<BR><BR>[Called By]<UL><LI><a href="#[ad]">&gt;&gt;</a>&nbsp;&nbsp;&nbsp;PATCHED_llc_data_ind_handler
</UL>

<P><STRONG><a name="[1cd]"></a>lld_move_to_slave</STRONG> (Thumb, 0 bytes, Stack size 0 bytes, da14585_symbols.txt(ABSOLUTE))
<BR><BR>[Called By]<UL><LI><a href="#[b9]">&gt;&gt;</a>&nbsp;&nbsp;&nbsp;PATCHED_llm_con_req_ind
</UL>

<P><STRONG><a name="[1b8]"></a>lld_ch_map_ind</STRONG> (Thumb, 0 bytes, Stack size 0 bytes, da14585_symbols.txt(ABSOLUTE))
<BR><BR>[Called By]<UL><LI><a href="#[b8]">&gt;&gt;</a>&nbsp;&nbsp;&nbsp;PATCHED_llc_ch_map_req_ind
</UL>

<P><STRONG><a name="[11c]"></a>lld_crypt_isr</STRONG> (Thumb, 0 bytes, Stack size 0 bytes, da14585_symbols.txt(ABSOLUTE))
<BR><BR>[Called By]<UL><LI><a href="#[7]">&gt;&gt;</a>&nbsp;&nbsp;&nbsp;rwble_isr
</UL>

<P><STRONG><a name="[56]"></a>lld_test_mode_tx_func</STRONG> (Thumb, 0 bytes, Stack size 0 bytes, da14585_symbols.txt(ABSOLUTE), UNUSED)
<BR>[Address Reference Count : 1]<UL><LI> jump_table.o(.constdata)
</UL>
<P><STRONG><a name="[57]"></a>lld_test_mode_rx_func</STRONG> (Thumb, 0 bytes, Stack size 0 bytes, da14585_symbols.txt(ABSOLUTE), UNUSED)
<BR>[Address Reference Count : 1]<UL><LI> jump_table.o(.constdata)
</UL>
<P><STRONG><a name="[55]"></a>lld_test_stop_func</STRONG> (Thumb, 0 bytes, Stack size 0 bytes, da14585_symbols.txt(ABSOLUTE), UNUSED)
<BR>[Address Reference Count : 1]<UL><LI> jump_table.o(.constdata)
</UL>
<P><STRONG><a name="[74]"></a>lld_data_tx_check_func</STRONG> (Thumb, 0 bytes, Stack size 0 bytes, da14585_symbols.txt(ABSOLUTE), UNUSED)
<BR>[Address Reference Count : 1]<UL><LI> jump_table.o(.constdata)
</UL>
<P><STRONG><a name="[73]"></a>lld_data_tx_prog_func</STRONG> (Thumb, 0 bytes, Stack size 0 bytes, da14585_symbols.txt(ABSOLUTE), UNUSED)
<BR>[Address Reference Count : 1]<UL><LI> jump_table.o(.constdata)
</UL>
<P><STRONG><a name="[198]"></a>lld_evt_elt_delete</STRONG> (Thumb, 0 bytes, Stack size 0 bytes, da14585_symbols.txt(ABSOLUTE))
<BR><BR>[Called By]<UL><LI><a href="#[b5]">&gt;&gt;</a>&nbsp;&nbsp;&nbsp;PATCHED_lld_evt_move_to_master
</UL>

<P><STRONG><a name="[19a]"></a>lld_evt_channel_next</STRONG> (Thumb, 0 bytes, Stack size 0 bytes, da14585_symbols.txt(ABSOLUTE))
<BR><BR>[Called By]<UL><LI><a href="#[b5]">&gt;&gt;</a>&nbsp;&nbsp;&nbsp;PATCHED_lld_evt_move_to_master
</UL>

<P><STRONG><a name="[1b7]"></a>lld_evt_schedule_next</STRONG> (Thumb, 0 bytes, Stack size 0 bytes, da14585_symbols.txt(ABSOLUTE))
<BR><BR>[Called By]<UL><LI><a href="#[b8]">&gt;&gt;</a>&nbsp;&nbsp;&nbsp;PATCHED_llc_ch_map_req_ind
</UL>

<P><STRONG><a name="[c3]"></a>lld_evt_move_to_master</STRONG> (Thumb, 0 bytes, Stack size 0 bytes, da14585_symbols.txt(ABSOLUTE), UNUSED)
<BR>[Address Reference Count : 1]<UL><LI> patch.o(.constdata)
</UL>
<P><STRONG><a name="[11b]"></a>lld_evt_timer_isr</STRONG> (Thumb, 0 bytes, Stack size 0 bytes, da14585_symbols.txt(ABSOLUTE))
<BR><BR>[Called By]<UL><LI><a href="#[7]">&gt;&gt;</a>&nbsp;&nbsp;&nbsp;rwble_isr
</UL>

<P><STRONG><a name="[119]"></a>lld_evt_end_isr</STRONG> (Thumb, 0 bytes, Stack size 0 bytes, da14585_symbols.txt(ABSOLUTE))
<BR><BR>[Called By]<UL><LI><a href="#[7]">&gt;&gt;</a>&nbsp;&nbsp;&nbsp;rwble_isr
</UL>

<P><STRONG><a name="[118]"></a>lld_evt_rx_isr</STRONG> (Thumb, 0 bytes, Stack size 0 bytes, da14585_symbols.txt(ABSOLUTE))
<BR><BR>[Called By]<UL><LI><a href="#[7]">&gt;&gt;</a>&nbsp;&nbsp;&nbsp;rwble_isr
</UL>

<P><STRONG><a name="[e4]"></a>lld_sleep_us_2_lpcycles_func</STRONG> (Thumb, 0 bytes, Stack size 0 bytes, da14585_symbols.txt(ABSOLUTE))
<BR><BR>[Called By]<UL><LI><a href="#[53]">&gt;&gt;</a>&nbsp;&nbsp;&nbsp;lld_sleep_us_2_lpcycles_sel_func
</UL>

<P><STRONG><a name="[e5]"></a>lld_sleep_lpcycles_2_us_func</STRONG> (Thumb, 0 bytes, Stack size 0 bytes, da14585_symbols.txt(ABSOLUTE))
<BR><BR>[Called By]<UL><LI><a href="#[54]">&gt;&gt;</a>&nbsp;&nbsp;&nbsp;lld_sleep_lpcycles_2_us_sel_func
</UL>

<P><STRONG><a name="[128]"></a>lld_sleep_enter</STRONG> (Thumb, 0 bytes, Stack size 0 bytes, da14585_symbols.txt(ABSOLUTE))
<BR><BR>[Called By]<UL><LI><a href="#[d8]">&gt;&gt;</a>&nbsp;&nbsp;&nbsp;rwip_sleep
</UL>

<P><STRONG><a name="[1d0]"></a>llm_wl_from_rl_restore</STRONG> (Thumb, 0 bytes, Stack size 0 bytes, da14585_symbols.txt(ABSOLUTE))
<BR><BR>[Called By]<UL><LI><a href="#[b9]">&gt;&gt;</a>&nbsp;&nbsp;&nbsp;PATCHED_llm_con_req_ind
</UL>

<P><STRONG><a name="[c7]"></a>llm_con_req_ind</STRONG> (Thumb, 0 bytes, Stack size 0 bytes, da14585_symbols.txt(ABSOLUTE), UNUSED)
<BR>[Address Reference Count : 1]<UL><LI> patch.o(.constdata)
</UL>
<P><STRONG><a name="[c4]"></a>llm_adv_report_set</STRONG> (Thumb, 0 bytes, Stack size 0 bytes, da14585_symbols.txt(ABSOLUTE), UNUSED)
<BR>[Address Reference Count : 1]<UL><LI> patch.o(.constdata)
</UL>
<P><STRONG><a name="[6c]"></a>llm_le_adv_report_ind_func</STRONG> (Thumb, 0 bytes, Stack size 0 bytes, da14585_symbols.txt(ABSOLUTE), UNUSED)
<BR>[Address Reference Count : 1]<UL><LI> jump_table.o(.constdata)
</UL>
<P><STRONG><a name="[4a]"></a>llm_encryption_done_func</STRONG> (Thumb, 0 bytes, Stack size 0 bytes, da14585_symbols.txt(ABSOLUTE), UNUSED)
<BR>[Address Reference Count : 1]<UL><LI> jump_table.o(.constdata)
</UL>
<P><STRONG><a name="[6e]"></a>llm_p256_start_func</STRONG> (Thumb, 0 bytes, Stack size 0 bytes, da14585_symbols.txt(ABSOLUTE), UNUSED)
<BR><BR>[Called By]<UL><LI><a href="#[1d8]">&gt;&gt;</a>&nbsp;&nbsp;&nbsp;JT_llm_p256_start_func
</UL>
<BR>[Address Reference Count : 1]<UL><LI> jump_table.o(.constdata)
</UL>
<P><STRONG><a name="[1c9]"></a>llm_wlpub_addr_set</STRONG> (Thumb, 0 bytes, Stack size 0 bytes, da14585_symbols.txt(ABSOLUTE))
<BR><BR>[Called By]<UL><LI><a href="#[b9]">&gt;&gt;</a>&nbsp;&nbsp;&nbsp;PATCHED_llm_con_req_ind
</UL>

<P><STRONG><a name="[1ca]"></a>llm_wlpriv_addr_set</STRONG> (Thumb, 0 bytes, Stack size 0 bytes, da14585_symbols.txt(ABSOLUTE))
<BR><BR>[Called By]<UL><LI><a href="#[b9]">&gt;&gt;</a>&nbsp;&nbsp;&nbsp;PATCHED_llm_con_req_ind
</UL>

<P><STRONG><a name="[62]"></a>hci_rd_local_supp_feats_cmd_handler_func</STRONG> (Thumb, 0 bytes, Stack size 0 bytes, da14585_symbols.txt(ABSOLUTE), UNUSED)
<BR>[Address Reference Count : 1]<UL><LI> jump_table.o(.constdata)
</UL>
<P><STRONG><a name="[1c8]"></a>llm_util_bd_addr_in_wl</STRONG> (Thumb, 0 bytes, Stack size 0 bytes, da14585_symbols.txt(ABSOLUTE))
<BR><BR>[Called By]<UL><LI><a href="#[b9]">&gt;&gt;</a>&nbsp;&nbsp;&nbsp;PATCHED_llm_con_req_ind
</UL>

<P><STRONG><a name="[1a1]"></a>llm_util_check_evt_mask</STRONG> (Thumb, 0 bytes, Stack size 0 bytes, da14585_symbols.txt(ABSOLUTE))
<BR><BR>[Called By]<UL><LI><a href="#[70]">&gt;&gt;</a>&nbsp;&nbsp;&nbsp;llm_p256_req_handler_func
</UL>

<P><STRONG><a name="[1cb]"></a>llm_util_bl_check</STRONG> (Thumb, 0 bytes, Stack size 0 bytes, da14585_symbols.txt(ABSOLUTE))
<BR><BR>[Called By]<UL><LI><a href="#[b9]">&gt;&gt;</a>&nbsp;&nbsp;&nbsp;PATCHED_llm_con_req_ind
</UL>

<P><STRONG><a name="[1cc]"></a>llm_util_bl_add</STRONG> (Thumb, 0 bytes, Stack size 0 bytes, da14585_symbols.txt(ABSOLUTE))
<BR><BR>[Called By]<UL><LI><a href="#[b9]">&gt;&gt;</a>&nbsp;&nbsp;&nbsp;PATCHED_llm_con_req_ind
</UL>

<P><STRONG><a name="[1c5]"></a>llm_util_rl_check</STRONG> (Thumb, 0 bytes, Stack size 0 bytes, da14585_symbols.txt(ABSOLUTE))
<BR><BR>[Called By]<UL><LI><a href="#[b9]">&gt;&gt;</a>&nbsp;&nbsp;&nbsp;PATCHED_llm_con_req_ind
</UL>

<P><STRONG><a name="[1c6]"></a>llm_util_rl_peer_find</STRONG> (Thumb, 0 bytes, Stack size 0 bytes, da14585_symbols.txt(ABSOLUTE))
<BR><BR>[Called By]<UL><LI><a href="#[b9]">&gt;&gt;</a>&nbsp;&nbsp;&nbsp;PATCHED_llm_con_req_ind
</UL>

<P><STRONG><a name="[1c7]"></a>llm_util_rl_peer_resolv</STRONG> (Thumb, 0 bytes, Stack size 0 bytes, da14585_symbols.txt(ABSOLUTE))
<BR><BR>[Called By]<UL><LI><a href="#[b9]">&gt;&gt;</a>&nbsp;&nbsp;&nbsp;PATCHED_llm_con_req_ind
</UL>

<P><STRONG><a name="[199]"></a>ea_time_get_halfslot_rounded</STRONG> (Thumb, 0 bytes, Stack size 0 bytes, da14585_symbols.txt(ABSOLUTE))
<BR><BR>[Called By]<UL><LI><a href="#[b5]">&gt;&gt;</a>&nbsp;&nbsp;&nbsp;PATCHED_lld_evt_move_to_master
</UL>

<P><STRONG><a name="[197]"></a>ea_interval_create</STRONG> (Thumb, 0 bytes, Stack size 0 bytes, da14585_symbols.txt(ABSOLUTE))
<BR><BR>[Called By]<UL><LI><a href="#[b5]">&gt;&gt;</a>&nbsp;&nbsp;&nbsp;PATCHED_lld_evt_move_to_master
</UL>

<P><STRONG><a name="[19b]"></a>ea_interval_insert</STRONG> (Thumb, 0 bytes, Stack size 0 bytes, da14585_symbols.txt(ABSOLUTE))
<BR><BR>[Called By]<UL><LI><a href="#[b5]">&gt;&gt;</a>&nbsp;&nbsp;&nbsp;PATCHED_lld_evt_move_to_master
</UL>

<P><STRONG><a name="[117]"></a>ea_finetimer_isr</STRONG> (Thumb, 0 bytes, Stack size 0 bytes, da14585_symbols.txt(ABSOLUTE))
<BR><BR>[Called By]<UL><LI><a href="#[7]">&gt;&gt;</a>&nbsp;&nbsp;&nbsp;rwble_isr
</UL>

<P><STRONG><a name="[11a]"></a>ea_sw_isr</STRONG> (Thumb, 0 bytes, Stack size 0 bytes, da14585_symbols.txt(ABSOLUTE))
<BR><BR>[Called By]<UL><LI><a href="#[7]">&gt;&gt;</a>&nbsp;&nbsp;&nbsp;rwble_isr
</UL>

<P><STRONG><a name="[d5]"></a>ea_sleep_check</STRONG> (Thumb, 0 bytes, Stack size 0 bytes, da14585_symbols.txt(ABSOLUTE))
<BR><BR>[Called By]<UL><LI><a href="#[d8]">&gt;&gt;</a>&nbsp;&nbsp;&nbsp;rwip_sleep
<LI><a href="#[1e]">&gt;&gt;</a>&nbsp;&nbsp;&nbsp;main
</UL>

<P><STRONG><a name="[32]"></a>uart_init_func</STRONG> (Thumb, 0 bytes, Stack size 0 bytes, da14585_symbols.txt(ABSOLUTE), UNUSED)
<BR>[Address Reference Count : 1]<UL><LI> jump_table.o(.constdata)
</UL>
<P><STRONG><a name="[33]"></a>uart_flow_on_func</STRONG> (Thumb, 0 bytes, Stack size 0 bytes, da14585_symbols.txt(ABSOLUTE), UNUSED)
<BR>[Address Reference Count : 1]<UL><LI> jump_table.o(.constdata)
</UL>
<P><STRONG><a name="[34]"></a>uart_flow_off_func</STRONG> (Thumb, 0 bytes, Stack size 0 bytes, da14585_symbols.txt(ABSOLUTE), UNUSED)
<BR>[Address Reference Count : 1]<UL><LI> jump_table.o(.constdata)
</UL>
<P><STRONG><a name="[35]"></a>uart_finish_transfers_func</STRONG> (Thumb, 0 bytes, Stack size 0 bytes, da14585_symbols.txt(ABSOLUTE), UNUSED)
<BR>[Address Reference Count : 1]<UL><LI> jump_table.o(.constdata)
</UL>
<P><STRONG><a name="[36]"></a>uart_read_func</STRONG> (Thumb, 0 bytes, Stack size 0 bytes, da14585_symbols.txt(ABSOLUTE), UNUSED)
<BR>[Address Reference Count : 1]<UL><LI> jump_table.o(.constdata)
</UL>
<P><STRONG><a name="[37]"></a>uart_write_func</STRONG> (Thumb, 0 bytes, Stack size 0 bytes, da14585_symbols.txt(ABSOLUTE), UNUSED)
<BR>[Address Reference Count : 1]<UL><LI> jump_table.o(.constdata)
</UL>
<P><STRONG><a name="[38]"></a>UART_Handler_func</STRONG> (Thumb, 0 bytes, Stack size 0 bytes, da14585_symbols.txt(ABSOLUTE), UNUSED)
<BR>[Address Reference Count : 1]<UL><LI> jump_table.o(.constdata)
</UL>
<P><STRONG><a name="[79]"></a>modulationGainCalibration_func</STRONG> (Thumb, 0 bytes, Stack size 0 bytes, da14585_symbols.txt(ABSOLUTE), UNUSED)
<BR>[Address Reference Count : 1]<UL><LI> jump_table.o(.constdata)
</UL>
<P><STRONG><a name="[7a]"></a>DCoffsetCalibration_func</STRONG> (Thumb, 0 bytes, Stack size 0 bytes, da14585_symbols.txt(ABSOLUTE), UNUSED)
<BR>[Address Reference Count : 1]<UL><LI> jump_table.o(.constdata)
</UL>
<P><STRONG><a name="[7b]"></a>PllLF_IFF_MIX_CapCalibration_func</STRONG> (Thumb, 0 bytes, Stack size 0 bytes, da14585_symbols.txt(ABSOLUTE), UNUSED)
<BR>[Address Reference Count : 1]<UL><LI> jump_table.o(.constdata)
</UL>
<P><STRONG><a name="[39]"></a>gtl_init_func</STRONG> (Thumb, 0 bytes, Stack size 0 bytes, da14585_symbols.txt(ABSOLUTE), UNUSED)
<BR>[Address Reference Count : 1]<UL><LI> jump_table.o(.constdata)
</UL>
<P><STRONG><a name="[3b]"></a>gtl_eif_read_start_func</STRONG> (Thumb, 0 bytes, Stack size 0 bytes, da14585_symbols.txt(ABSOLUTE), UNUSED)
<BR>[Address Reference Count : 1]<UL><LI> jump_table.o(.constdata)
</UL>
<P><STRONG><a name="[3c]"></a>gtl_eif_read_hdr_func</STRONG> (Thumb, 0 bytes, Stack size 0 bytes, da14585_symbols.txt(ABSOLUTE), UNUSED)
<BR>[Address Reference Count : 1]<UL><LI> jump_table.o(.constdata)
</UL>
<P><STRONG><a name="[3d]"></a>gtl_eif_read_payl_func</STRONG> (Thumb, 0 bytes, Stack size 0 bytes, da14585_symbols.txt(ABSOLUTE), UNUSED)
<BR>[Address Reference Count : 1]<UL><LI> jump_table.o(.constdata)
</UL>
<P><STRONG><a name="[3e]"></a>gtl_eif_tx_done_func</STRONG> (Thumb, 0 bytes, Stack size 0 bytes, da14585_symbols.txt(ABSOLUTE), UNUSED)
<BR>[Address Reference Count : 1]<UL><LI> jump_table.o(.constdata)
</UL>
<P><STRONG><a name="[3f]"></a>gtl_eif_rx_done_func</STRONG> (Thumb, 0 bytes, Stack size 0 bytes, da14585_symbols.txt(ABSOLUTE), UNUSED)
<BR>[Address Reference Count : 1]<UL><LI> jump_table.o(.constdata)
</UL>
<P><STRONG><a name="[3a]"></a>gtl_eif_init_func</STRONG> (Thumb, 0 bytes, Stack size 0 bytes, da14585_symbols.txt(ABSOLUTE), UNUSED)
<BR>[Address Reference Count : 1]<UL><LI> jump_table.o(.constdata)
</UL>
<P><STRONG><a name="[1a3]"></a>hci_send_2_host</STRONG> (Thumb, 0 bytes, Stack size 0 bytes, da14585_symbols.txt(ABSOLUTE))
<BR><BR>[Called By]<UL><LI><a href="#[70]">&gt;&gt;</a>&nbsp;&nbsp;&nbsp;llm_p256_req_handler_func
<LI><a href="#[ac]">&gt;&gt;</a>&nbsp;&nbsp;&nbsp;PATCHED_hci_command_handler
<LI><a href="#[ad]">&gt;&gt;</a>&nbsp;&nbsp;&nbsp;PATCHED_llc_data_ind_handler
</UL>

<P><STRONG><a name="[41]"></a>h4tl_read_start_func</STRONG> (Thumb, 0 bytes, Stack size 0 bytes, da14585_symbols.txt(ABSOLUTE), UNUSED)
<BR>[Address Reference Count : 1]<UL><LI> jump_table.o(.constdata)
</UL>
<P><STRONG><a name="[42]"></a>h4tl_read_hdr_func</STRONG> (Thumb, 0 bytes, Stack size 0 bytes, da14585_symbols.txt(ABSOLUTE), UNUSED)
<BR>[Address Reference Count : 1]<UL><LI> jump_table.o(.constdata)
</UL>
<P><STRONG><a name="[43]"></a>h4tl_read_payl_func</STRONG> (Thumb, 0 bytes, Stack size 0 bytes, da14585_symbols.txt(ABSOLUTE), UNUSED)
<BR>[Address Reference Count : 1]<UL><LI> jump_table.o(.constdata)
</UL>
<P><STRONG><a name="[44]"></a>h4tl_read_next_out_of_sync_func</STRONG> (Thumb, 0 bytes, Stack size 0 bytes, da14585_symbols.txt(ABSOLUTE), UNUSED)
<BR>[Address Reference Count : 1]<UL><LI> jump_table.o(.constdata)
</UL>
<P><STRONG><a name="[45]"></a>h4tl_out_of_sync_func</STRONG> (Thumb, 0 bytes, Stack size 0 bytes, da14585_symbols.txt(ABSOLUTE), UNUSED)
<BR>[Address Reference Count : 1]<UL><LI> jump_table.o(.constdata)
</UL>
<P><STRONG><a name="[46]"></a>h4tl_tx_done_func</STRONG> (Thumb, 0 bytes, Stack size 0 bytes, da14585_symbols.txt(ABSOLUTE), UNUSED)
<BR>[Address Reference Count : 1]<UL><LI> jump_table.o(.constdata)
</UL>
<P><STRONG><a name="[47]"></a>h4tl_rx_done_func</STRONG> (Thumb, 0 bytes, Stack size 0 bytes, da14585_symbols.txt(ABSOLUTE), UNUSED)
<BR>[Address Reference Count : 1]<UL><LI> jump_table.o(.constdata)
</UL>
<P><STRONG><a name="[40]"></a>h4tl_init_func</STRONG> (Thumb, 0 bytes, Stack size 0 bytes, da14585_symbols.txt(ABSOLUTE), UNUSED)
<BR>[Address Reference Count : 1]<UL><LI> jump_table.o(.constdata)
</UL>
<P><STRONG><a name="[6a]"></a>attc_l2cc_pdu_recv_handler_func</STRONG> (Thumb, 0 bytes, Stack size 0 bytes, da14585_symbols.txt(ABSOLUTE), UNUSED)
<BR>[Address Reference Count : 1]<UL><LI> jump_table.o(.constdata)
</UL>
<P><STRONG><a name="[12d]"></a>attmdb_add_service</STRONG> (Thumb, 0 bytes, Stack size 0 bytes, da14585_symbols.txt(ABSOLUTE))
<BR><BR>[Called By]<UL><LI><a href="#[12a]">&gt;&gt;</a>&nbsp;&nbsp;&nbsp;attm_svc_create_db_128
</UL>

<P><STRONG><a name="[131]"></a>attmdb_get_service</STRONG> (Thumb, 0 bytes, Stack size 0 bytes, da14585_symbols.txt(ABSOLUTE))
<BR><BR>[Called By]<UL><LI><a href="#[134]">&gt;&gt;</a>&nbsp;&nbsp;&nbsp;get_cfg_handle
<LI><a href="#[130]">&gt;&gt;</a>&nbsp;&nbsp;&nbsp;get_value_handle
</UL>

<P><STRONG><a name="[132]"></a>attmdb_get_attribute</STRONG> (Thumb, 0 bytes, Stack size 0 bytes, da14585_symbols.txt(ABSOLUTE))
<BR><BR>[Called By]<UL><LI><a href="#[8b]">&gt;&gt;</a>&nbsp;&nbsp;&nbsp;gattc_write_req_ind_handler
<LI><a href="#[134]">&gt;&gt;</a>&nbsp;&nbsp;&nbsp;get_cfg_handle
<LI><a href="#[130]">&gt;&gt;</a>&nbsp;&nbsp;&nbsp;get_value_handle
</UL>

<P><STRONG><a name="[12e]"></a>attmdb_att_set_value</STRONG> (Thumb, 0 bytes, Stack size 0 bytes, da14585_symbols.txt(ABSOLUTE))
<BR><BR>[Called By]<UL><LI><a href="#[12a]">&gt;&gt;</a>&nbsp;&nbsp;&nbsp;attm_svc_create_db_128
<LI><a href="#[8b]">&gt;&gt;</a>&nbsp;&nbsp;&nbsp;gattc_write_req_ind_handler
<LI><a href="#[8f]">&gt;&gt;</a>&nbsp;&nbsp;&nbsp;custs1_val_set_req_handler
</UL>

<P><STRONG><a name="[133]"></a>attmdb_get_uuid</STRONG> (Thumb, 0 bytes, Stack size 0 bytes, da14585_symbols.txt(ABSOLUTE))
<BR><BR>[Called By]<UL><LI><a href="#[134]">&gt;&gt;</a>&nbsp;&nbsp;&nbsp;get_cfg_handle
<LI><a href="#[130]">&gt;&gt;</a>&nbsp;&nbsp;&nbsp;get_value_handle
</UL>

<P><STRONG><a name="[14d]"></a>attmdb_att_get_permission</STRONG> (Thumb, 0 bytes, Stack size 0 bytes, da14585_symbols.txt(ABSOLUTE))
<BR><BR>[Called By]<UL><LI><a href="#[8b]">&gt;&gt;</a>&nbsp;&nbsp;&nbsp;gattc_write_req_ind_handler
</UL>

<P><STRONG><a name="[139]"></a>attm_svc_create_db</STRONG> (Thumb, 0 bytes, Stack size 0 bytes, da14585_symbols.txt(ABSOLUTE))
<BR><BR>[Called By]<UL><LI><a href="#[7f]">&gt;&gt;</a>&nbsp;&nbsp;&nbsp;diss_init
</UL>

<P><STRONG><a name="[bc]"></a>atts_mtu_exc_req</STRONG> (Thumb, 0 bytes, Stack size 0 bytes, da14585_symbols.txt(ABSOLUTE), UNUSED)
<BR>[Address Reference Count : 1]<UL><LI> patch.o(.constdata)
</UL>
<P><STRONG><a name="[69]"></a>atts_l2cc_pdu_recv_handler_func</STRONG> (Thumb, 0 bytes, Stack size 0 bytes, da14585_symbols.txt(ABSOLUTE), UNUSED)
<BR>[Address Reference Count : 1]<UL><LI> jump_table.o(.constdata)
</UL>
<P><STRONG><a name="[18e]"></a>atts_allocate_pdu</STRONG> (Thumb, 0 bytes, Stack size 0 bytes, da14585_symbols.txt(ABSOLUTE))
<BR><BR>[Called By]<UL><LI><a href="#[ae]">&gt;&gt;</a>&nbsp;&nbsp;&nbsp;PATCHED_atts_mtu_exc_req
</UL>

<P><STRONG><a name="[190]"></a>atts_send_pdu</STRONG> (Thumb, 0 bytes, Stack size 0 bytes, da14585_symbols.txt(ABSOLUTE))
<BR><BR>[Called By]<UL><LI><a href="#[ae]">&gt;&gt;</a>&nbsp;&nbsp;&nbsp;PATCHED_atts_mtu_exc_req
</UL>

<P><STRONG><a name="[191]"></a>gattc_set_mtu</STRONG> (Thumb, 0 bytes, Stack size 0 bytes, da14585_symbols.txt(ABSOLUTE))
<BR><BR>[Called By]<UL><LI><a href="#[ae]">&gt;&gt;</a>&nbsp;&nbsp;&nbsp;PATCHED_atts_mtu_exc_req
</UL>

<P><STRONG><a name="[18f]"></a>gattm_get_max_mtu</STRONG> (Thumb, 0 bytes, Stack size 0 bytes, da14585_symbols.txt(ABSOLUTE))
<BR><BR>[Called By]<UL><LI><a href="#[ae]">&gt;&gt;</a>&nbsp;&nbsp;&nbsp;PATCHED_atts_mtu_exc_req
<LI><a href="#[a9]">&gt;&gt;</a>&nbsp;&nbsp;&nbsp;PATCHED_hci_acl_data_rx_handler
</UL>

<P><STRONG><a name="[bf]"></a>smpc_check_key_distrib</STRONG> (Thumb, 0 bytes, Stack size 0 bytes, da14585_symbols.txt(ABSOLUTE), UNUSED)
<BR>[Address Reference Count : 1]<UL><LI> patch.o(.constdata)
</UL>
<P><STRONG><a name="[1bc]"></a>smpc_generate_e1</STRONG> (Thumb, 0 bytes, Stack size 0 bytes, da14585_symbols.txt(ABSOLUTE))
<BR><BR>[Called By]<UL><LI><a href="#[ba]">&gt;&gt;</a>&nbsp;&nbsp;&nbsp;PATCHED_smpc_recv_pair_rand_pdu
</UL>

<P><STRONG><a name="[1be]"></a>smpc_pairing_end</STRONG> (Thumb, 0 bytes, Stack size 0 bytes, da14585_symbols.txt(ABSOLUTE))
<BR><BR>[Called By]<UL><LI><a href="#[af]">&gt;&gt;</a>&nbsp;&nbsp;&nbsp;PATCHED_smpc_dhkey_calc_start
<LI><a href="#[bb]">&gt;&gt;</a>&nbsp;&nbsp;&nbsp;PATCHED_smpc_recv_public_key_exchange_pdu
<LI><a href="#[ba]">&gt;&gt;</a>&nbsp;&nbsp;&nbsp;PATCHED_smpc_recv_pair_rand_pdu
</UL>

<P><STRONG><a name="[1bd]"></a>smpc_pdu_send</STRONG> (Thumb, 0 bytes, Stack size 0 bytes, da14585_symbols.txt(ABSOLUTE))
<BR><BR>[Called By]<UL><LI><a href="#[af]">&gt;&gt;</a>&nbsp;&nbsp;&nbsp;PATCHED_smpc_dhkey_calc_start
<LI><a href="#[bb]">&gt;&gt;</a>&nbsp;&nbsp;&nbsp;PATCHED_smpc_recv_public_key_exchange_pdu
<LI><a href="#[ba]">&gt;&gt;</a>&nbsp;&nbsp;&nbsp;PATCHED_smpc_recv_pair_rand_pdu
</UL>

<P><STRONG><a name="[be]"></a>smpc_is_sec_mode_reached</STRONG> (Thumb, 0 bytes, Stack size 0 bytes, da14585_symbols.txt(ABSOLUTE), UNUSED)
<BR>[Address Reference Count : 1]<UL><LI> patch.o(.constdata)
</UL>
<P><STRONG><a name="[59]"></a>smpc_pdu_recv_func</STRONG> (Thumb, 0 bytes, Stack size 0 bytes, da14585_symbols.txt(ABSOLUTE), UNUSED)
<BR>[Address Reference Count : 1]<UL><LI> jump_table.o(.constdata)
</UL>
<P><STRONG><a name="[1ba]"></a>smpc_generate_f4</STRONG> (Thumb, 0 bytes, Stack size 0 bytes, da14585_symbols.txt(ABSOLUTE))
<BR><BR>[Called By]<UL><LI><a href="#[ba]">&gt;&gt;</a>&nbsp;&nbsp;&nbsp;PATCHED_smpc_recv_pair_rand_pdu
</UL>

<P><STRONG><a name="[1bf]"></a>smpc_generate_g2</STRONG> (Thumb, 0 bytes, Stack size 0 bytes, da14585_symbols.txt(ABSOLUTE))
<BR><BR>[Called By]<UL><LI><a href="#[ba]">&gt;&gt;</a>&nbsp;&nbsp;&nbsp;PATCHED_smpc_recv_pair_rand_pdu
</UL>

<P><STRONG><a name="[1c0]"></a>smpc_generate_f5</STRONG> (Thumb, 0 bytes, Stack size 0 bytes, da14585_symbols.txt(ABSOLUTE))
<BR><BR>[Called By]<UL><LI><a href="#[ba]">&gt;&gt;</a>&nbsp;&nbsp;&nbsp;PATCHED_smpc_recv_pair_rand_pdu
</UL>

<P><STRONG><a name="[1bb]"></a>gapc_get_role</STRONG> (Thumb, 0 bytes, Stack size 0 bytes, da14585_symbols.txt(ABSOLUTE))
<BR><BR>[Called By]<UL><LI><a href="#[af]">&gt;&gt;</a>&nbsp;&nbsp;&nbsp;PATCHED_smpc_dhkey_calc_start
<LI><a href="#[bb]">&gt;&gt;</a>&nbsp;&nbsp;&nbsp;PATCHED_smpc_recv_public_key_exchange_pdu
<LI><a href="#[ba]">&gt;&gt;</a>&nbsp;&nbsp;&nbsp;PATCHED_smpc_recv_pair_rand_pdu
</UL>

<P><STRONG><a name="[1ae]"></a>gapc_search_lecb_channel</STRONG> (Thumb, 0 bytes, Stack size 0 bytes, da14585_symbols.txt(ABSOLUTE))
<BR><BR>[Called By]<UL><LI><a href="#[a9]">&gt;&gt;</a>&nbsp;&nbsp;&nbsp;PATCHED_hci_acl_data_rx_handler
<LI><a href="#[1ac]">&gt;&gt;</a>&nbsp;&nbsp;&nbsp;l2cc_handle_invalid_pdu
</UL>

<P><STRONG><a name="[1b4]"></a>gapc_lecnx_check_rx</STRONG> (Thumb, 0 bytes, Stack size 0 bytes, da14585_symbols.txt(ABSOLUTE))
<BR><BR>[Called By]<UL><LI><a href="#[64]">&gt;&gt;</a>&nbsp;&nbsp;&nbsp;JT_l2cc_pdu_unpack_func
</UL>

<P><STRONG><a name="[1b5]"></a>l2cc_pdu_recv_ind_handler_func</STRONG> (Thumb, 0 bytes, Stack size 0 bytes, da14585_symbols.txt(ABSOLUTE))
<BR><BR>[Called By]<UL><LI><a href="#[67]">&gt;&gt;</a>&nbsp;&nbsp;&nbsp;JT_l2cc_pdu_recv_ind_handler_func
</UL>

<P><STRONG><a name="[68]"></a>gapc_lecb_connect_cfm_handler_func</STRONG> (Thumb, 0 bytes, Stack size 0 bytes, da14585_symbols.txt(ABSOLUTE), UNUSED)
<BR>[Address Reference Count : 1]<UL><LI> jump_table.o(.constdata)
</UL>
<P><STRONG><a name="[1a7]"></a>gapm_send_error_evt</STRONG> (Thumb, 0 bytes, Stack size 0 bytes, da14585_symbols.txt(ABSOLUTE))
<BR><BR>[Called By]<UL><LI><a href="#[ab]">&gt;&gt;</a>&nbsp;&nbsp;&nbsp;PATCHED_gapm_reset_cmd_handler
</UL>

<P><STRONG><a name="[c5]"></a>gapm_adv_sanity</STRONG> (Thumb, 0 bytes, Stack size 0 bytes, da14585_symbols.txt(ABSOLUTE), UNUSED)
<BR>[Address Reference Count : 1]<UL><LI> patch.o(.constdata)
</UL>
<P><STRONG><a name="[1a9]"></a>gapm_basic_hci_cmd_send</STRONG> (Thumb, 0 bytes, Stack size 0 bytes, da14585_symbols.txt(ABSOLUTE))
<BR><BR>[Called By]<UL><LI><a href="#[ab]">&gt;&gt;</a>&nbsp;&nbsp;&nbsp;PATCHED_gapm_reset_cmd_handler
</UL>

<P><STRONG><a name="[c1]"></a>gapm_get_ad_type_flag</STRONG> (Thumb, 0 bytes, Stack size 0 bytes, da14585_symbols.txt(ABSOLUTE), UNUSED)
<BR>[Address Reference Count : 1]<UL><LI> patch.o(.constdata)
</UL>
<P><STRONG><a name="[195]"></a>gapm_get_bdaddr</STRONG> (Thumb, 0 bytes, Stack size 0 bytes, da14585_symbols.txt(ABSOLUTE))
<BR><BR>[Called By]<UL><LI><a href="#[b2]">&gt;&gt;</a>&nbsp;&nbsp;&nbsp;PATCHED_smpc_construct_id_addr_info_pdu
</UL>

<P><STRONG><a name="[63]"></a>l2cc_pdu_pack_func</STRONG> (Thumb, 0 bytes, Stack size 0 bytes, da14585_symbols.txt(ABSOLUTE), UNUSED)
<BR>[Address Reference Count : 1]<UL><LI> jump_table.o(.constdata)
</UL>
<P><STRONG><a name="[1ad]"></a>l2cc_detect_dest</STRONG> (Thumb, 0 bytes, Stack size 0 bytes, da14585_symbols.txt(ABSOLUTE))
<BR><BR>[Called By]<UL><LI><a href="#[a9]">&gt;&gt;</a>&nbsp;&nbsp;&nbsp;PATCHED_hci_acl_data_rx_handler
<LI><a href="#[1ac]">&gt;&gt;</a>&nbsp;&nbsp;&nbsp;l2cc_handle_invalid_pdu
</UL>

<P><STRONG><a name="[66]"></a>l2c_process_sdu_func</STRONG> (Thumb, 0 bytes, Stack size 0 bytes, da14585_symbols.txt(ABSOLUTE), UNUSED)
<BR>[Address Reference Count : 1]<UL><LI> jump_table.o(.constdata)
</UL>
<P><STRONG><a name="[65]"></a>l2c_send_lecb_message_func</STRONG> (Thumb, 0 bytes, Stack size 0 bytes, da14585_symbols.txt(ABSOLUTE), UNUSED)
<BR>[Address Reference Count : 1]<UL><LI> jump_table.o(.constdata)
</UL>
<P><STRONG><a name="[58]"></a>smpc_check_param_func</STRONG> (Thumb, 0 bytes, Stack size 0 bytes, da14585_symbols.txt(ABSOLUTE), UNUSED)
<BR>[Address Reference Count : 1]<UL><LI> jump_table.o(.constdata)
</UL>
<P><STRONG><a name="[c0]"></a>smpc_construct_id_addr_info_pdu</STRONG> (Thumb, 0 bytes, Stack size 0 bytes, da14585_symbols.txt(ABSOLUTE), UNUSED)
<BR>[Address Reference Count : 1]<UL><LI> patch.o(.constdata)
</UL>
<P><STRONG><a name="[c8]"></a>smpc_recv_pair_rand_pdu</STRONG> (Thumb, 0 bytes, Stack size 0 bytes, da14585_symbols.txt(ABSOLUTE), UNUSED)
<BR>[Address Reference Count : 1]<UL><LI> patch.o(.constdata)
</UL>
<P><STRONG><a name="[c9]"></a>smpc_recv_public_key_exchange_pdu</STRONG> (Thumb, 0 bytes, Stack size 0 bytes, da14585_symbols.txt(ABSOLUTE), UNUSED)
<BR>[Address Reference Count : 1]<UL><LI> patch.o(.constdata)
</UL>
<P><STRONG><a name="[7c]"></a>smpc_public_key_exchange_start_func</STRONG> (Thumb, 0 bytes, Stack size 0 bytes, da14585_symbols.txt(ABSOLUTE), UNUSED)
<BR>[Address Reference Count : 1]<UL><LI> jump_table.o(.constdata)
</UL>
<P><STRONG><a name="[bd]"></a>smpc_dhkey_calc_start</STRONG> (Thumb, 0 bytes, Stack size 0 bytes, da14585_symbols.txt(ABSOLUTE))
<BR><BR>[Called By]<UL><LI><a href="#[bb]">&gt;&gt;</a>&nbsp;&nbsp;&nbsp;PATCHED_smpc_recv_public_key_exchange_pdu
</UL>
<BR>[Address Reference Count : 1]<UL><LI> patch.o(.constdata)
</UL>
<P><STRONG><a name="[7d]"></a>smpc_dhkey_calc_ind_func</STRONG> (Thumb, 0 bytes, Stack size 0 bytes, da14585_symbols.txt(ABSOLUTE), UNUSED)
<BR>[Address Reference Count : 1]<UL><LI> jump_table.o(.constdata)
</UL>
<P><STRONG><a name="[126]"></a>ke_sleep_check</STRONG> (Thumb, 0 bytes, Stack size 0 bytes, da14585_symbols.txt(ABSOLUTE))
<BR><BR>[Called By]<UL><LI><a href="#[d8]">&gt;&gt;</a>&nbsp;&nbsp;&nbsp;rwip_sleep
</UL>

<P><STRONG><a name="[d9]"></a>ke_mem_init</STRONG> (Thumb, 0 bytes, Stack size 0 bytes, da14585_symbols.txt(ABSOLUTE))
<BR><BR>[Called By]<UL><LI><a href="#[1e]">&gt;&gt;</a>&nbsp;&nbsp;&nbsp;main
</UL>

<P><STRONG><a name="[d2]"></a>ke_mem_is_empty</STRONG> (Thumb, 0 bytes, Stack size 0 bytes, da14585_symbols.txt(ABSOLUTE))
<BR><BR>[Called By]<UL><LI><a href="#[d1]">&gt;&gt;</a>&nbsp;&nbsp;&nbsp;arch_turn_peripherals_off
</UL>

<P><STRONG><a name="[12b]"></a>ke_malloc</STRONG> (Thumb, 0 bytes, Stack size 0 bytes, da14585_symbols.txt(ABSOLUTE))
<BR><BR>[Called By]<UL><LI><a href="#[12a]">&gt;&gt;</a>&nbsp;&nbsp;&nbsp;attm_svc_create_db_128
<LI><a href="#[149]">&gt;&gt;</a>&nbsp;&nbsp;&nbsp;custs1_att_set_value
<LI><a href="#[86]">&gt;&gt;</a>&nbsp;&nbsp;&nbsp;custs1_init
<LI><a href="#[83]">&gt;&gt;</a>&nbsp;&nbsp;&nbsp;diss_set_value_req_handler
<LI><a href="#[7f]">&gt;&gt;</a>&nbsp;&nbsp;&nbsp;diss_init
<LI><a href="#[a9]">&gt;&gt;</a>&nbsp;&nbsp;&nbsp;PATCHED_hci_acl_data_rx_handler
<LI><a href="#[1ac]">&gt;&gt;</a>&nbsp;&nbsp;&nbsp;l2cc_handle_invalid_pdu
</UL>

<P><STRONG><a name="[12f]"></a>ke_free</STRONG> (Thumb, 0 bytes, Stack size 0 bytes, da14585_symbols.txt(ABSOLUTE))
<BR><BR>[Called By]<UL><LI><a href="#[12a]">&gt;&gt;</a>&nbsp;&nbsp;&nbsp;attm_svc_create_db_128
<LI><a href="#[14b]">&gt;&gt;</a>&nbsp;&nbsp;&nbsp;custs1_exe_operation
<LI><a href="#[149]">&gt;&gt;</a>&nbsp;&nbsp;&nbsp;custs1_att_set_value
<LI><a href="#[87]">&gt;&gt;</a>&nbsp;&nbsp;&nbsp;custs1_destroy
<LI><a href="#[83]">&gt;&gt;</a>&nbsp;&nbsp;&nbsp;diss_set_value_req_handler
<LI><a href="#[80]">&gt;&gt;</a>&nbsp;&nbsp;&nbsp;diss_destroy
<LI><a href="#[a9]">&gt;&gt;</a>&nbsp;&nbsp;&nbsp;PATCHED_hci_acl_data_rx_handler
<LI><a href="#[1ac]">&gt;&gt;</a>&nbsp;&nbsp;&nbsp;l2cc_handle_invalid_pdu
</UL>

<P><STRONG><a name="[141]"></a>ke_msg_alloc</STRONG> (Thumb, 0 bytes, Stack size 0 bytes, da14585_symbols.txt(ABSOLUTE))
<BR><BR>[Called By]<UL><LI><a href="#[70]">&gt;&gt;</a>&nbsp;&nbsp;&nbsp;llm_p256_req_handler_func
<LI><a href="#[6f]">&gt;&gt;</a>&nbsp;&nbsp;&nbsp;llm_create_p256_key_func
<LI><a href="#[a2]">&gt;&gt;</a>&nbsp;&nbsp;&nbsp;diss_value_req_ind_handler
<LI><a href="#[16d]">&gt;&gt;</a>&nbsp;&nbsp;&nbsp;user_catch_rest_hndl
<LI><a href="#[9d]">&gt;&gt;</a>&nbsp;&nbsp;&nbsp;gapc_param_update_req_ind_handler
<LI><a href="#[9a]">&gt;&gt;</a>&nbsp;&nbsp;&nbsp;gapc_set_dev_info_req_ind_handler
<LI><a href="#[99]">&gt;&gt;</a>&nbsp;&nbsp;&nbsp;gapc_get_dev_info_req_ind_handler
<LI><a href="#[94]">&gt;&gt;</a>&nbsp;&nbsp;&nbsp;gapm_device_ready_ind_handler
<LI><a href="#[17d]">&gt;&gt;</a>&nbsp;&nbsp;&nbsp;app_easy_timer_cancel
<LI><a href="#[93]">&gt;&gt;</a>&nbsp;&nbsp;&nbsp;app_diss_create_db
<LI><a href="#[168]">&gt;&gt;</a>&nbsp;&nbsp;&nbsp;app_easy_gap_confirm
<LI><a href="#[164]">&gt;&gt;</a>&nbsp;&nbsp;&nbsp;app_easy_gap_update_adv_data
<LI><a href="#[166]">&gt;&gt;</a>&nbsp;&nbsp;&nbsp;app_easy_gap_dev_config_create_msg
<LI><a href="#[165]">&gt;&gt;</a>&nbsp;&nbsp;&nbsp;app_easy_gap_param_update_msg_create
<LI><a href="#[162]">&gt;&gt;</a>&nbsp;&nbsp;&nbsp;app_easy_gap_undirected_advertise_start_create_msg
<LI><a href="#[92]">&gt;&gt;</a>&nbsp;&nbsp;&nbsp;custs1_value_req_rsp_handler
<LI><a href="#[8c]">&gt;&gt;</a>&nbsp;&nbsp;&nbsp;gattc_att_info_req_ind_handler
<LI><a href="#[8b]">&gt;&gt;</a>&nbsp;&nbsp;&nbsp;gattc_write_req_ind_handler
<LI><a href="#[8a]">&gt;&gt;</a>&nbsp;&nbsp;&nbsp;gattc_read_req_ind_handler
<LI><a href="#[91]">&gt;&gt;</a>&nbsp;&nbsp;&nbsp;custs1_att_info_rsp_handler
<LI><a href="#[14b]">&gt;&gt;</a>&nbsp;&nbsp;&nbsp;custs1_exe_operation
<LI><a href="#[85]">&gt;&gt;</a>&nbsp;&nbsp;&nbsp;diss_value_cfm_handler
<LI><a href="#[84]">&gt;&gt;</a>&nbsp;&nbsp;&nbsp;gattc_read_req_ind_handler
<LI><a href="#[83]">&gt;&gt;</a>&nbsp;&nbsp;&nbsp;diss_set_value_req_handler
<LI><a href="#[2e]">&gt;&gt;</a>&nbsp;&nbsp;&nbsp;app_adcval1_timer_cb_handler
<LI><a href="#[187]">&gt;&gt;</a>&nbsp;&nbsp;&nbsp;user_svc3_read_non_db_val_handler
<LI><a href="#[186]">&gt;&gt;</a>&nbsp;&nbsp;&nbsp;user_svc1_rest_att_info_req_handler
<LI><a href="#[185]">&gt;&gt;</a>&nbsp;&nbsp;&nbsp;user_svc1_long_val_att_info_req_handler
<LI><a href="#[183]">&gt;&gt;</a>&nbsp;&nbsp;&nbsp;user_svc1_long_val_cfg_ind_handler
<LI><a href="#[a7]">&gt;&gt;</a>&nbsp;&nbsp;&nbsp;app_custs1_create_db
<LI><a href="#[17b]">&gt;&gt;</a>&nbsp;&nbsp;&nbsp;cancel_timer_handler
<LI><a href="#[177]">&gt;&gt;</a>&nbsp;&nbsp;&nbsp;create_timer
<LI><a href="#[af]">&gt;&gt;</a>&nbsp;&nbsp;&nbsp;PATCHED_smpc_dhkey_calc_start
<LI><a href="#[ac]">&gt;&gt;</a>&nbsp;&nbsp;&nbsp;PATCHED_hci_command_handler
<LI><a href="#[a9]">&gt;&gt;</a>&nbsp;&nbsp;&nbsp;PATCHED_hci_acl_data_rx_handler
<LI><a href="#[1ac]">&gt;&gt;</a>&nbsp;&nbsp;&nbsp;l2cc_handle_invalid_pdu
</UL>

<P><STRONG><a name="[142]"></a>ke_msg_send</STRONG> (Thumb, 0 bytes, Stack size 0 bytes, da14585_symbols.txt(ABSOLUTE))
<BR><BR>[Called By]<UL><LI><a href="#[6f]">&gt;&gt;</a>&nbsp;&nbsp;&nbsp;llm_create_p256_key_func
<LI><a href="#[a2]">&gt;&gt;</a>&nbsp;&nbsp;&nbsp;diss_value_req_ind_handler
<LI><a href="#[16d]">&gt;&gt;</a>&nbsp;&nbsp;&nbsp;user_catch_rest_hndl
<LI><a href="#[9d]">&gt;&gt;</a>&nbsp;&nbsp;&nbsp;gapc_param_update_req_ind_handler
<LI><a href="#[9a]">&gt;&gt;</a>&nbsp;&nbsp;&nbsp;gapc_set_dev_info_req_ind_handler
<LI><a href="#[99]">&gt;&gt;</a>&nbsp;&nbsp;&nbsp;gapc_get_dev_info_req_ind_handler
<LI><a href="#[94]">&gt;&gt;</a>&nbsp;&nbsp;&nbsp;gapm_device_ready_ind_handler
<LI><a href="#[17d]">&gt;&gt;</a>&nbsp;&nbsp;&nbsp;app_easy_timer_cancel
<LI><a href="#[93]">&gt;&gt;</a>&nbsp;&nbsp;&nbsp;app_diss_create_db
<LI><a href="#[16c]">&gt;&gt;</a>&nbsp;&nbsp;&nbsp;app_easy_gap_dev_configure
<LI><a href="#[16b]">&gt;&gt;</a>&nbsp;&nbsp;&nbsp;app_easy_gap_param_update_start
<LI><a href="#[168]">&gt;&gt;</a>&nbsp;&nbsp;&nbsp;app_easy_gap_confirm
<LI><a href="#[164]">&gt;&gt;</a>&nbsp;&nbsp;&nbsp;app_easy_gap_update_adv_data
<LI><a href="#[16a]">&gt;&gt;</a>&nbsp;&nbsp;&nbsp;app_easy_gap_undirected_advertise_start
<LI><a href="#[92]">&gt;&gt;</a>&nbsp;&nbsp;&nbsp;custs1_value_req_rsp_handler
<LI><a href="#[8c]">&gt;&gt;</a>&nbsp;&nbsp;&nbsp;gattc_att_info_req_ind_handler
<LI><a href="#[8b]">&gt;&gt;</a>&nbsp;&nbsp;&nbsp;gattc_write_req_ind_handler
<LI><a href="#[8a]">&gt;&gt;</a>&nbsp;&nbsp;&nbsp;gattc_read_req_ind_handler
<LI><a href="#[91]">&gt;&gt;</a>&nbsp;&nbsp;&nbsp;custs1_att_info_rsp_handler
<LI><a href="#[14b]">&gt;&gt;</a>&nbsp;&nbsp;&nbsp;custs1_exe_operation
<LI><a href="#[85]">&gt;&gt;</a>&nbsp;&nbsp;&nbsp;diss_value_cfm_handler
<LI><a href="#[84]">&gt;&gt;</a>&nbsp;&nbsp;&nbsp;gattc_read_req_ind_handler
<LI><a href="#[83]">&gt;&gt;</a>&nbsp;&nbsp;&nbsp;diss_set_value_req_handler
<LI><a href="#[2e]">&gt;&gt;</a>&nbsp;&nbsp;&nbsp;app_adcval1_timer_cb_handler
<LI><a href="#[187]">&gt;&gt;</a>&nbsp;&nbsp;&nbsp;user_svc3_read_non_db_val_handler
<LI><a href="#[186]">&gt;&gt;</a>&nbsp;&nbsp;&nbsp;user_svc1_rest_att_info_req_handler
<LI><a href="#[185]">&gt;&gt;</a>&nbsp;&nbsp;&nbsp;user_svc1_long_val_att_info_req_handler
<LI><a href="#[183]">&gt;&gt;</a>&nbsp;&nbsp;&nbsp;user_svc1_long_val_cfg_ind_handler
<LI><a href="#[a7]">&gt;&gt;</a>&nbsp;&nbsp;&nbsp;app_custs1_create_db
<LI><a href="#[17b]">&gt;&gt;</a>&nbsp;&nbsp;&nbsp;cancel_timer_handler
<LI><a href="#[177]">&gt;&gt;</a>&nbsp;&nbsp;&nbsp;create_timer
<LI><a href="#[af]">&gt;&gt;</a>&nbsp;&nbsp;&nbsp;PATCHED_smpc_dhkey_calc_start
<LI><a href="#[a9]">&gt;&gt;</a>&nbsp;&nbsp;&nbsp;PATCHED_hci_acl_data_rx_handler
<LI><a href="#[1ac]">&gt;&gt;</a>&nbsp;&nbsp;&nbsp;l2cc_handle_invalid_pdu
</UL>

<P><STRONG><a name="[1f0]"></a>ke_msg_send_basic</STRONG> (Thumb, 0 bytes, Stack size 0 bytes, da14585_symbols.txt(ABSOLUTE), UNUSED)
<BR><BR>[Called By]<UL></UL>

<P><STRONG><a name="[1b1]"></a>ke_msg_forward</STRONG> (Thumb, 0 bytes, Stack size 0 bytes, da14585_symbols.txt(ABSOLUTE))
<BR><BR>[Called By]<UL><LI><a href="#[a9]">&gt;&gt;</a>&nbsp;&nbsp;&nbsp;PATCHED_hci_acl_data_rx_handler
</UL>

<P><STRONG><a name="[1a5]"></a>ke_msg_free</STRONG> (Thumb, 0 bytes, Stack size 0 bytes, da14585_symbols.txt(ABSOLUTE))
<BR><BR>[Called By]<UL><LI><a href="#[70]">&gt;&gt;</a>&nbsp;&nbsp;&nbsp;llm_p256_req_handler_func
<LI><a href="#[a9]">&gt;&gt;</a>&nbsp;&nbsp;&nbsp;PATCHED_hci_acl_data_rx_handler
<LI><a href="#[1ac]">&gt;&gt;</a>&nbsp;&nbsp;&nbsp;l2cc_handle_invalid_pdu
</UL>

<P><STRONG><a name="[48]"></a>ke_task_init_func</STRONG> (Thumb, 0 bytes, Stack size 0 bytes, da14585_symbols.txt(ABSOLUTE), UNUSED)
<BR>[Address Reference Count : 1]<UL><LI> jump_table.o(.constdata)
</UL>
<P><STRONG><a name="[151]"></a>ke_task_create</STRONG> (Thumb, 0 bytes, Stack size 0 bytes, da14585_symbols.txt(ABSOLUTE))
<BR><BR>[Called By]<UL><LI><a href="#[5a]">&gt;&gt;</a>&nbsp;&nbsp;&nbsp;prf_init_func
<LI><a href="#[f2]">&gt;&gt;</a>&nbsp;&nbsp;&nbsp;app_init
</UL>

<P><STRONG><a name="[13b]"></a>ke_state_set</STRONG> (Thumb, 0 bytes, Stack size 0 bytes, da14585_symbols.txt(ABSOLUTE))
<BR><BR>[Called By]<UL><LI><a href="#[f2]">&gt;&gt;</a>&nbsp;&nbsp;&nbsp;app_init
<LI><a href="#[9b]">&gt;&gt;</a>&nbsp;&nbsp;&nbsp;gapm_profile_added_ind_handler
<LI><a href="#[97]">&gt;&gt;</a>&nbsp;&nbsp;&nbsp;gapc_connection_req_ind_handler
<LI><a href="#[16a]">&gt;&gt;</a>&nbsp;&nbsp;&nbsp;app_easy_gap_undirected_advertise_start
<LI><a href="#[15b]">&gt;&gt;</a>&nbsp;&nbsp;&nbsp;app_db_init_start
<LI><a href="#[92]">&gt;&gt;</a>&nbsp;&nbsp;&nbsp;custs1_value_req_rsp_handler
<LI><a href="#[8a]">&gt;&gt;</a>&nbsp;&nbsp;&nbsp;gattc_read_req_ind_handler
<LI><a href="#[90]">&gt;&gt;</a>&nbsp;&nbsp;&nbsp;custs1_val_ind_req_handler
<LI><a href="#[8e]">&gt;&gt;</a>&nbsp;&nbsp;&nbsp;custs1_val_ntf_req_handler
<LI><a href="#[14b]">&gt;&gt;</a>&nbsp;&nbsp;&nbsp;custs1_exe_operation
<LI><a href="#[89]">&gt;&gt;</a>&nbsp;&nbsp;&nbsp;custs1_cleanup
<LI><a href="#[86]">&gt;&gt;</a>&nbsp;&nbsp;&nbsp;custs1_init
<LI><a href="#[85]">&gt;&gt;</a>&nbsp;&nbsp;&nbsp;diss_value_cfm_handler
<LI><a href="#[84]">&gt;&gt;</a>&nbsp;&nbsp;&nbsp;gattc_read_req_ind_handler
<LI><a href="#[7f]">&gt;&gt;</a>&nbsp;&nbsp;&nbsp;diss_init
<LI><a href="#[b9]">&gt;&gt;</a>&nbsp;&nbsp;&nbsp;PATCHED_llm_con_req_ind
<LI><a href="#[b8]">&gt;&gt;</a>&nbsp;&nbsp;&nbsp;PATCHED_llc_ch_map_req_ind
<LI><a href="#[aa]">&gt;&gt;</a>&nbsp;&nbsp;&nbsp;PATCHED_llcp_length_rsp_handler
</UL>

<P><STRONG><a name="[143]"></a>ke_state_get</STRONG> (Thumb, 0 bytes, Stack size 0 bytes, da14585_symbols.txt(ABSOLUTE))
<BR><BR>[Called By]<UL><LI><a href="#[67]">&gt;&gt;</a>&nbsp;&nbsp;&nbsp;JT_l2cc_pdu_recv_ind_handler_func
<LI><a href="#[9b]">&gt;&gt;</a>&nbsp;&nbsp;&nbsp;gapm_profile_added_ind_handler
<LI><a href="#[98]">&gt;&gt;</a>&nbsp;&nbsp;&nbsp;gapc_disconnect_ind_handler
<LI><a href="#[97]">&gt;&gt;</a>&nbsp;&nbsp;&nbsp;gapc_connection_req_ind_handler
<LI><a href="#[94]">&gt;&gt;</a>&nbsp;&nbsp;&nbsp;gapm_device_ready_ind_handler
<LI><a href="#[92]">&gt;&gt;</a>&nbsp;&nbsp;&nbsp;custs1_value_req_rsp_handler
<LI><a href="#[8c]">&gt;&gt;</a>&nbsp;&nbsp;&nbsp;gattc_att_info_req_ind_handler
<LI><a href="#[8a]">&gt;&gt;</a>&nbsp;&nbsp;&nbsp;gattc_read_req_ind_handler
<LI><a href="#[91]">&gt;&gt;</a>&nbsp;&nbsp;&nbsp;custs1_att_info_rsp_handler
<LI><a href="#[90]">&gt;&gt;</a>&nbsp;&nbsp;&nbsp;custs1_val_ind_req_handler
<LI><a href="#[8e]">&gt;&gt;</a>&nbsp;&nbsp;&nbsp;custs1_val_ntf_req_handler
<LI><a href="#[85]">&gt;&gt;</a>&nbsp;&nbsp;&nbsp;diss_value_cfm_handler
<LI><a href="#[84]">&gt;&gt;</a>&nbsp;&nbsp;&nbsp;gattc_read_req_ind_handler
<LI><a href="#[2e]">&gt;&gt;</a>&nbsp;&nbsp;&nbsp;app_adcval1_timer_cb_handler
<LI><a href="#[aa]">&gt;&gt;</a>&nbsp;&nbsp;&nbsp;PATCHED_llcp_length_rsp_handler
<LI><a href="#[a8]">&gt;&gt;</a>&nbsp;&nbsp;&nbsp;PATCHED_llcp_length_req_handler
<LI><a href="#[ad]">&gt;&gt;</a>&nbsp;&nbsp;&nbsp;PATCHED_llc_data_ind_handler
<LI><a href="#[a9]">&gt;&gt;</a>&nbsp;&nbsp;&nbsp;PATCHED_hci_acl_data_rx_handler
</UL>

<P><STRONG><a name="[150]"></a>ke_task_msg_flush</STRONG> (Thumb, 0 bytes, Stack size 0 bytes, da14585_symbols.txt(ABSOLUTE))
<BR><BR>[Called By]<UL><LI><a href="#[5a]">&gt;&gt;</a>&nbsp;&nbsp;&nbsp;prf_init_func
</UL>

<P><STRONG><a name="[49]"></a>ke_timer_init_func</STRONG> (Thumb, 0 bytes, Stack size 0 bytes, da14585_symbols.txt(ABSOLUTE), UNUSED)
<BR>[Address Reference Count : 1]<UL><LI> jump_table.o(.constdata)
</UL>
<P><STRONG><a name="[179]"></a>ke_timer_set</STRONG> (Thumb, 0 bytes, Stack size 0 bytes, da14585_symbols.txt(ABSOLUTE))
<BR><BR>[Called By]<UL><LI><a href="#[177]">&gt;&gt;</a>&nbsp;&nbsp;&nbsp;create_timer
<LI><a href="#[a4]">&gt;&gt;</a>&nbsp;&nbsp;&nbsp;app_timer_api_process_handler
</UL>

<P><STRONG><a name="[17e]"></a>ke_timer_clear</STRONG> (Thumb, 0 bytes, Stack size 0 bytes, da14585_symbols.txt(ABSOLUTE))
<BR><BR>[Called By]<UL><LI><a href="#[17d]">&gt;&gt;</a>&nbsp;&nbsp;&nbsp;app_easy_timer_cancel
<LI><a href="#[b9]">&gt;&gt;</a>&nbsp;&nbsp;&nbsp;PATCHED_llm_con_req_ind
<LI><a href="#[aa]">&gt;&gt;</a>&nbsp;&nbsp;&nbsp;PATCHED_llcp_length_rsp_handler
</UL>

<P><STRONG><a name="[127]"></a>ke_timer_sleep_check</STRONG> (Thumb, 0 bytes, Stack size 0 bytes, da14585_symbols.txt(ABSOLUTE))
<BR><BR>[Called By]<UL><LI><a href="#[d8]">&gt;&gt;</a>&nbsp;&nbsp;&nbsp;rwip_sleep
</UL>

<P><STRONG><a name="[1a8]"></a>rwble_hl_reset</STRONG> (Thumb, 0 bytes, Stack size 0 bytes, da14585_symbols.txt(ABSOLUTE))
<BR><BR>[Called By]<UL><LI><a href="#[ab]">&gt;&gt;</a>&nbsp;&nbsp;&nbsp;PATCHED_gapm_reset_cmd_handler
</UL>

<P><STRONG><a name="[d7]"></a>rwip_schedule</STRONG> (Thumb, 0 bytes, Stack size 0 bytes, da14585_symbols.txt(ABSOLUTE))
<BR><BR>[Called By]<UL><LI><a href="#[1e]">&gt;&gt;</a>&nbsp;&nbsp;&nbsp;main
</UL>

<P><STRONG><a name="[11d]"></a>rwip_wakeup</STRONG> (Thumb, 0 bytes, Stack size 0 bytes, da14585_symbols.txt(ABSOLUTE))
<BR><BR>[Called By]<UL><LI><a href="#[7]">&gt;&gt;</a>&nbsp;&nbsp;&nbsp;rwble_isr
</UL>

<P><STRONG><a name="[1a4]"></a>rwip_prevent_sleep_clear</STRONG> (Thumb, 0 bytes, Stack size 0 bytes, da14585_symbols.txt(ABSOLUTE))
<BR><BR>[Called By]<UL><LI><a href="#[70]">&gt;&gt;</a>&nbsp;&nbsp;&nbsp;llm_p256_req_handler_func
</UL>

<P><STRONG><a name="[11f]"></a>rwip_wakeup_end</STRONG> (Thumb, 0 bytes, Stack size 0 bytes, da14585_symbols.txt(ABSOLUTE))
<BR><BR>[Called By]<UL><LI><a href="#[7]">&gt;&gt;</a>&nbsp;&nbsp;&nbsp;rwble_isr
</UL>

<P><STRONG><a name="[e1]"></a>rwip_wakeup_delay_set</STRONG> (Thumb, 0 bytes, Stack size 0 bytes, da14585_symbols.txt(ABSOLUTE))
<BR><BR>[Called By]<UL><LI><a href="#[e0]">&gt;&gt;</a>&nbsp;&nbsp;&nbsp;set_sleep_delay
</UL>

<P><STRONG><a name="[19c]"></a>uECC_secp256r1</STRONG> (Thumb, 0 bytes, Stack size 0 bytes, da14585_symbols.txt(ABSOLUTE))
<BR><BR>[Called By]<UL><LI><a href="#[6d]">&gt;&gt;</a>&nbsp;&nbsp;&nbsp;PK_PointMult_func
<LI><a href="#[af]">&gt;&gt;</a>&nbsp;&nbsp;&nbsp;PATCHED_smpc_dhkey_calc_start
</UL>

<P><STRONG><a name="[19d]"></a>uECC_valid_public_key</STRONG> (Thumb, 0 bytes, Stack size 0 bytes, da14585_symbols.txt(ABSOLUTE))
<BR><BR>[Called By]<UL><LI><a href="#[6d]">&gt;&gt;</a>&nbsp;&nbsp;&nbsp;PK_PointMult_func
<LI><a href="#[af]">&gt;&gt;</a>&nbsp;&nbsp;&nbsp;PATCHED_smpc_dhkey_calc_start
</UL>

<P><STRONG><a name="[19e]"></a>uECC_point_mult</STRONG> (Thumb, 0 bytes, Stack size 0 bytes, da14585_symbols.txt(ABSOLUTE))
<BR><BR>[Called By]<UL><LI><a href="#[6d]">&gt;&gt;</a>&nbsp;&nbsp;&nbsp;PK_PointMult_func
</UL>

<P><STRONG><a name="[113]"></a>__aeabi_uidivmod</STRONG> (Thumb, 0 bytes, Stack size 0 bytes, da14585_symbols.txt(ABSOLUTE))
<BR><BR>[Called By]<UL><LI><a href="#[51]">&gt;&gt;</a>&nbsp;&nbsp;&nbsp;lld_sleep_compensate_func
<LI><a href="#[d8]">&gt;&gt;</a>&nbsp;&nbsp;&nbsp;rwip_sleep
<LI><a href="#[b5]">&gt;&gt;</a>&nbsp;&nbsp;&nbsp;PATCHED_lld_evt_move_to_master
</UL>

<P><STRONG><a name="[205]"></a>__aeabi_idivmod</STRONG> (Thumb, 0 bytes, Stack size 0 bytes, da14585_symbols.txt(ABSOLUTE), UNUSED)
<BR><BR>[Called By]<UL></UL>

<P><STRONG><a name="[db]"></a>rand</STRONG> (Thumb, 0 bytes, Stack size 0 bytes, da14585_symbols.txt(ABSOLUTE))
<BR><BR>[Called By]<UL><LI><a href="#[76]">&gt;&gt;</a>&nbsp;&nbsp;&nbsp;dia_rand_func
</UL>

<P><STRONG><a name="[dc]"></a>srand</STRONG> (Thumb, 0 bytes, Stack size 0 bytes, da14585_symbols.txt(ABSOLUTE))
<BR><BR>[Called By]<UL><LI><a href="#[77]">&gt;&gt;</a>&nbsp;&nbsp;&nbsp;dia_srand_func
</UL>

<P><STRONG><a name="[d0]"></a>__aeabi_memcpy</STRONG> (Thumb, 0 bytes, Stack size 0 bytes, da14585_symbols.txt(ABSOLUTE))
<BR><BR>[Called By]<UL><LI><a href="#[30]">&gt;&gt;</a>&nbsp;&nbsp;&nbsp;rf_init_func
<LI><a href="#[70]">&gt;&gt;</a>&nbsp;&nbsp;&nbsp;llm_p256_req_handler_func
<LI><a href="#[64]">&gt;&gt;</a>&nbsp;&nbsp;&nbsp;JT_l2cc_pdu_unpack_func
<LI><a href="#[f3]">&gt;&gt;</a>&nbsp;&nbsp;&nbsp;user_app_init
<LI><a href="#[4b]">&gt;&gt;</a>&nbsp;&nbsp;&nbsp;nvds_get_func
<LI><a href="#[ea]">&gt;&gt;</a>&nbsp;&nbsp;&nbsp;otp_hdr_get_bd_address
<LI><a href="#[ec]">&gt;&gt;</a>&nbsp;&nbsp;&nbsp;arch_rom_init
<LI><a href="#[f2]">&gt;&gt;</a>&nbsp;&nbsp;&nbsp;app_init
<LI><a href="#[12a]">&gt;&gt;</a>&nbsp;&nbsp;&nbsp;attm_svc_create_db_128
<LI><a href="#[a2]">&gt;&gt;</a>&nbsp;&nbsp;&nbsp;diss_value_req_ind_handler
<LI><a href="#[99]">&gt;&gt;</a>&nbsp;&nbsp;&nbsp;gapc_get_dev_info_req_ind_handler
<LI><a href="#[97]">&gt;&gt;</a>&nbsp;&nbsp;&nbsp;gapc_connection_req_ind_handler
<LI><a href="#[164]">&gt;&gt;</a>&nbsp;&nbsp;&nbsp;app_easy_gap_update_adv_data
<LI><a href="#[163]">&gt;&gt;</a>&nbsp;&nbsp;&nbsp;append_device_name
<LI><a href="#[162]">&gt;&gt;</a>&nbsp;&nbsp;&nbsp;app_easy_gap_undirected_advertise_start_create_msg
<LI><a href="#[15e]">&gt;&gt;</a>&nbsp;&nbsp;&nbsp;default_app_on_set_dev_info
<LI><a href="#[15d]">&gt;&gt;</a>&nbsp;&nbsp;&nbsp;default_app_on_get_dev_name
<LI><a href="#[92]">&gt;&gt;</a>&nbsp;&nbsp;&nbsp;custs1_value_req_rsp_handler
<LI><a href="#[8b]">&gt;&gt;</a>&nbsp;&nbsp;&nbsp;gattc_write_req_ind_handler
<LI><a href="#[8a]">&gt;&gt;</a>&nbsp;&nbsp;&nbsp;gattc_read_req_ind_handler
<LI><a href="#[14b]">&gt;&gt;</a>&nbsp;&nbsp;&nbsp;custs1_exe_operation
<LI><a href="#[149]">&gt;&gt;</a>&nbsp;&nbsp;&nbsp;custs1_att_set_value
<LI><a href="#[147]">&gt;&gt;</a>&nbsp;&nbsp;&nbsp;custs1_set_ccc_value
<LI><a href="#[85]">&gt;&gt;</a>&nbsp;&nbsp;&nbsp;diss_value_cfm_handler
<LI><a href="#[84]">&gt;&gt;</a>&nbsp;&nbsp;&nbsp;gattc_read_req_ind_handler
<LI><a href="#[83]">&gt;&gt;</a>&nbsp;&nbsp;&nbsp;diss_set_value_req_handler
<LI><a href="#[18a]">&gt;&gt;</a>&nbsp;&nbsp;&nbsp;app_add_ad_struct
<LI><a href="#[2d]">&gt;&gt;</a>&nbsp;&nbsp;&nbsp;adv_data_update_timer_cb
<LI><a href="#[187]">&gt;&gt;</a>&nbsp;&nbsp;&nbsp;user_svc3_read_non_db_val_handler
[...]
<LI><a href="#[143]">&gt;&gt;</a>&nbsp;&nbsp;&nbsp;ke_state_get
<LI><a href="#[142]">&gt;&gt;</a>&nbsp;&nbsp;&nbsp;ke_msg_send
<LI><a href="#[141]">&gt;&gt;</a>&nbsp;&nbsp;&nbsp;ke_msg_alloc
<LI><a href="#[13b]">&gt;&gt;</a>&nbsp;&nbsp;&nbsp;ke_state_set
<LI><a href="#[135]">&gt;&gt;</a>&nbsp;&nbsp;&nbsp;custs1_get_att_handle
</UL>
<BR>[Address Reference Count : 1]<UL><LI> custs1_task.o(.constdata)
</UL>
<P><STRONG><a name="[14f]"></a>prf_itf_get</STRONG> (Thumb, 28 bytes, Stack size 8 bytes, prf.o(.text))
<BR><BR>[Stack]<UL><LI>Max Depth = 8<LI>Call Chain = prf_itf_get
</UL>
<BR>[Calls]<UL><LI><a href="#[152]">&gt;&gt;</a>&nbsp;&nbsp;&nbsp;custs1_prf_itf_get
<LI><a href="#[153]">&gt;&gt;</a>&nbsp;&nbsp;&nbsp;diss_prf_itf_get
</UL>
<BR>[Called By]<UL><LI><a href="#[5a]">&gt;&gt;</a>&nbsp;&nbsp;&nbsp;prf_init_func
<LI><a href="#[5c]">&gt;&gt;</a>&nbsp;&nbsp;&nbsp;prf_create_func
<LI><a href="#[5d]">&gt;&gt;</a>&nbsp;&nbsp;&nbsp;prf_cleanup_func
<LI><a href="#[5b]">&gt;&gt;</a>&nbsp;&nbsp;&nbsp;prf_add_profile_func
</UL>

<P><STRONG><a name="[160]"></a>app_task_in_user_app</STRONG> (Thumb, 32 bytes, Stack size 0 bytes, app.o(.text))
<BR><BR>[Called By]<UL><LI><a href="#[15f]">&gt;&gt;</a>&nbsp;&nbsp;&nbsp;app_db_init_next
<LI><a href="#[158]">&gt;&gt;</a>&nbsp;&nbsp;&nbsp;app_prf_enable
</UL>

<P><STRONG><a name="[15f]"></a>app_db_init_next</STRONG> (Thumb, 164 bytes, Stack size 16 bytes, app.o(.text))
<BR><BR>[Stack]<UL><LI>Max Depth = 16<LI>Call Chain = app_db_init_next
</UL>
<BR>[Calls]<UL><LI><a href="#[160]">&gt;&gt;</a>&nbsp;&nbsp;&nbsp;app_task_in_user_app
</UL>
<BR>[Called By]<UL><LI><a href="#[161]">&gt;&gt;</a>&nbsp;&nbsp;&nbsp;app_db_init
<LI><a href="#[15b]">&gt;&gt;</a>&nbsp;&nbsp;&nbsp;app_db_init_start
</UL>

<P><STRONG><a name="[162]"></a>app_easy_gap_undirected_advertise_start_create_msg</STRONG> (Thumb, 122 bytes, Stack size 24 bytes, app.o(.text))
<BR><BR>[Stack]<UL><LI>Max Depth = 40<LI>Call Chain = app_easy_gap_undirected_advertise_start_create_msg &rArr; append_device_name
</UL>
<BR>[Calls]<UL><LI><a href="#[d0]">&gt;&gt;</a>&nbsp;&nbsp;&nbsp;__aeabi_memcpy
<LI><a href="#[163]">&gt;&gt;</a>&nbsp;&nbsp;&nbsp;append_device_name
<LI><a href="#[141]">&gt;&gt;</a>&nbsp;&nbsp;&nbsp;ke_msg_alloc
</UL>
<BR>[Called By]<UL><LI><a href="#[169]">&gt;&gt;</a>&nbsp;&nbsp;&nbsp;app_easy_gap_undirected_advertise_get_active
<LI><a href="#[16a]">&gt;&gt;</a>&nbsp;&nbsp;&nbsp;app_easy_gap_undirected_advertise_start
</UL>

<P><STRONG><a name="[165]"></a>app_easy_gap_param_update_msg_create</STRONG> (Thumb, 66 bytes, Stack size 16 bytes, app.o(.text))
<BR><BR>[Stack]<UL><LI>Max Depth = 16<LI>Call Chain = app_easy_gap_param_update_msg_create
</UL>
<BR>[Calls]<UL><LI><a href="#[141]">&gt;&gt;</a>&nbsp;&nbsp;&nbsp;ke_msg_alloc
</UL>
<BR>[Called By]<UL><LI><a href="#[16b]">&gt;&gt;</a>&nbsp;&nbsp;&nbsp;app_easy_gap_param_update_start
</UL>

<P><STRONG><a name="[166]"></a>app_easy_gap_dev_config_create_msg</STRONG> (Thumb, 94 bytes, Stack size 16 bytes, app.o(.text))
<BR><BR>[Stack]<UL><LI>Max Depth = 16<LI>Call Chain = app_easy_gap_dev_config_create_msg
</UL>
<BR>[Calls]<UL><LI><a href="#[167]">&gt;&gt;</a>&nbsp;&nbsp;&nbsp;__aeabi_memclr
<LI><a href="#[141]">&gt;&gt;</a>&nbsp;&nbsp;&nbsp;ke_msg_alloc
</UL>
<BR>[Called By]<UL><LI><a href="#[16c]">&gt;&gt;</a>&nbsp;&nbsp;&nbsp;app_easy_gap_dev_configure
</UL>

<P><STRONG><a name="[163]"></a>append_device_name</STRONG> (Thumb, 36 bytes, Stack size 16 bytes, app.o(.text))
<BR><BR>[Stack]<UL><LI>Max Depth = 16<LI>Call Chain = append_device_name
</UL>
<BR>[Calls]<UL><LI><a href="#[d0]">&gt;&gt;</a>&nbsp;&nbsp;&nbsp;__aeabi_memcpy
</UL>
<BR>[Called By]<UL><LI><a href="#[162]">&gt;&gt;</a>&nbsp;&nbsp;&nbsp;app_easy_gap_undirected_advertise_start_create_msg
</UL>

<P><STRONG><a name="[94]"></a>gapm_device_ready_ind_handler</STRONG> (Thumb, 40 bytes, Stack size 8 bytes, app_task.o(.text))
<BR><BR>[Stack]<UL><LI>Max Depth = 8<LI>Call Chain = gapm_device_ready_ind_handler
</UL>
<BR>[Calls]<UL><LI><a href="#[143]">&gt;&gt;</a>&nbsp;&nbsp;&nbsp;ke_state_get
<LI><a href="#[142]">&gt;&gt;</a>&nbsp;&nbsp;&nbsp;ke_msg_send
<LI><a href="#[141]">&gt;&gt;</a>&nbsp;&nbsp;&nbsp;ke_msg_alloc
</UL>
<BR>[Address Reference Count : 1]<UL><LI> app_task.o(.constdata)
</UL>
<P><STRONG><a name="[95]"></a>gapm_cmp_evt_handler</STRONG> (Thumb, 88 bytes, Stack size 8 bytes, app_task.o(.text))
<BR><BR>[Stack]<UL><LI>Max Depth = 72<LI>Call Chain = gapm_cmp_evt_handler &rArr; default_app_on_set_dev_config_complete &rArr; user_app_adv_start &rArr; app_easy_gap_undirected_advertise_start &rArr; app_easy_gap_undirected_advertise_start_create_msg &rArr; append_device_name
</UL>
<BR>[Calls]<UL><LI><a href="#[16d]">&gt;&gt;</a>&nbsp;&nbsp;&nbsp;user_catch_rest_hndl
<LI><a href="#[16e]">&gt;&gt;</a>&nbsp;&nbsp;&nbsp;user_app_adv_undirect_complete
<LI><a href="#[16c]">&gt;&gt;</a>&nbsp;&nbsp;&nbsp;app_easy_gap_dev_configure
<LI><a href="#[15a]">&gt;&gt;</a>&nbsp;&nbsp;&nbsp;default_app_on_set_dev_config_complete
</UL>
<BR>[Address Reference Count : 1]<UL><LI> app_task.o(.constdata)
</UL>
<P><STRONG><a name="[97]"></a>gapc_connection_req_ind_handler</STRONG> (Thumb, 98 bytes, Stack size 24 bytes, app_task.o(.text))
<BR><BR>[Stack]<UL><LI>Max Depth = 104<LI>Call Chain = gapc_connection_req_ind_handler &rArr; user_app_connection &rArr; default_app_on_connection &rArr; user_app_adv_start &rArr; app_easy_gap_undirected_advertise_start &rArr; app_easy_gap_undirected_advertise_start_create_msg &rArr; append_device_name
</UL>
<BR>[Calls]<UL><LI><a href="#[d0]">&gt;&gt;</a>&nbsp;&nbsp;&nbsp;__aeabi_memcpy
<LI><a href="#[16f]">&gt;&gt;</a>&nbsp;&nbsp;&nbsp;user_app_connection
<LI><a href="#[168]">&gt;&gt;</a>&nbsp;&nbsp;&nbsp;app_easy_gap_confirm
<LI><a href="#[143]">&gt;&gt;</a>&nbsp;&nbsp;&nbsp;ke_state_get
<LI><a href="#[13b]">&gt;&gt;</a>&nbsp;&nbsp;&nbsp;ke_state_set
</UL>
<BR>[Address Reference Count : 1]<UL><LI> app_task.o(.constdata)
</UL>
<P><STRONG><a name="[96]"></a>gapc_cmp_evt_handler</STRONG> (Thumb, 24 bytes, Stack size 16 bytes, app_task.o(.text))
<BR><BR>[Stack]<UL><LI>Max Depth = 56<LI>Call Chain = gapc_cmp_evt_handler &rArr; user_catch_rest_hndl &rArr; user_svc1_led_wr_ind_handler &rArr; GPIO_SetActive
</UL>
<BR>[Calls]<UL><LI><a href="#[16d]">&gt;&gt;</a>&nbsp;&nbsp;&nbsp;user_catch_rest_hndl
</UL>
<BR>[Address Reference Count : 1]<UL><LI> app_task.o(.constdata)
</UL>
<P><STRONG><a name="[98]"></a>gapc_disconnect_ind_handler</STRONG> (Thumb, 48 bytes, Stack size 16 bytes, app_task.o(.text))
<BR><BR>[Stack]<UL><LI>Max Depth = 80<LI>Call Chain = gapc_disconnect_ind_handler &rArr; user_app_disconnect &rArr; user_app_adv_start &rArr; app_easy_gap_undirected_advertise_start &rArr; app_easy_gap_undirected_advertise_start_create_msg &rArr; append_device_name
</UL>
<BR>[Calls]<UL><LI><a href="#[170]">&gt;&gt;</a>&nbsp;&nbsp;&nbsp;user_app_disconnect
<LI><a href="#[143]">&gt;&gt;</a>&nbsp;&nbsp;&nbsp;ke_state_get
</UL>
<BR>[Address Reference Count : 1]<UL><LI> app_task.o(.constdata)
</UL>
<P><STRONG><a name="[99]"></a>gapc_get_dev_info_req_ind_handler</STRONG> (Thumb, 162 bytes, Stack size 56 bytes, app_task.o(.text))
<BR><BR>[Stack]<UL><LI>Max Depth = 64<LI>Call Chain = gapc_get_dev_info_req_ind_handler &rArr; default_app_on_get_dev_name
</UL>
<BR>[Calls]<UL><LI><a href="#[d0]">&gt;&gt;</a>&nbsp;&nbsp;&nbsp;__aeabi_memcpy
<LI><a href="#[172]">&gt;&gt;</a>&nbsp;&nbsp;&nbsp;default_app_on_get_dev_slv_pref_params
<LI><a href="#[171]">&gt;&gt;</a>&nbsp;&nbsp;&nbsp;default_app_on_get_dev_appearance
<LI><a href="#[15d]">&gt;&gt;</a>&nbsp;&nbsp;&nbsp;default_app_on_get_dev_name
<LI><a href="#[142]">&gt;&gt;</a>&nbsp;&nbsp;&nbsp;ke_msg_send
<LI><a href="#[141]">&gt;&gt;</a>&nbsp;&nbsp;&nbsp;ke_msg_alloc
</UL>
<BR>[Address Reference Count : 1]<UL><LI> app_task.o(.constdata)
</UL>
<P><STRONG><a name="[9c]"></a>gapm_adv_report_ind_handler</STRONG> (Thumb, 4 bytes, Stack size 0 bytes, app_task.o(.text))
<BR>[Address Reference Count : 1]<UL><LI> app_task.o(.constdata)
</UL>
<P><STRONG><a name="[9a]"></a>gapc_set_dev_info_req_ind_handler</STRONG> (Thumb, 52 bytes, Stack size 16 bytes, app_task.o(.text))
<BR><BR>[Stack]<UL><LI>Max Depth = 32<LI>Call Chain = gapc_set_dev_info_req_ind_handler &rArr; default_app_on_set_dev_info
</UL>
<BR>[Calls]<UL><LI><a href="#[15e]">&gt;&gt;</a>&nbsp;&nbsp;&nbsp;default_app_on_set_dev_info
<LI><a href="#[142]">&gt;&gt;</a>&nbsp;&nbsp;&nbsp;ke_msg_send
<LI><a href="#[141]">&gt;&gt;</a>&nbsp;&nbsp;&nbsp;ke_msg_alloc
</UL>
<BR>[Address Reference Count : 1]<UL><LI> app_task.o(.constdata)
</UL>
<P><STRONG><a name="[9b]"></a>gapm_profile_added_ind_handler</STRONG> (Thumb, 36 bytes, Stack size 8 bytes, app_task.o(.text))
<BR><BR>[Stack]<UL><LI>Max Depth = 72<LI>Call Chain = gapm_profile_added_ind_handler &rArr; default_app_on_db_init_complete &rArr; user_app_adv_start &rArr; app_easy_gap_undirected_advertise_start &rArr; app_easy_gap_undirected_advertise_start_create_msg &rArr; append_device_name
</UL>
<BR>[Calls]<UL><LI><a href="#[161]">&gt;&gt;</a>&nbsp;&nbsp;&nbsp;app_db_init
<LI><a href="#[15c]">&gt;&gt;</a>&nbsp;&nbsp;&nbsp;default_app_on_db_init_complete
<LI><a href="#[143]">&gt;&gt;</a>&nbsp;&nbsp;&nbsp;ke_state_get
<LI><a href="#[13b]">&gt;&gt;</a>&nbsp;&nbsp;&nbsp;ke_state_set
</UL>
<BR>[Address Reference Count : 1]<UL><LI> app_task.o(.constdata)
</UL>
<P><STRONG><a name="[9d]"></a>gapc_param_update_req_ind_handler</STRONG> (Thumb, 38 bytes, Stack size 16 bytes, app_task.o(.text))
<BR><BR>[Stack]<UL><LI>Max Depth = 16<LI>Call Chain = gapc_param_update_req_ind_handler
</UL>
<BR>[Calls]<UL><LI><a href="#[173]">&gt;&gt;</a>&nbsp;&nbsp;&nbsp;default_app_update_params_request
<LI><a href="#[142]">&gt;&gt;</a>&nbsp;&nbsp;&nbsp;ke_msg_send
<LI><a href="#[141]">&gt;&gt;</a>&nbsp;&nbsp;&nbsp;ke_msg_alloc
</UL>
<BR>[Address Reference Count : 1]<UL><LI> app_task.o(.constdata)
</UL>
<P><STRONG><a name="[9e]"></a>gapc_le_pkt_size_ind_handler</STRONG> (Thumb, 4 bytes, Stack size 0 bytes, app_task.o(.text))
<BR>[Address Reference Count : 1]<UL><LI> app_task.o(.constdata)
</UL>
<P><STRONG><a name="[9f]"></a>gattc_svc_changed_cfg_ind_handler</STRONG> (Thumb, 4 bytes, Stack size 0 bytes, app_task.o(.text))
<BR>[Address Reference Count : 1]<UL><LI> app_task.o(.constdata)
</UL>
<P><STRONG><a name="[a0]"></a>gapc_peer_features_ind_handler</STRONG> (Thumb, 4 bytes, Stack size 0 bytes, app_task.o(.text))
<BR>[Address Reference Count : 1]<UL><LI> app_task.o(.constdata)
</UL>
<P><STRONG><a name="[a2]"></a>diss_value_req_ind_handler</STRONG> (Thumb, 116 bytes, Stack size 24 bytes, app_diss_task.o(.text))
<BR><BR>[Stack]<UL><LI>Max Depth = 24<LI>Call Chain = diss_value_req_ind_handler
</UL>
<BR>[Calls]<UL><LI><a href="#[d0]">&gt;&gt;</a>&nbsp;&nbsp;&nbsp;__aeabi_memcpy
<LI><a href="#[142]">&gt;&gt;</a>&nbsp;&nbsp;&nbsp;ke_msg_send
<LI><a href="#[141]">&gt;&gt;</a>&nbsp;&nbsp;&nbsp;ke_msg_alloc
<LI><a href="#[176]">&gt;&gt;</a>&nbsp;&nbsp;&nbsp;__ARM_common_switch8
</UL>
<BR>[Address Reference Count : 1]<UL><LI> app_diss_task.o(.constdata)
</UL>
<P><STRONG><a name="[177]"></a>create_timer</STRONG> (Thumb, 56 bytes, Stack size 16 bytes, app_easy_timer.o(.text))
<BR><BR>[Stack]<UL><LI>Max Depth = 16<LI>Call Chain = create_timer
</UL>
<BR>[Calls]<UL><LI><a href="#[17a]">&gt;&gt;</a>&nbsp;&nbsp;&nbsp;arch_ble_force_wakeup
<LI><a href="#[179]">&gt;&gt;</a>&nbsp;&nbsp;&nbsp;ke_timer_set
<LI><a href="#[142]">&gt;&gt;</a>&nbsp;&nbsp;&nbsp;ke_msg_send
<LI><a href="#[141]">&gt;&gt;</a>&nbsp;&nbsp;&nbsp;ke_msg_alloc
<LI><a href="#[178]">&gt;&gt;</a>&nbsp;&nbsp;&nbsp;app_check_BLE_active
</UL>
<BR>[Called By]<UL><LI><a href="#[17c]">&gt;&gt;</a>&nbsp;&nbsp;&nbsp;app_easy_timer
<LI><a href="#[a4]">&gt;&gt;</a>&nbsp;&nbsp;&nbsp;app_timer_api_process_handler
</UL>

<P><STRONG><a name="[2c]"></a>timer_canceled_handler</STRONG> (Thumb, 2 bytes, Stack size 0 bytes, app_easy_timer.o(.text))
<BR>[Address Reference Count : 1]<UL><LI> app_easy_timer.o(.text)
</UL>
<P><STRONG><a name="[2b]"></a>timer_modified_handler</STRONG> (Thumb, 2 bytes, Stack size 0 bytes, app_easy_timer.o(.text))
<BR>[Address Reference Count : 1]<UL><LI> app_easy_timer.o(.text)
</UL>
<P><STRONG><a name="[17b]"></a>cancel_timer_handler</STRONG> (Thumb, 82 bytes, Stack size 8 bytes, app_easy_timer.o(.text))
<BR><BR>[Stack]<UL><LI>Max Depth = 8<LI>Call Chain = cancel_timer_handler
</UL>
<BR>[Calls]<UL><LI><a href="#[142]">&gt;&gt;</a>&nbsp;&nbsp;&nbsp;ke_msg_send
<LI><a href="#[141]">&gt;&gt;</a>&nbsp;&nbsp;&nbsp;ke_msg_alloc
</UL>
<BR>[Called By]<UL><LI><a href="#[a4]">&gt;&gt;</a>&nbsp;&nbsp;&nbsp;app_timer_api_process_handler
</UL>

<P><STRONG><a name="[188]"></a>mnf_data_update</STRONG> (Thumb, 28 bytes, Stack size 0 bytes, user_peripheral.o(.text))
<BR><BR>[Called By]<UL><LI><a href="#[170]">&gt;&gt;</a>&nbsp;&nbsp;&nbsp;user_app_disconnect
<LI><a href="#[2d]">&gt;&gt;</a>&nbsp;&nbsp;&nbsp;adv_data_update_timer_cb
</UL>

<P><STRONG><a name="[2d]"></a>adv_data_update_timer_cb</STRONG> (Thumb, 70 bytes, Stack size 16 bytes, user_peripheral.o(.text))
<BR><BR>[Stack]<UL><LI>Max Depth = 56<LI>Call Chain = adv_data_update_timer_cb &rArr; app_easy_gap_update_adv_data
</UL>
<BR>[Calls]<UL><LI><a href="#[d0]">&gt;&gt;</a>&nbsp;&nbsp;&nbsp;__aeabi_memcpy
<LI><a href="#[17c]">&gt;&gt;</a>&nbsp;&nbsp;&nbsp;app_easy_timer
<LI><a href="#[164]">&gt;&gt;</a>&nbsp;&nbsp;&nbsp;app_easy_gap_update_adv_data
<LI><a href="#[188]">&gt;&gt;</a>&nbsp;&nbsp;&nbsp;mnf_data_update
</UL>
<BR>[Address Reference Count : 1]<UL><LI> user_peripheral.o(.text)
</UL>
<P><STRONG><a name="[2f]"></a>param_update_request_timer_cb</STRONG> (Thumb, 18 bytes, Stack size 8 bytes, user_peripheral.o(.text))
<BR><BR>[Stack]<UL><LI>Max Depth = 32<LI>Call Chain = param_update_request_timer_cb &rArr; app_easy_gap_param_update_start &rArr; app_easy_gap_param_update_msg_create
</UL>
<BR>[Calls]<UL><LI><a href="#[16b]">&gt;&gt;</a>&nbsp;&nbsp;&nbsp;app_easy_gap_param_update_start
</UL>
<BR>[Address Reference Count : 1]<UL><LI> user_peripheral.o(.text)
</UL>
<P><STRONG><a name="[18a]"></a>app_add_ad_struct</STRONG> (Thumb, 130 bytes, Stack size 32 bytes, user_peripheral.o(.text))
<BR><BR>[Stack]<UL><LI>Max Depth = 32<LI>Call Chain = app_add_ad_struct
</UL>
<BR>[Calls]<UL><LI><a href="#[d0]">&gt;&gt;</a>&nbsp;&nbsp;&nbsp;__aeabi_memcpy
</UL>
<BR>[Called By]<UL><LI><a href="#[159]">&gt;&gt;</a>&nbsp;&nbsp;&nbsp;user_app_adv_start
</UL>

<P><STRONG><a name="[ab]"></a>PATCHED_gapm_reset_cmd_handler</STRONG> (Thumb, 78 bytes, Stack size 16 bytes, patch.o(.text))
<BR><BR>[Stack]<UL><LI>Max Depth = 16<LI>Call Chain = PATCHED_gapm_reset_cmd_handler
</UL>
<BR>[Calls]<UL><LI><a href="#[1a9]">&gt;&gt;</a>&nbsp;&nbsp;&nbsp;gapm_basic_hci_cmd_send
<LI><a href="#[1a7]">&gt;&gt;</a>&nbsp;&nbsp;&nbsp;gapm_send_error_evt
<LI><a href="#[1aa]">&gt;&gt;</a>&nbsp;&nbsp;&nbsp;platform_reset
<LI><a href="#[1a8]">&gt;&gt;</a>&nbsp;&nbsp;&nbsp;rwble_hl_reset
<LI><a href="#[1ab]">&gt;&gt;</a>&nbsp;&nbsp;&nbsp;smpm_ecdh_key_create
</UL>
<BR>[Address Reference Count : 1]<UL><LI> patch.o(.constdata)
</UL>
<P><STRONG><a name="[1ac]"></a>l2cc_handle_invalid_pdu</STRONG> (Thumb, 276 bytes, Stack size 40 bytes, patch.o(.text))
<BR><BR>[Stack]<UL><LI>Max Depth = 40<LI>Call Chain = l2cc_handle_invalid_pdu
</UL>
<BR>[Calls]<UL><LI><a href="#[d0]">&gt;&gt;</a>&nbsp;&nbsp;&nbsp;__aeabi_memcpy
<LI><a href="#[12b]">&gt;&gt;</a>&nbsp;&nbsp;&nbsp;ke_malloc
<LI><a href="#[12f]">&gt;&gt;</a>&nbsp;&nbsp;&nbsp;ke_free
<LI><a href="#[142]">&gt;&gt;</a>&nbsp;&nbsp;&nbsp;ke_msg_send
<LI><a href="#[141]">&gt;&gt;</a>&nbsp;&nbsp;&nbsp;ke_msg_alloc
<LI><a href="#[1ad]">&gt;&gt;</a>&nbsp;&nbsp;&nbsp;l2cc_detect_dest
<LI><a href="#[1ae]">&gt;&gt;</a>&nbsp;&nbsp;&nbsp;gapc_search_lecb_channel
<LI><a href="#[1a5]">&gt;&gt;</a>&nbsp;&nbsp;&nbsp;ke_msg_free
</UL>
<BR>[Called By]<UL><LI><a href="#[a9]">&gt;&gt;</a>&nbsp;&nbsp;&nbsp;PATCHED_hci_acl_data_rx_handler
</UL>

<P><STRONG><a name="[a9]"></a>PATCHED_hci_acl_data_rx_handler</STRONG> (Thumb, 620 bytes, Stack size 64 bytes, patch.o(.text))
<BR><BR>[Stack]<UL><LI>Max Depth = 104<LI>Call Chain = PATCHED_hci_acl_data_rx_handler &rArr; l2cc_handle_invalid_pdu
</UL>
<BR>[Calls]<UL><LI><a href="#[d0]">&gt;&gt;</a>&nbsp;&nbsp;&nbsp;__aeabi_memcpy
<LI><a href="#[12b]">&gt;&gt;</a>&nbsp;&nbsp;&nbsp;ke_malloc
<LI><a href="#[12f]">&gt;&gt;</a>&nbsp;&nbsp;&nbsp;ke_free
<LI><a href="#[143]">&gt;&gt;</a>&nbsp;&nbsp;&nbsp;ke_state_get
<LI><a href="#[142]">&gt;&gt;</a>&nbsp;&nbsp;&nbsp;ke_msg_send
<LI><a href="#[141]">&gt;&gt;</a>&nbsp;&nbsp;&nbsp;ke_msg_alloc
<LI><a href="#[140]">&gt;&gt;</a>&nbsp;&nbsp;&nbsp;co_list_push_back
<LI><a href="#[1ad]">&gt;&gt;</a>&nbsp;&nbsp;&nbsp;l2cc_detect_dest
<LI><a href="#[1ae]">&gt;&gt;</a>&nbsp;&nbsp;&nbsp;gapc_search_lecb_channel
<LI><a href="#[18f]">&gt;&gt;</a>&nbsp;&nbsp;&nbsp;gattm_get_max_mtu
<LI><a href="#[196]">&gt;&gt;</a>&nbsp;&nbsp;&nbsp;co_buf_rx_buffer_get
<LI><a href="#[1b3]">&gt;&gt;</a>&nbsp;&nbsp;&nbsp;co_buf_rx_free
<LI><a href="#[1b0]">&gt;&gt;</a>&nbsp;&nbsp;&nbsp;l2c_process_sdu
<LI><a href="#[1b2]">&gt;&gt;</a>&nbsp;&nbsp;&nbsp;l2c_send_lecb_message
<LI><a href="#[1af]">&gt;&gt;</a>&nbsp;&nbsp;&nbsp;l2cc_pdu_unpack
<LI><a href="#[1ac]">&gt;&gt;</a>&nbsp;&nbsp;&nbsp;l2cc_handle_invalid_pdu
<LI><a href="#[1a5]">&gt;&gt;</a>&nbsp;&nbsp;&nbsp;ke_msg_free
<LI><a href="#[1b1]">&gt;&gt;</a>&nbsp;&nbsp;&nbsp;ke_msg_forward
</UL>
<BR>[Address Reference Count : 1]<UL><LI> patch.o(.constdata)
</UL>
<P><STRONG><a name="[ba]"></a>PATCHED_smpc_recv_pair_rand_pdu</STRONG> (Thumb, 306 bytes, Stack size 24 bytes, patch.o(.text))
<BR><BR>[Stack]<UL><LI>Max Depth = 24<LI>Call Chain = PATCHED_smpc_recv_pair_rand_pdu
</UL>
<BR>[Calls]<UL><LI><a href="#[cf]">&gt;&gt;</a>&nbsp;&nbsp;&nbsp;memcmp
<LI><a href="#[d0]">&gt;&gt;</a>&nbsp;&nbsp;&nbsp;__aeabi_memcpy
<LI><a href="#[1bb]">&gt;&gt;</a>&nbsp;&nbsp;&nbsp;gapc_get_role
<LI><a href="#[1c0]">&gt;&gt;</a>&nbsp;&nbsp;&nbsp;smpc_generate_f5
<LI><a href="#[1bf]">&gt;&gt;</a>&nbsp;&nbsp;&nbsp;smpc_generate_g2
<LI><a href="#[1ba]">&gt;&gt;</a>&nbsp;&nbsp;&nbsp;smpc_generate_f4
<LI><a href="#[1bd]">&gt;&gt;</a>&nbsp;&nbsp;&nbsp;smpc_pdu_send
<LI><a href="#[1be]">&gt;&gt;</a>&nbsp;&nbsp;&nbsp;smpc_pairing_end
<LI><a href="#[1bc]">&gt;&gt;</a>&nbsp;&nbsp;&nbsp;smpc_generate_e1
</UL>
<BR>[Address Reference Count : 1]<UL><LI> patch.o(.constdata)
</UL>
<P><STRONG><a name="[ad]"></a>PATCHED_llc_data_ind_handler</STRONG> (Thumb, 146 bytes, Stack size 40 bytes, patch.o(.text))
<BR><BR>[Stack]<UL><LI>Max Depth = 40<LI>Call Chain = PATCHED_llc_data_ind_handler
</UL>
<BR>[Calls]<UL><LI><a href="#[143]">&gt;&gt;</a>&nbsp;&nbsp;&nbsp;ke_state_get
<LI><a href="#[1a3]">&gt;&gt;</a>&nbsp;&nbsp;&nbsp;hci_send_2_host
<LI><a href="#[1c1]">&gt;&gt;</a>&nbsp;&nbsp;&nbsp;lld_get_mode
<LI><a href="#[192]">&gt;&gt;</a>&nbsp;&nbsp;&nbsp;llc_util_dicon_procedure
<LI><a href="#[1c3]">&gt;&gt;</a>&nbsp;&nbsp;&nbsp;llc_common_enc_change_evt_send
<LI><a href="#[1c2]">&gt;&gt;</a>&nbsp;&nbsp;&nbsp;llc_common_enc_key_ref_comp_evt_send
<LI><a href="#[1b3]">&gt;&gt;</a>&nbsp;&nbsp;&nbsp;co_buf_rx_free
</UL>
<BR>[Address Reference Count : 1]<UL><LI> patch.o(.constdata)
</UL>
<P><STRONG><a name="[1d2]"></a>modulationGainCalibration_580</STRONG> (Thumb, 222 bytes, Stack size 48 bytes, rf_calibration.o(.text), UNUSED)
<BR><BR>[Calls]<UL><LI><a href="#[1d3]">&gt;&gt;</a>&nbsp;&nbsp;&nbsp;set_rf_cal_cap
</UL>
<BR>[Called By]<UL><LI><a href="#[1d5]">&gt;&gt;</a>&nbsp;&nbsp;&nbsp;rf_calibration_580
</UL>
<P>
<H3>
Undefined Global Symbols
</H3>
<P><STRONG><a name="[cd]"></a>__arm_fini_</STRONG> (Unknown, 0 bytes, Stack size 0 bytes, UNDEFINED)
<BR><BR>[Called By]<UL><LI><a href="#[cc]">&gt;&gt;</a>&nbsp;&nbsp;&nbsp;__rt_lib_shutdown_fini
</UL>

<P><STRONG><a name="[e7]"></a>reset_indication</STRONG> (ARM, 0 bytes, Stack size 0 bytes, UNDEFINED)
<BR><BR>[Called By]<UL><LI><a href="#[d4]">&gt;&gt;</a>&nbsp;&nbsp;&nbsp;system_init
</UL>
<HR></body></html>
