Component: ARM Compiler 5.06 update 7 (build 960) Tool: armlink [4d3601]

==============================================================================

Section Cross References

    system_da14585_586.o(.text) refers to system_da14585_586.o(.data) for .data
    startup_da14585_586.o(RESET) refers to startup_da14585_586.o(STACK) for __initial_sp
    startup_da14585_586.o(RESET) refers to startup_da14585_586.o(.text) for Reset_Handler
    startup_da14585_586.o(RESET) refers to rwble.o(.text) for BLE_WAKEUP_LP_Handler
    startup_da14585_586.o(RESET) refers to uart.o(.text) for UART2_Handler
    startup_da14585_586.o(RESET) refers to i2c.o(.text) for I2C_Handler
    startup_da14585_586.o(RESET) refers to adc_58x.o(.text) for ADC_Handler
    startup_da14585_586.o(RESET) refers to gpio.o(.text) for GPIO0_Handler
    startup_da14585_586.o(RESET) refers to wkupct_quadec.o(.text) for WKUP_QUADEC_Handler
    startup_da14585_586.o(.text) refers to system_da14585_586.o(.text) for SystemInit
    startup_da14585_586.o(.text) refers to entry.o(.ARM.Collect$$$$00000000) for __main
    startup_da14585_586.o(.text) refers to nmi_handler.o(.text) for NMI_HandlerC
    startup_da14585_586.o(.text) refers to hardfault_handler.o(.text) for HardFault_HandlerC
    arch_console.o(.text) refers to arch_console.o(.text) for _putc
    arch_console.o(.text) refers to arch_console.o(.text) for _puts
    arch_console.o(.text) refers to arch_console.o(.text) for arch_itoa
    arch_console.o(.text) refers to arch_console.o(.text) for arch_strlen
    arch_console.o(.text) refers to uart.o(.text) for uart_wait_tx_finish
    arch_console.o(.text) refers to arch_sleep.o(.text) for arch_restore_sleep_mode
    arch_console.o(.text) refers to arch_console.o(retention_mem_area0) for retention_mem_area0
    arch_console.o(.text) refers to arch_console.o(.bss) for .bss
    arch_console.o(.text) refers to arch_console.o(.text) for arch_vsnprintf
    arch_console.o(.text) refers to arch_console.o(.text) for arch_printf_flush
    arch_console.o(.text) refers to arch_console.o(retention_mem_area0) for retention_mem_area0
    arch_console.o(.text) refers to arch_console.o(.bss) for .bss
    arch_console.o(.text) refers to arch_console.o(.text) for arch_vprintf
    arch_console.o(.text) refers to arch_console.o(.text) for arch_printf
    nvds.o(.text) refers to nvds.o(.constdata) for .constdata
    nvds.o(.text) refers to arch_system.o(retention_mem_area0) for dev_bdaddr
    arch_main.o(.text) refers to arch_system.o(.text) for system_init
    arch_main.o(.text) refers to arch_console.o(.text) for arch_printf_process
    arch_main.o(.text) refers to rwip.o(.text) for rwip_sleep
    arch_main.o(.text) refers to arch_main.o(retention_mem_area0) for retention_mem_area0
    arch_main.o(.text) refers to rwble.o(retention_mem_area0) for arch_rwble_last_event
    arch_main.o(.constdata) refers to user_peripheral.o(.text) for user_app_init
    jump_table.o(.constdata) refers to rf_585.o(.text) for rf_init_func
    jump_table.o(.constdata) refers to nvds.o(.text) for nvds_get_func
    jump_table.o(.constdata) refers to jump_table.o(.text) for platform_reset_func
    jump_table.o(.constdata) refers to rwble.o(.text) for lld_sleep_compensate_func
    jump_table.o(.constdata) refers to arch_system.o(.text) for lld_sleep_init_func
    jump_table.o(.constdata) refers to prf.o(.text) for prf_init_func
    jump_table.o(.constdata) refers to patch.o(.text) for JT_l2cc_pdu_unpack_func
    jump_table.o(.constdata) refers to jump_table.o(heap_mem_area_not_ret) for rwip_heap_non_ret
    jump_table.o(.constdata) refers to jump_table.o(heap_env_area) for rwip_heap_env_ret
    jump_table.o(.constdata) refers to jump_table.o(heap_db_area) for rwip_heap_db_ret
    jump_table.o(.constdata) refers to jump_table.o(heap_msg_area) for rwip_heap_msg_ret
    arch_sleep.o(.text) refers to arch_sleep.o(retention_mem_area0) for retention_mem_area0
    arch_sleep.o(.text) refers to gpio.o(.text) for GPIO_DisablePorPin
    arch_sleep.o(.text) refers to arch_sleep.o(retention_mem_area0) for retention_mem_area0
    arch_sleep.o(.text) refers to arch_sleep.o(retention_mem_area0) for retention_mem_area0
    arch_sleep.o(.text) refers to rwble.o(retention_mem_area0) for arch_rwble_last_event
    arch_system.o(.text) refers to rf_calibration.o(.text) for rf_calibration_585
    arch_system.o(.text) refers to gpio.o(.text) for GPIO_init
    arch_system.o(.text) refers to hw_otpc_58x.o(.text) for hw_otpc_manual_read_on
    arch_system.o(.text) refers to otp_hdr.o(.text) for otp_hdr_get_bd_address
    arch_system.o(.text) refers to arch_rom.o(.text) for arch_rom_init
    arch_system.o(.text) refers to user_periph_setup.o(.text) for periph_init
    arch_system.o(.text) refers to trng.o(.text) for init_rand_seed_from_trng
    arch_system.o(.text) refers to arch_sleep.o(.text) for arch_disable_sleep
    arch_system.o(.text) refers to app.o(.text) for app_init
[...]
    gapc_get_role                            0x07f14c99   Thumb Code     0  da14585_symbols.txt ABSOLUTE
    gapc_get_bdaddr                          0x07f14cb5   Thumb Code     0  da14585_symbols.txt ABSOLUTE
    gapc_get_csrk                            0x07f14cd5   Thumb Code     0  da14585_symbols.txt ABSOLUTE
    gapc_get_sign_counter                    0x07f14cf3   Thumb Code     0  da14585_symbols.txt ABSOLUTE
    gapc_send_error_evt                      0x07f14d11   Thumb Code     0  da14585_symbols.txt ABSOLUTE
    gapc_get_operation                       0x07f14d33   Thumb Code     0  da14585_symbols.txt ABSOLUTE
    gapc_get_operation_ptr                   0x07f14d49   Thumb Code     0  da14585_symbols.txt ABSOLUTE
    gapc_set_operation_ptr                   0x07f14d55   Thumb Code     0  da14585_symbols.txt ABSOLUTE
    gapc_reschedule_operation                0x07f14d61   Thumb Code     0  da14585_symbols.txt ABSOLUTE
    gapc_get_enc_keysize                     0x07f14d91   Thumb Code     0  da14585_symbols.txt ABSOLUTE
    gapc_is_sec_set                          0x07f14da9   Thumb Code     0  da14585_symbols.txt ABSOLUTE
    gapc_set_enc_keysize                     0x07f14e35   Thumb Code     0  da14585_symbols.txt ABSOLUTE
    gapc_link_encrypted                      0x07f14e49   Thumb Code     0  da14585_symbols.txt ABSOLUTE
    gapc_auth_set                            0x07f14e63   Thumb Code     0  da14585_symbols.txt ABSOLUTE
    gapc_svc_chg_ccc_get                     0x07f14e83   Thumb Code     0  da14585_symbols.txt ABSOLUTE
    gapc_svc_chg_ccc_set                     0x07f14e93   Thumb Code     0  da14585_symbols.txt ABSOLUTE
    gapc_check_lecb_sec_perm                 0x07f14ea9   Thumb Code     0  da14585_symbols.txt ABSOLUTE
    gapc_search_lecb_channel                 0x07f14f11   Thumb Code     0  da14585_symbols.txt ABSOLUTE
    gapc_lecnx_check_tx                      0x07f14f4b   Thumb Code     0  da14585_symbols.txt ABSOLUTE
    gapc_lecnx_check_rx                      0x07f14f93   Thumb Code     0  da14585_symbols.txt ABSOLUTE
    gapc_lecnx_get_field                     0x07f14fd7   Thumb Code     0  da14585_symbols.txt ABSOLUTE
    gapc_process_op                          0x07f1504d   Thumb Code     0  da14585_symbols.txt ABSOLUTE
    gapc_param_update_sanity                 0x07f151c7   Thumb Code     0  da14585_symbols.txt ABSOLUTE
    gapc_param_cb_con_sanity                 0x07f151ef   Thumb Code     0  da14585_symbols.txt ABSOLUTE
    l2cc_pdu_recv_ind_handler_func           0x07f156ab   Thumb Code     0  da14585_symbols.txt ABSOLUTE
    gapc_lecb_connect_cfm_handler_func       0x07f16653   Thumb Code     0  da14585_symbols.txt ABSOLUTE
    gapm_init                                0x07f16a27   Thumb Code     0  da14585_symbols.txt ABSOLUTE
    gapm_init_attr                           0x07f16a83   Thumb Code     0  da14585_symbols.txt ABSOLUTE
    gapm_get_operation                       0x07f16aaf   Thumb Code     0  da14585_symbols.txt ABSOLUTE
    gapm_get_requester                       0x07f16ac1   Thumb Code     0  da14585_symbols.txt ABSOLUTE
    gapm_reschedule_operation                0x07f16ad9   Thumb Code     0  da14585_symbols.txt ABSOLUTE
    gapm_send_complete_evt                   0x07f16afb   Thumb Code     0  da14585_symbols.txt ABSOLUTE
    gapm_send_error_evt                      0x07f16b31   Thumb Code     0  da14585_symbols.txt ABSOLUTE
    gapm_con_create                          0x07f16b51   Thumb Code     0  da14585_symbols.txt ABSOLUTE
    gapm_con_enable                          0x07f16bd5   Thumb Code     0  da14585_symbols.txt ABSOLUTE
    gapm_con_cleanup                         0x07f16be1   Thumb Code     0  da14585_symbols.txt ABSOLUTE
    gapm_get_id_from_task                    0x07f16c11   Thumb Code     0  da14585_symbols.txt ABSOLUTE
    gapm_get_task_from_id                    0x07f16c51   Thumb Code     0  da14585_symbols.txt ABSOLUTE
    gapm_is_disc_connection                  0x07f16c8d   Thumb Code     0  da14585_symbols.txt ABSOLUTE
    gapm_adv_sanity                          0x07f17ab9   Thumb Code     0  da14585_symbols.txt ABSOLUTE
    gapm_adv_op_sanity                       0x07f17bad   Thumb Code     0  da14585_symbols.txt ABSOLUTE
    gapm_set_adv_mode                        0x07f17d2b   Thumb Code     0  da14585_symbols.txt ABSOLUTE
    gapm_set_adv_data                        0x07f17d45   Thumb Code     0  da14585_symbols.txt ABSOLUTE
    gapm_execute_adv_op                      0x07f17dd1   Thumb Code     0  da14585_symbols.txt ABSOLUTE
    gapm_scan_op_sanity                      0x07f17ef7   Thumb Code     0  da14585_symbols.txt ABSOLUTE
    gapm_set_scan_mode                       0x07f17fff   Thumb Code     0  da14585_symbols.txt ABSOLUTE
    gapm_execute_scan_op                     0x07f1801d   Thumb Code     0  da14585_symbols.txt ABSOLUTE
    gapm_connect_op_sanity                   0x07f180d7   Thumb Code     0  da14585_symbols.txt ABSOLUTE
    gapm_basic_hci_cmd_send                  0x07f18257   Thumb Code     0  da14585_symbols.txt ABSOLUTE
    gapm_execute_connect_op                  0x07f1826b   Thumb Code     0  da14585_symbols.txt ABSOLUTE
    gapm_get_role                            0x07f1840d   Thumb Code     0  da14585_symbols.txt ABSOLUTE
    gapm_get_ad_type_flag                    0x07f18415   Thumb Code     0  da14585_symbols.txt ABSOLUTE
    gapm_add_to_filter                       0x07f1843b   Thumb Code     0  da14585_symbols.txt ABSOLUTE
    gapm_is_filtered                         0x07f184bb   Thumb Code     0  da14585_symbols.txt ABSOLUTE
    gapm_update_air_op_state                 0x07f1851f   Thumb Code     0  da14585_symbols.txt ABSOLUTE
    gapm_get_irk                             0x07f185e7   Thumb Code     0  da14585_symbols.txt ABSOLUTE
    gapm_get_bdaddr                          0x07f185ed   Thumb Code     0  da14585_symbols.txt ABSOLUTE
    l2cc_pdu_pack_func                       0x07f18609   Thumb Code     0  da14585_symbols.txt ABSOLUTE
    l2cc_pdu_unpack_func                     0x07f18b01   Thumb Code     0  da14585_symbols.txt ABSOLUTE
    l2cc_detect_dest                         0x07f18e03   Thumb Code     0  da14585_symbols.txt ABSOLUTE
    l2c_process_sdu_func                     0x07f18e5f   Thumb Code     0  da14585_symbols.txt ABSOLUTE
    l2c_send_lecb_message_func               0x07f18f77   Thumb Code     0  da14585_symbols.txt ABSOLUTE
    smpc_check_param_func                    0x07f19071   Thumb Code     0  da14585_symbols.txt ABSOLUTE
    smpc_construct_id_addr_info_pdu          0x07f19157   Thumb Code     0  da14585_symbols.txt ABSOLUTE
    smpc_recv_pair_rand_pdu                  0x07f193e3   Thumb Code     0  da14585_symbols.txt ABSOLUTE
    smpc_recv_public_key_exchange_pdu        0x07f19647   Thumb Code     0  da14585_symbols.txt ABSOLUTE
    gapc_hci_handler                         0x07f19c73   Thumb Code     0  da14585_symbols.txt ABSOLUTE
    gapm_hci_handler                         0x07f1a8c1   Thumb Code     0  da14585_symbols.txt ABSOLUTE
    smpc_pairing_start                       0x07f1a951   Thumb Code     0  da14585_symbols.txt ABSOLUTE
    smpc_pairing_tk_exch                     0x07f1a9d7   Thumb Code     0  da14585_symbols.txt ABSOLUTE
    smpc_pairing_ltk_exch                    0x07f1aa95   Thumb Code     0  da14585_symbols.txt ABSOLUTE
    smpc_pairing_csrk_exch                   0x07f1aae9   Thumb Code     0  da14585_symbols.txt ABSOLUTE
    smpc_pairing_rsp                         0x07f1ab3f   Thumb Code     0  da14585_symbols.txt ABSOLUTE
    smpc_pairing_req_handler                 0x07f1ac23   Thumb Code     0  da14585_symbols.txt ABSOLUTE
    smpc_security_req_send                   0x07f1ac5b   Thumb Code     0  da14585_symbols.txt ABSOLUTE
    smpc_encrypt_start                       0x07f1ac85   Thumb Code     0  da14585_symbols.txt ABSOLUTE
    smpc_encrypt_start_handler               0x07f1acab   Thumb Code     0  da14585_symbols.txt ABSOLUTE
    smpc_encrypt_cfm                         0x07f1acdd   Thumb Code     0  da14585_symbols.txt ABSOLUTE
    smpc_sign_command                        0x07f1ad09   Thumb Code     0  da14585_symbols.txt ABSOLUTE
    smpc_sign_cont                           0x07f1ade1   Thumb Code     0  da14585_symbols.txt ABSOLUTE
    smpc_calc_confirm_cont                   0x07f1af87   Thumb Code     0  da14585_symbols.txt ABSOLUTE
    smpc_confirm_gen_rand                    0x07f1b4c9   Thumb Code     0  da14585_symbols.txt ABSOLUTE
    smpc_public_key_exchange_start_func      0x07f1b58f   Thumb Code     0  da14585_symbols.txt ABSOLUTE
    smpc_dhkey_calc_start                    0x07f1b5b3   Thumb Code     0  da14585_symbols.txt ABSOLUTE
    smpc_sec_authentication_start            0x07f1b601   Thumb Code     0  da14585_symbols.txt ABSOLUTE
    smpc_dhkey_calc_ind_func                 0x07f1b62f   Thumb Code     0  da14585_symbols.txt ABSOLUTE
    smpm_gen_rand_addr                       0x07f1b675   Thumb Code     0  da14585_symbols.txt ABSOLUTE
    smpm_resolv_addr                         0x07f1b68d   Thumb Code     0  da14585_symbols.txt ABSOLUTE
    smpm_use_enc_block                       0x07f1b6af   Thumb Code     0  da14585_symbols.txt ABSOLUTE
    smpm_gen_rand_nb                         0x07f1b6b7   Thumb Code     0  da14585_symbols.txt ABSOLUTE
    smpm_ecdh_key_create_func                0x07f1b6bf   Thumb Code     0  da14585_symbols.txt ABSOLUTE
    ke_init                                  0x07f1b6dd   Thumb Code     0  da14585_symbols.txt ABSOLUTE
    ke_flush                                 0x07f1b70f   Thumb Code     0  da14585_symbols.txt ABSOLUTE
    ke_sleep_check                           0x07f1b74f   Thumb Code     0  da14585_symbols.txt ABSOLUTE
    ke_stats_get                             0x07f1b761   Thumb Code     0  da14585_symbols.txt ABSOLUTE
    ke_event_init                            0x07f1b77d   Thumb Code     0  da14585_symbols.txt ABSOLUTE
    ke_event_callback_set                    0x07f1b789   Thumb Code     0  da14585_symbols.txt ABSOLUTE
    ke_event_set                             0x07f1b79d   Thumb Code     0  da14585_symbols.txt ABSOLUTE
    ke_event_clear                           0x07f1b7c9   Thumb Code     0  da14585_symbols.txt ABSOLUTE
    ke_event_get                             0x07f1b7f5   Thumb Code     0  da14585_symbols.txt ABSOLUTE
    ke_event_get_all                         0x07f1b81b   Thumb Code     0  da14585_symbols.txt ABSOLUTE
    ke_event_flush                           0x07f1b821   Thumb Code     0  da14585_symbols.txt ABSOLUTE
    ke_event_schedule                        0x07f1b829   Thumb Code     0  da14585_symbols.txt ABSOLUTE
    ke_mem_init                              0x07f1b879   Thumb Code     0  da14585_symbols.txt ABSOLUTE
    ke_mem_is_empty                          0x07f1b8c5   Thumb Code     0  da14585_symbols.txt ABSOLUTE
    ke_check_malloc                          0x07f1b905   Thumb Code     0  da14585_symbols.txt ABSOLUTE
    ke_malloc                                0x07f1b995   Thumb Code     0  da14585_symbols.txt ABSOLUTE
    ke_free                                  0x07f1ba8b   Thumb Code     0  da14585_symbols.txt ABSOLUTE
    ke_is_free                               0x07f1bb6d   Thumb Code     0  da14585_symbols.txt ABSOLUTE
    ke_get_mem_usage                         0x07f1bb7f   Thumb Code     0  da14585_symbols.txt ABSOLUTE
    ke_get_max_mem_usage                     0x07f1bb8b   Thumb Code     0  da14585_symbols.txt ABSOLUTE
    ke_msg_alloc                             0x07f1bbb1   Thumb Code     0  da14585_symbols.txt ABSOLUTE
    ke_msg_send                              0x07f1bbe3   Thumb Code     0  da14585_symbols.txt ABSOLUTE
    ke_msg_send_basic                        0x07f1bc0f   Thumb Code     0  da14585_symbols.txt ABSOLUTE
    ke_msg_forward                           0x07f1bc1d   Thumb Code     0  da14585_symbols.txt ABSOLUTE
    ke_msg_forward_new_id                    0x07f1bc27   Thumb Code     0  da14585_symbols.txt ABSOLUTE
    ke_msg_free                              0x07f1bc37   Thumb Code     0  da14585_symbols.txt ABSOLUTE
    ke_msg_dest_id_get                       0x07f1bc3f   Thumb Code     0  da14585_symbols.txt ABSOLUTE
    ke_msg_src_id_get                        0x07f1bc45   Thumb Code     0  da14585_symbols.txt ABSOLUTE
    ke_msg_in_queue                          0x07f1bc4b   Thumb Code     0  da14585_symbols.txt ABSOLUTE
    ke_queue_extract                         0x07f1bc5d   Thumb Code     0  da14585_symbols.txt ABSOLUTE
    ke_queue_insert                          0x07f1bcad   Thumb Code     0  da14585_symbols.txt ABSOLUTE
    ke_task_init_func                        0x07f1be3f   Thumb Code     0  da14585_symbols.txt ABSOLUTE
    ke_task_create                           0x07f1be53   Thumb Code     0  da14585_symbols.txt ABSOLUTE
    ke_task_delete                           0x07f1be8b   Thumb Code     0  da14585_symbols.txt ABSOLUTE
    ke_state_set                             0x07f1beb7   Thumb Code     0  da14585_symbols.txt ABSOLUTE
    ke_state_get                             0x07f1bf1b   Thumb Code     0  da14585_symbols.txt ABSOLUTE
    ke_msg_discard                           0x07f1bf39   Thumb Code     0  da14585_symbols.txt ABSOLUTE
    ke_msg_save                              0x07f1bf3d   Thumb Code     0  da14585_symbols.txt ABSOLUTE
    ke_task_msg_flush                        0x07f1bf41   Thumb Code     0  da14585_symbols.txt ABSOLUTE
    ke_timer_init_func                       0x07f1c049   Thumb Code     0  da14585_symbols.txt ABSOLUTE
    ke_timer_set                             0x07f1c055   Thumb Code     0  da14585_symbols.txt ABSOLUTE
    ke_timer_clear                           0x07f1c0e9   Thumb Code     0  da14585_symbols.txt ABSOLUTE
    ke_timer_active                          0x07f1c13f   Thumb Code     0  da14585_symbols.txt ABSOLUTE
    ke_timer_sleep_check                     0x07f1c165   Thumb Code     0  da14585_symbols.txt ABSOLUTE
    rwble_hl_reset                           0x07f1c28b   Thumb Code     0  da14585_symbols.txt ABSOLUTE
    rwble_hl_send_message                    0x07f1c2ad   Thumb Code     0  da14585_symbols.txt ABSOLUTE
    rwip_check_wakeup_boundary               0x07f1c2b1   Thumb Code     0  da14585_symbols.txt ABSOLUTE
    rwip_init                                0x07f1c2d7   Thumb Code     0  da14585_symbols.txt ABSOLUTE
    rwip_reset                               0x07f1c39b   Thumb Code     0  da14585_symbols.txt ABSOLUTE
    rwip_version                             0x07f1c3d3   Thumb Code     0  da14585_symbols.txt ABSOLUTE
    rwip_schedule                            0x07f1c3db   Thumb Code     0  da14585_symbols.txt ABSOLUTE
    rwip_prevent_sleep_set                   0x07f1c47f   Thumb Code     0  da14585_symbols.txt ABSOLUTE
    rwip_wakeup                              0x07f1c4a1   Thumb Code     0  da14585_symbols.txt ABSOLUTE
    rwip_prevent_sleep_clear                 0x07f1c4b7   Thumb Code     0  da14585_symbols.txt ABSOLUTE
    rwip_wakeup_end                          0x07f1c4d9   Thumb Code     0  da14585_symbols.txt ABSOLUTE
    rwip_wakeup_delay_set                    0x07f1c4f5   Thumb Code     0  da14585_symbols.txt ABSOLUTE
    rwip_sleep_enable                        0x07f1c503   Thumb Code     0  da14585_symbols.txt ABSOLUTE
    rwip_ext_wakeup_enable                   0x07f1c509   Thumb Code     0  da14585_symbols.txt ABSOLUTE
    rwble_init                               0x07f1c52d   Thumb Code     0  da14585_symbols.txt ABSOLUTE
    rwble_reset                              0x07f1c593   Thumb Code     0  da14585_symbols.txt ABSOLUTE
    rwble_version                            0x07f1c5c7   Thumb Code     0  da14585_symbols.txt ABSOLUTE
    rwble_send_message                       0x07f1c5f3   Thumb Code     0  da14585_symbols.txt ABSOLUTE
    YieldToScheduler                         0x07f1c6d9   Thumb Code     0  da14585_symbols.txt ABSOLUTE
    xorshift64star                           0x07f1c6e1   Thumb Code     0  da14585_symbols.txt ABSOLUTE
    uECC_set_rng                             0x07f1c747   Thumb Code     0  da14585_symbols.txt ABSOLUTE
    uECC_get_rng                             0x07f1c74d   Thumb Code     0  da14585_symbols.txt ABSOLUTE
    uECC_curve_private_key_size              0x07f1c753   Thumb Code     0  da14585_symbols.txt ABSOLUTE
    uECC_curve_public_key_size               0x07f1c763   Thumb Code     0  da14585_symbols.txt ABSOLUTE
    uECC_vli_clear                           0x07f1c76b   Thumb Code     0  da14585_symbols.txt ABSOLUTE
    uECC_vli_isZero                          0x07f1c781   Thumb Code     0  da14585_symbols.txt ABSOLUTE
    uECC_vli_testBit                         0x07f1c7a3   Thumb Code     0  da14585_symbols.txt ABSOLUTE
    uECC_vli_numBits                         0x07f1c7b5   Thumb Code     0  da14585_symbols.txt ABSOLUTE
    uECC_vli_set                             0x07f1c7ef   Thumb Code     0  da14585_symbols.txt ABSOLUTE
    uECC_vli_equal                           0x07f1c82d   Thumb Code     0  da14585_symbols.txt ABSOLUTE
    uECC_vli_cmp                             0x07f1c851   Thumb Code     0  da14585_symbols.txt ABSOLUTE
    uECC_vli_rshift1                         0x07f1c887   Thumb Code     0  da14585_symbols.txt ABSOLUTE
    uECC_vli_square                          0x07f1c8a5   Thumb Code     0  da14585_symbols.txt ABSOLUTE
    uECC_vli_modAdd                          0x07f1c8b1   Thumb Code     0  da14585_symbols.txt ABSOLUTE
    uECC_vli_modSub                          0x07f1c8df   Thumb Code     0  da14585_symbols.txt ABSOLUTE
    uECC_vli_mmod                            0x07f1c8ff   Thumb Code     0  da14585_symbols.txt ABSOLUTE
    uECC_vli_modMult                         0x07f1ca09   Thumb Code     0  da14585_symbols.txt ABSOLUTE
    uECC_vli_modMult_fast                    0x07f1ca2b   Thumb Code     0  da14585_symbols.txt ABSOLUTE
    uECC_vli_modSquare                       0x07f1ca4b   Thumb Code     0  da14585_symbols.txt ABSOLUTE
    uECC_vli_modSquare_fast                  0x07f1ca59   Thumb Code     0  da14585_symbols.txt ABSOLUTE
    uECC_vli_modInv                          0x07f1ca99   Thumb Code     0  da14585_symbols.txt ABSOLUTE
    uECC_secp256r1                           0x07f1cdd5   Thumb Code     0  da14585_symbols.txt ABSOLUTE
    uECC_vli_nativeToBytes                   0x07f1d3d3   Thumb Code     0  da14585_symbols.txt ABSOLUTE
    uECC_vli_bytesToNative                   0x07f1d3f5   Thumb Code     0  da14585_symbols.txt ABSOLUTE
    uECC_generate_random_int                 0x07f1d433   Thumb Code     0  da14585_symbols.txt ABSOLUTE
    uECC_make_key                            0x07f1d495   Thumb Code     0  da14585_symbols.txt ABSOLUTE
    uECC_shared_secret                       0x07f1d513   Thumb Code     0  da14585_symbols.txt ABSOLUTE
    uECC_compress                            0x07f1d5cf   Thumb Code     0  da14585_symbols.txt ABSOLUTE
    uECC_decompress                          0x07f1d5fd   Thumb Code     0  da14585_symbols.txt ABSOLUTE
    uECC_valid_point                         0x07f1d66d   Thumb Code     0  da14585_symbols.txt ABSOLUTE
    uECC_valid_public_key                    0x07f1d6cf   Thumb Code     0  da14585_symbols.txt ABSOLUTE
    uECC_compute_public_key                  0x07f1d703   Thumb Code     0  da14585_symbols.txt ABSOLUTE
    uECC_sign                                0x07f1d989   Thumb Code     0  da14585_symbols.txt ABSOLUTE
    uECC_sign_deterministic                  0x07f1da6f   Thumb Code     0  da14585_symbols.txt ABSOLUTE
    uECC_verify                              0x07f1dbdd   Thumb Code     0  da14585_symbols.txt ABSOLUTE
    uECC_curve_num_words                     0x07f1de89   Thumb Code     0  da14585_symbols.txt ABSOLUTE
    uECC_curve_num_bytes                     0x07f1de91   Thumb Code     0  da14585_symbols.txt ABSOLUTE
    uECC_curve_num_bits                      0x07f1de99   Thumb Code     0  da14585_symbols.txt ABSOLUTE
    uECC_curve_num_n_words                   0x07f1dea1   Thumb Code     0  da14585_symbols.txt ABSOLUTE
    uECC_curve_num_n_bytes                   0x07f1deb1   Thumb Code     0  da14585_symbols.txt ABSOLUTE
    uECC_curve_num_n_bits                    0x07f1dec1   Thumb Code     0  da14585_symbols.txt ABSOLUTE
    uECC_curve_p                             0x07f1dec9   Thumb Code     0  da14585_symbols.txt ABSOLUTE
    uECC_curve_n                             0x07f1decd   Thumb Code     0  da14585_symbols.txt ABSOLUTE
    uECC_curve_G                             0x07f1ded1   Thumb Code     0  da14585_symbols.txt ABSOLUTE
    uECC_curve_b                             0x07f1ded5   Thumb Code     0  da14585_symbols.txt ABSOLUTE
    uECC_vli_mod_sqrt                        0x07f1ded9   Thumb Code     0  da14585_symbols.txt ABSOLUTE
    uECC_vli_mmod_fast                       0x07f1dedf   Thumb Code     0  da14585_symbols.txt ABSOLUTE
    uECC_point_mult                          0x07f1dee5   Thumb Code     0  da14585_symbols.txt ABSOLUTE
    __aeabi_uidiv                            0x07f1dfb9   Thumb Code     0  da14585_symbols.txt ABSOLUTE
    __aeabi_uidivmod                         0x07f1dfb9   Thumb Code     0  da14585_symbols.txt ABSOLUTE
    __aeabi_idiv                             0x07f1dfe5   Thumb Code     0  da14585_symbols.txt ABSOLUTE
    __aeabi_idivmod                          0x07f1dfe5   Thumb Code     0  da14585_symbols.txt ABSOLUTE
    __aeabi_lmul                             0x07f1e00d   Thumb Code     0  da14585_symbols.txt ABSOLUTE
    _ll_mul                                  0x07f1e00d   Thumb Code     0  da14585_symbols.txt ABSOLUTE
    rand                                     0x07f1e089   Thumb Code     0  da14585_symbols.txt ABSOLUTE
    srand                                    0x07f1e09b   Thumb Code     0  da14585_symbols.txt ABSOLUTE
    __aeabi_memcpy                           0x07f1e0ad   Thumb Code     0  da14585_symbols.txt ABSOLUTE
    __aeabi_memcpy4                          0x07f1e0ad   Thumb Code     0  da14585_symbols.txt ABSOLUTE
    __aeabi_memcpy8                          0x07f1e0ad   Thumb Code     0  da14585_symbols.txt ABSOLUTE
    __aeabi_memset                           0x07f1e0d1   Thumb Code     0  da14585_symbols.txt ABSOLUTE
    __aeabi_memset4                          0x07f1e0d1   Thumb Code     0  da14585_symbols.txt ABSOLUTE
    __aeabi_memset8                          0x07f1e0d1   Thumb Code     0  da14585_symbols.txt ABSOLUTE
    __aeabi_memclr                           0x07f1e0df   Thumb Code     0  da14585_symbols.txt ABSOLUTE
    __aeabi_memclr4                          0x07f1e0df   Thumb Code     0  da14585_symbols.txt ABSOLUTE
    __aeabi_memclr8                          0x07f1e0df   Thumb Code     0  da14585_symbols.txt ABSOLUTE
    _memset$wrapper                          0x07f1e0e3   Thumb Code     0  da14585_symbols.txt ABSOLUTE
    memcmp                                   0x07f1e0f5   Thumb Code     0  da14585_symbols.txt ABSOLUTE
    __aeabi_uread4                           0x07f1e10f   Thumb Code     0  da14585_symbols.txt ABSOLUTE
    __rt_uread4                              0x07f1e10f   Thumb Code     0  da14585_symbols.txt ABSOLUTE
    _uread4                                  0x07f1e10f   Thumb Code     0  da14585_symbols.txt ABSOLUTE
    __aeabi_uwrite4                          0x07f1e123   Thumb Code     0  da14585_symbols.txt ABSOLUTE
    __rt_uwrite4                             0x07f1e123   Thumb Code     0  da14585_symbols.txt ABSOLUTE
    _uwrite4                                 0x07f1e123   Thumb Code     0  da14585_symbols.txt ABSOLUTE
    __aeabi_llsl                             0x07f1e135   Thumb Code     0  da14585_symbols.txt ABSOLUTE
    _ll_shift_l                              0x07f1e135   Thumb Code     0  da14585_symbols.txt ABSOLUTE
    __ARM_common_switch8                     0x07f1e155   Thumb Code     0  da14585_symbols.txt ABSOLUTE
    uart_api                                 0x07f1e170   Data           0  da14585_symbols.txt ABSOLUTE
    co_sca2ppm                               0x07f1e180   Data           0  da14585_symbols.txt ABSOLUTE
    co_null_bdaddr                           0x07f1e190   Data           0  da14585_symbols.txt ABSOLUTE
    co_default_bdaddr                        0x07f1e196   Data           0  da14585_symbols.txt ABSOLUTE
    llc_state_handler                        0x07f1e41c   Data           0  da14585_symbols.txt ABSOLUTE
    llc_default_handler                      0x07f1e4ec   Data           0  da14585_symbols.txt ABSOLUTE
    llm_dflt_bdaddr                          0x07f1e504   Data           0  da14585_symbols.txt ABSOLUTE
    llm_local_cmds                           0x07f1e51c   Data           0  da14585_symbols.txt ABSOLUTE
    llm_local_le_feats                       0x07f1e55c   Data           0  da14585_symbols.txt ABSOLUTE
    llm_local_le_states                      0x07f1e564   Data           0  da14585_symbols.txt ABSOLUTE
    llm_state_handler                        0x07f1e74c   Data           0  da14585_symbols.txt ABSOLUTE
    llm_default_handler                      0x07f1e77c   Data           0  da14585_symbols.txt ABSOLUTE
    LLM_AA_CT1                               0x07f1e784   Data           0  da14585_symbols.txt ABSOLUTE
    LLM_AA_CT2                               0x07f1e787   Data           0  da14585_symbols.txt ABSOLUTE
    ecc_p256_G                               0x07f1e789   Data           0  da14585_symbols.txt ABSOLUTE
    gtl_default_state                        0x07f1e7dc   Data           0  da14585_symbols.txt ABSOLUTE
    gtl_default_handler                      0x07f1e7e4   Data           0  da14585_symbols.txt ABSOLUTE
    hci_cmd_desc_tab_lk_ctrl                 0x07f1e7f0   Data           0  da14585_symbols.txt ABSOLUTE
    hci_cmd_desc_tab_ctrl_bb                 0x07f1e814   Data           0  da14585_symbols.txt ABSOLUTE
    hci_cmd_desc_tab_info_par                0x07f1e88c   Data           0  da14585_symbols.txt ABSOLUTE
    hci_cmd_desc_tab_stat_par                0x07f1e8c8   Data           0  da14585_symbols.txt ABSOLUTE
    hci_cmd_desc_tab_le                      0x07f1e8d4   Data           0  da14585_symbols.txt ABSOLUTE
    hci_cmd_desc_tab_vs                      0x07f1eb14   Data           0  da14585_symbols.txt ABSOLUTE
    rom_hci_cmd_desc_root_tab                0x07f1ec58   Data           0  da14585_symbols.txt ABSOLUTE
    hci_evt_desc_tab                         0x07f1ec88   Data           0  da14585_symbols.txt ABSOLUTE
    hci_evt_le_desc_tab                      0x07f1ecd0   Data           0  da14585_symbols.txt ABSOLUTE
    attc_handlers                            0x07f1ed40   Data           0  da14585_symbols.txt ABSOLUTE
    atts_handlers                            0x07f1edb0   Data           0  da14585_symbols.txt ABSOLUTE
    gattc_default_state                      0x07f1ee30   Data           0  da14585_symbols.txt ABSOLUTE
    gattc_default_handler                    0x07f1ef10   Data           0  da14585_symbols.txt ABSOLUTE
    gattm_default_state                      0x07f1ef5c   Data           0  da14585_symbols.txt ABSOLUTE
    gattm_default_handler                    0x07f1efb4   Data           0  da14585_symbols.txt ABSOLUTE
    l2cc_default_state                       0x07f1efcc   Data           0  da14585_symbols.txt ABSOLUTE
    l2cc_default_handler                     0x07f1efe4   Data           0  da14585_symbols.txt ABSOLUTE
    const_Rb                                 0x07f1f005   Data           0  da14585_symbols.txt ABSOLUTE
    const_Zero                               0x07f1f015   Data           0  da14585_symbols.txt ABSOLUTE
    gapc_default_state                       0x07f1f038   Data           0  da14585_symbols.txt ABSOLUTE
    gapc_default_handler                     0x07f1f188   Data           0  da14585_symbols.txt ABSOLUTE
    gapm_default_state                       0x07f1f224   Data           0  da14585_symbols.txt ABSOLUTE
    gapm_default_handler                     0x07f1f30c   Data           0  da14585_symbols.txt ABSOLUTE
    l2cc_connor_pkt_format                   0x07f1f314   Data           0  da14585_symbols.txt ABSOLUTE
    l2cc_signaling_pkt_format                0x07f1f31c   Data           0  da14585_symbols.txt ABSOLUTE
    l2cc_security_pkt_format                 0x07f1f378   Data           0  da14585_symbols.txt ABSOLUTE
    l2cc_attribute_pkt_format                0x07f1f3b4   Data           0  da14585_symbols.txt ABSOLUTE
    smpc_construct_pdu                       0x07f1f430   Data           0  da14585_symbols.txt ABSOLUTE
    __Vectors                                0x07fc0000   Data           4  startup_da14585_586.o(RESET)
    __Vectors_End                            0x07fc00a0   Data           0  startup_da14585_586.o(RESET)
    Image$$ER_IROM3$$Base                    0x07fc0510   Number         0  anon$$obj.o ABSOLUTE
    __main                                   0x07fc0511   Thumb Code     0  entry.o(.ARM.Collect$$$$00000000)
    _main_stk                                0x07fc0511   Thumb Code     0  entry2.o(.ARM.Collect$$$$00000001)
    _main_scatterload                        0x07fc0515   Thumb Code     0  entry5.o(.ARM.Collect$$$$00000004)
    __main_after_scatterload                 0x07fc0519   Thumb Code     0  entry5.o(.ARM.Collect$$$$00000004)
    _main_clock                              0x07fc0519   Thumb Code     0  entry7b.o(.ARM.Collect$$$$00000008)
    _main_cpp_init                           0x07fc0519   Thumb Code     0  entry8b.o(.ARM.Collect$$$$0000000A)
    _main_init                               0x07fc0519   Thumb Code     0  entry9a.o(.ARM.Collect$$$$0000000B)
    __rt_lib_shutdown_fini                   0x07fc0521   Thumb Code     0  entry12b.o(.ARM.Collect$$$$0000000E)
    __rt_final_cpp                           0x07fc0525   Thumb Code     0  entry10a.o(.ARM.Collect$$$$0000000F)
    __rt_final_exit                          0x07fc0525   Thumb Code     0  entry11a.o(.ARM.Collect$$$$00000011)
    SystemInit                               0x07fc0529   Thumb Code    38  system_da14585_586.o(.text)
    Reset_Handler                            0x07fc0571   Thumb Code     8  startup_da14585_586.o(.text)
    SVC_Handler                              0x07fc05a9   Thumb Code     2  startup_da14585_586.o(.text)
    PendSV_Handler                           0x07fc05ab   Thumb Code     2  startup_da14585_586.o(.text)
    SysTick_Handler                          0x07fc05ad   Thumb Code     2  startup_da14585_586.o(.text)
    BLE_RF_DIAG_Handler                      0x07fc05af   Thumb Code     0  startup_da14585_586.o(.text)
    DMA_Handler                              0x07fc05af   Thumb Code     0  startup_da14585_586.o(.text)
    KEYBRD_Handler                           0x07fc05af   Thumb Code     0  startup_da14585_586.o(.text)
    PCM_Handler                              0x07fc05af   Thumb Code     0  startup_da14585_586.o(.text)
    RESERVED21_Handler                       0x07fc05af   Thumb Code     0  startup_da14585_586.o(.text)
    RESERVED22_Handler                       0x07fc05af   Thumb Code     0  startup_da14585_586.o(.text)
    RESERVED23_Handler                       0x07fc05af   Thumb Code     0  startup_da14585_586.o(.text)
    RFCAL_Handler                            0x07fc05af   Thumb Code     0  startup_da14585_586.o(.text)
    SPI_Handler                              0x07fc05af   Thumb Code     0  startup_da14585_586.o(.text)
    SRCIN_Handler                            0x07fc05af   Thumb Code     0  startup_da14585_586.o(.text)
    SRCOUT_Handler                           0x07fc05af   Thumb Code     0  startup_da14585_586.o(.text)
    SWTIM_Handler                            0x07fc05af   Thumb Code     0  startup_da14585_586.o(.text)
    HardFault_HandlerC                       0x07fc05c1   Thumb Code    92  hardfault_handler.o(.text)
    NMI_HandlerC                             0x07fc0629   Thumb Code   140  nmi_handler.o(.text)
    arch_printf_flush                        0x07fc0713   Thumb Code   122  arch_console.o(.text)
    arch_printf_process                      0x07fc078d   Thumb Code    70  arch_console.o(.text)
    nvds_get_func                            0x07fc0801   Thumb Code   174  nvds.o(.text)
    nvds_init_func                           0x07fc08af   Thumb Code     4  nvds.o(.text)
    nvds_del_func                            0x07fc08b3   Thumb Code     4  nvds.o(.text)
    nvds_put_func                            0x07fc08b7   Thumb Code     4  nvds.o(.text)
    main                                     0x07fc0981   Thumb Code   268  arch_main.o(.text)
    crypto_init_func                         0x07fc0b85   Thumb Code     2  jump_table.o(.text)
    ba431_get_rand_func                      0x07fc0b87   Thumb Code    24  jump_table.o(.text)
    dia_rand_func                            0x07fc0b9f   Thumb Code     8  jump_table.o(.text)
    dia_srand_func                           0x07fc0ba7   Thumb Code     8  jump_table.o(.text)
    dbg_init_func_empty                      0x07fc0baf   Thumb Code     2  jump_table.o(.text)
    dbg_platform_reset_complete_func_empty   0x07fc0bb1   Thumb Code     2  jump_table.o(.text)
    smpm_ecdh_key_create_func_empty          0x07fc0bb3   Thumb Code     2  jump_table.o(.text)
    platform_reset_func                      0x07fc0bb5   Thumb Code    28  jump_table.o(.text)
    arch_disable_sleep                       0x07fc0bd5   Thumb Code    26  arch_sleep.o(.text)
    arch_set_extended_sleep                  0x07fc0bef   Thumb Code    46  arch_sleep.o(.text)
    arch_set_sleep_mode                      0x07fc0c1d   Thumb Code    24  arch_sleep.o(.text)
    arch_get_sleep_mode                      0x07fc0c35   Thumb Code    26  arch_sleep.o(.text)
    arch_restore_sleep_mode                  0x07fc0c4f   Thumb Code    72  arch_sleep.o(.text)
    arch_force_active_mode                   0x07fc0c97   Thumb Code    30  arch_sleep.o(.text)
    arch_ble_ext_wakeup_get                  0x07fc0cb5   Thumb Code     6  arch_sleep.o(.text)
    arch_ble_force_wakeup                    0x07fc0cbb   Thumb Code    46  arch_sleep.o(.text)
    init_pwr_and_clk_ble                     0x07fc0cf9   Thumb Code   196  arch_system.o(.text)
    set_sleep_delay                          0x07fc0dbd   Thumb Code    52  arch_system.o(.text)
    get_rc16m_count                          0x07fc0df1   Thumb Code    72  arch_system.o(.text)
    conditionally_run_radio_cals             0x07fc0e39   Thumb Code   100  arch_system.o(.text)
    lld_sleep_us_2_lpcycles_sel_func         0x07fc0e9d   Thumb Code     8  arch_system.o(.text)
    lld_sleep_lpcycles_2_us_sel_func         0x07fc0ea5   Thumb Code     8  arch_system.o(.text)
    check_sys_startup_period                 0x07fc0ead   Thumb Code    46  arch_system.o(.text)
    app_use_lower_clocks_check               0x07fc0edb   Thumb Code     4  arch_system.o(.text)
    lld_sleep_init_func                      0x07fc0edf   Thumb Code    26  arch_system.o(.text)
    set_xtal16m_trim_value                   0x07fc0ef9   Thumb Code    82  arch_system.o(.text)
    system_init                              0x07fc0f4b   Thumb Code   294  arch_system.o(.text)
    arch_rom_init                            0x07fc10bd   Thumb Code   132  arch_rom.o(.text)
    otp_hdr_get_bd_address                   0x07fc11a5   Thumb Code    12  otp_hdr.o(.text)
    syscntl_use_lowest_amba_clocks           0x07fc11b5   Thumb Code    22  syscntl.o(.text)
    syscntl_use_highest_amba_clocks          0x07fc11cb   Thumb Code    22  syscntl.o(.text)
    GPIO_init                                0x07fc11e1   Thumb Code   166  gpio.o(.text)
    GPIO_SetPinFunction                      0x07fc1287   Thumb Code    66  gpio.o(.text)
    GPIO_SetInactive                         0x07fc12c9   Thumb Code    60  gpio.o(.text)
    GPIO_SetActive                           0x07fc1305   Thumb Code    60  gpio.o(.text)
    GPIO_ConfigurePin                        0x07fc1341   Thumb Code    78  gpio.o(.text)
    GPIO_ResetIRQ                            0x07fc138f   Thumb Code    32  gpio.o(.text)
    GPIOn_Handler                            0x07fc13af   Thumb Code    54  gpio.o(.text)
    GPIO0_Handler                            0x07fc13e5   Thumb Code     4  gpio.o(.text)
    GPIO1_Handler                            0x07fc13e9   Thumb Code     4  gpio.o(.text)
    GPIO2_Handler                            0x07fc13ed   Thumb Code     4  gpio.o(.text)
    GPIO3_Handler                            0x07fc13f1   Thumb Code     4  gpio.o(.text)
    GPIO4_Handler                            0x07fc13f5   Thumb Code     4  gpio.o(.text)
    WKUP_QUADEC_Handler                      0x07fc142d   Thumb Code   104  wkupct_quadec.o(.text)
    adc_set_diff_input                       0x07fc14a1   Thumb Code    18  adc_58x.o(.text)
    adc_set_se_input                         0x07fc14b3   Thumb Code    18  adc_58x.o(.text)
    adc_init                                 0x07fc14c5   Thumb Code    28  adc_58x.o(.text)
    adc_get_sample                           0x07fc14e1   Thumb Code    30  adc_58x.o(.text)
    adc_get_vbat_sample                      0x07fc14ff   Thumb Code    84  adc_58x.o(.text)
    ADC_Handler                              0x07fc1553   Thumb Code    18  adc_58x.o(.text)
    I2C_Handler                              0x07fc160d   Thumb Code    26  i2c.o(.text)
    hw_otpc_disable                          0x07fc1645   Thumb Code    72  hw_otpc_58x.o(.text)
    hw_otpc_manual_read_on                   0x07fc168d   Thumb Code    38  hw_otpc_58x.o(.text)
    UART2_Handler                            0x07fc1741   Thumb Code    10  uart.o(.text)
    uart_enable                              0x07fc174b   Thumb Code    48  uart.o(.text)
    uart_baudrate_setf                       0x07fc177b   Thumb Code    50  uart.o(.text)
    uart_register_tx_cb                      0x07fc17ad   Thumb Code    22  uart.o(.text)
    uart_initialize                          0x07fc17c3   Thumb Code   162  uart.o(.text)
    uart_write_byte                          0x07fc1865   Thumb Code    14  uart.o(.text)
    uart_write_buffer                        0x07fc1873   Thumb Code    30  uart.o(.text)
    uart_send                                0x07fc1891   Thumb Code   112  uart.o(.text)
    uart_wait_tx_finish                      0x07fc1901   Thumb Code    12  uart.o(.text)
    trng_acquire                             0x07fc1a55   Thumb Code   292  trng.o(.text)
    init_rand_seed_from_trng                 0x07fc1b79   Thumb Code    18  trng.o(.text)
    lld_sleep_compensate_func                0x07fc1c15   Thumb Code   108  rwble.o(.text)
    power_up                                 0x07fc1c81   Thumb Code   210  rwble.o(.text)
    BLE_WAKEUP_LP_Handler                    0x07fc1d53   Thumb Code    92  rwble.o(.text)
    rwble_isr                                0x07fc1daf   Thumb Code   214  rwble.o(.text)
    patched_ble_regs_push                    0x07fc1eb5   Thumb Code    16  rwip.o(.text)
    patched_ble_regs_pop                     0x07fc1ec5   Thumb Code    16  rwip.o(.text)
    rwip_sleep                               0x07fc1ed5   Thumb Code   370  rwip.o(.text)
    rf_regs                                  0x07fc20ab   Thumb Code    62  rf_585.o(.text)
    rf_init_func                             0x07fc20e9   Thumb Code   120  rf_585.o(.text)
    rf_reinit_func                           0x07fc2161   Thumb Code    70  rf_585.o(.text)
    attm_svc_create_db_128                   0x07fc2201   Thumb Code   518  attm_db_128.o(.text)
    check_client_char_cfg                    0x07fc240d   Thumb Code    42  custom_common.o(.text)
    get_value_handle                         0x07fc2437   Thumb Code    76  custom_common.o(.text)
    get_cfg_handle                           0x07fc2483   Thumb Code    98  custom_common.o(.text)
    custs1_get_att_handle                    0x07fc24e5   Thumb Code    28  custom_common.o(.text)
    custs1_get_att_idx                       0x07fc2501   Thumb Code    38  custom_common.o(.text)
    diss_compute_cfg_flag                    0x07fc252d   Thumb Code    38  diss.o(.text)
    diss_prf_itf_get                         0x07fc2609   Thumb Code     6  diss.o(.text)
    diss_handle_to_value                     0x07fc260f   Thumb Code    48  diss.o(.text)
    diss_value_to_handle                     0x07fc263f   Thumb Code    52  diss.o(.text)
    diss_check_val_len                       0x07fc2673   Thumb Code    42  diss.o(.text)
    custs1_prf_itf_get                       0x07fc29f3   Thumb Code     4  custs1.o(.text)
    custs1_init_ccc_values                   0x07fc2acb   Thumb Code    58  custs1_task.o(.text)
    custs1_set_ccc_value                     0x07fc2b05   Thumb Code    62  custs1_task.o(.text)
    prf_init_func                            0x07fc3019   Thumb Code   108  prf.o(.text)
    prf_add_profile_func                     0x07fc3085   Thumb Code   126  prf.o(.text)
    prf_create_func                          0x07fc3103   Thumb Code    42  prf.o(.text)
    prf_cleanup_func                         0x07fc312d   Thumb Code    46  prf.o(.text)
    prf_env_get                              0x07fc315b   Thumb Code    42  prf.o(.text)
    prf_src_task_get                         0x07fc3185   Thumb Code    16  prf.o(.text)
    prf_dst_task_get                         0x07fc3195   Thumb Code    16  prf.o(.text)
    prf_get_id_from_task_func                0x07fc31a5   Thumb Code    48  prf.o(.text)
    prf_get_task_from_id_func                0x07fc31d5   Thumb Code    48  prf.o(.text)
    default_app_on_init                      0x07fc3225   Thumb Code    18  app_default_handlers.o(.text)
    default_app_on_connection                0x07fc3237   Thumb Code    28  app_default_handlers.o(.text)
    default_app_on_set_dev_config_complete   0x07fc3253   Thumb Code    16  app_default_handlers.o(.text)
    default_app_on_db_init_complete          0x07fc3263   Thumb Code     8  app_default_handlers.o(.text)
    default_app_on_get_dev_name              0x07fc326b   Thumb Code    18  app_default_handlers.o(.text)
    default_app_on_get_dev_appearance        0x07fc327d   Thumb Code     8  app_default_handlers.o(.text)
    default_app_on_get_dev_slv_pref_params   0x07fc3285   Thumb Code    18  app_default_handlers.o(.text)
    default_app_on_set_dev_info              0x07fc3297   Thumb Code    46  app_default_handlers.o(.text)
    default_app_update_params_request        0x07fc32c5   Thumb Code    12  app_default_handlers.o(.text)
    app_db_init_start                        0x07fc339d   Thumb Code    16  app.o(.text)
    app_db_init                              0x07fc33ad   Thumb Code     2  app.o(.text)
    app_prf_enable                           0x07fc33af   Thumb Code   136  app.o(.text)
    app_easy_gap_update_adv_data             0x07fc34b1   Thumb Code    68  app.o(.text)
    app_init                                 0x07fc3595   Thumb Code    72  app.o(.text)
    app_easy_gap_confirm                     0x07fc35dd   Thumb Code    36  app.o(.text)
    app_easy_gap_undirected_advertise_get_active 0x07fc3601   Thumb Code     2  app.o(.text)
    app_easy_gap_undirected_advertise_start  0x07fc3603   Thumb Code    26  app.o(.text)
    app_easy_gap_param_update_start          0x07fc361d   Thumb Code    24  app.o(.text)
    app_easy_gap_dev_configure               0x07fc3635   Thumb Code    18  app.o(.text)
    get_user_prf_srv_perm                    0x07fc3647   Thumb Code    34  app.o(.text)
    prf_init_srv_perm                        0x07fc3669   Thumb Code    30  app.o(.text)
    app_gap_process_handler                  0x07fc394b   Thumb Code    24  app_task.o(.text)
    app_dis_init                             0x07fc3975   Thumb Code     2  app_diss.o(.text)
    app_diss_create_db                       0x07fc3977   Thumb Code    54  app_diss.o(.text)
    app_diss_process_handler                 0x07fc3a25   Thumb Code    24  app_diss_task.o(.text)
    app_entry_point_handler                  0x07fc3a91   Thumb Code    58  app_entry_point.o(.text)
    app_std_process_event                    0x07fc3acb   Thumb Code    70  app_entry_point.o(.text)
    app_check_BLE_active                     0x07fc3b19   Thumb Code    36  app_msg_utils.o(.text)
    app_timer_api_process_handler            0x07fc3b7d   Thumb Code   172  app_easy_timer.o(.text)
    app_easy_timer                           0x07fc3c29   Thumb Code    62  app_easy_timer.o(.text)
    app_easy_timer_cancel                    0x07fc3c67   Thumb Code    70  app_easy_timer.o(.text)
    custs_get_func_callbacks                 0x07fc3d19   Thumb Code    34  app_customs.o(.text)
    app_custs1_create_db                     0x07fc3d3b   Thumb Code    54  app_customs.o(.text)
    app_custs1_process_handler               0x07fc3d79   Thumb Code    24  app_customs_task.o(.text)
    GPIO_reservations                        0x07fc3d91   Thumb Code   242  user_periph_setup.o(.text)
    set_pad_functions                        0x07fc3e83   Thumb Code   110  user_periph_setup.o(.text)
    periph_init                              0x07fc3ef1   Thumb Code    60  user_periph_setup.o(.text)
    app_adcval1_timer_cb_handler             0x07fc3f41   Thumb Code    70  user_custs1_impl.o(.text)
    user_svc1_ctrl_wr_ind_handler            0x07fc3f87   Thumb Code    54  user_custs1_impl.o(.text)
    user_svc1_led_wr_ind_handler             0x07fc3fbd   Thumb Code    48  user_custs1_impl.o(.text)
    user_svc1_long_val_cfg_ind_handler       0x07fc3fed   Thumb Code    70  user_custs1_impl.o(.text)
    user_svc1_long_val_wr_ind_handler        0x07fc4033   Thumb Code     2  user_custs1_impl.o(.text)
    user_svc1_adc_val_1_cfg_ind_handler      0x07fc4035   Thumb Code     2  user_custs1_impl.o(.text)
    user_svc1_button_cfg_ind_handler         0x07fc4037   Thumb Code     2  user_custs1_impl.o(.text)
    user_svc1_long_val_att_info_req_handler  0x07fc4039   Thumb Code    48  user_custs1_impl.o(.text)
    user_svc1_rest_att_info_req_handler      0x07fc4069   Thumb Code    50  user_custs1_impl.o(.text)
    user_svc3_read_non_db_val_handler        0x07fc409b   Thumb Code    78  user_custs1_impl.o(.text)
    user_app_init                            0x07fc4173   Thumb Code    54  user_peripheral.o(.text)
    user_app_adv_start                       0x07fc41a9   Thumb Code    36  user_peripheral.o(.text)
    user_app_connection                      0x07fc41cd   Thumb Code    80  user_peripheral.o(.text)
    user_app_adv_undirect_complete           0x07fc421d   Thumb Code     8  user_peripheral.o(.text)
    user_app_disconnect                      0x07fc4225   Thumb Code    30  user_peripheral.o(.text)
    user_catch_rest_hndl                     0x07fc4243   Thumb Code   196  user_peripheral.o(.text)
    PATCHED_atts_mtu_exc_req                 0x07fc43c5   Thumb Code    52  patch.o(.text)
    PATCHED_smpc_is_sec_mode_reached         0x07fc43f9   Thumb Code    66  patch.o(.text)
    PATCHED_smpc_check_key_distrib           0x07fc443b   Thumb Code    74  patch.o(.text)
    PATCHED_llcp_length_req_handler          0x07fc4485   Thumb Code   120  patch.o(.text)
    PATCHED_llcp_length_rsp_handler          0x07fc44fd   Thumb Code   136  patch.o(.text)
    JT_llc_le_length_effective_func          0x07fc4585   Thumb Code   182  patch.o(.text)
    PATCHED_smpc_construct_id_addr_info_pdu  0x07fc463b   Thumb Code    48  patch.o(.text)
    PATCHED_llc_util_gen_skdx                0x07fc466b   Thumb Code    20  patch.o(.text)
    PATCHED_llm_adv_report_set               0x07fc467f   Thumb Code   142  patch.o(.text)
    PATCHED_lld_evt_move_to_master           0x07fc470d   Thumb Code   360  patch.o(.text)
    PATCHED_gapm_adv_sanity                  0x07fc4875   Thumb Code   244  patch.o(.text)
    PATCHED_gapm_get_ad_type_flag            0x07fc4969   Thumb Code    38  patch.o(.text)
    PK_PointMult_func                        0x07fc498f   Thumb Code   246  patch.o(.text)
    llm_create_p256_key_func                 0x07fc4a85   Thumb Code    70  patch.o(.text)
    llm_p256_req_handler_func                0x07fc4acb   Thumb Code   290  patch.o(.text)
    PATCHED_hci_command_handler              0x07fc4c3b   Thumb Code   110  patch.o(.text)
    JT_l2cc_pdu_unpack_func                  0x07fc5029   Thumb Code   812  patch.o(.text)
    JT_l2cc_pdu_recv_ind_handler_func        0x07fc5355   Thumb Code    70  patch.o(.text)
    PATCHED_llc_ch_map_req_ind               0x07fc539b   Thumb Code   110  patch.o(.text)
    PATCHED_smpc_recv_public_key_exchange_pdu 0x07fc553b   Thumb Code   106  patch.o(.text)
    PATCHED_llm_con_req_ind                  0x07fc5637   Thumb Code   646  patch.o(.text)
    patch_func                               0x07fc58bd   Thumb Code    48  patch.o(.text)
    patch_global_vars_init                   0x07fc58ed   Thumb Code     2  patch.o(.text)
    DCoffsetCalibration_580                  0x07fc5a1d   Thumb Code   204  rf_calibration.o(.text)
    IffCalibration_580                       0x07fc5b05   Thumb Code    72  rf_calibration.o(.text)
    rf_calibration_580                       0x07fc5b4d   Thumb Code    80  rf_calibration.o(.text)
    rf_calibration_585                       0x07fc5b9d   Thumb Code    84  rf_calibration.o(.text)
    enable_rf_diag_irq                       0x07fc5bf1   Thumb Code   112  rf_calibration.o(.text)
    set_gauss_modgain                        0x07fc5c61   Thumb Code    54  rf_calibration.o(.text)
    set_rf_cal_cap                           0x07fc5cb5   Thumb Code    26  pll_vcocal_lut.o(.text)
    PATCHED_smpc_dhkey_calc_start            0x07fc5cd9   Thumb Code   136  smpc_util.o(.text)
    JT_llm_p256_start_func                   0x07fc5d61   Thumb Code    82  smpc_util.o(.text)
    __scatterload                            0x07fc5dc1   Thumb Code    28  init.o(.text)
    __scatterload_rt2                        0x07fc5dc1   Thumb Code     0  init.o(.text)
    __scatterload_copy                       0x07fc5de5   Thumb Code    14  handlers.o(i.__scatterload_copy)
    __scatterload_null                       0x07fc5df3   Thumb Code     2  handlers.o(i.__scatterload_null)
    __scatterload_zeroinit                   0x07fc5df5   Thumb Code    14  handlers.o(i.__scatterload_zeroinit)
    rom_func_addr_table_var                  0x07fc5e10   Data         388  jump_table.o(.constdata)
    rom_cfg_table_var                        0x07fc5f94   Data         188  jump_table.o(.constdata)
    gap_cfg_user_var_struct                  0x07fc6050   Data          90  arch_system.o(.constdata)
    diss_att_db                              0x07fc60b8   Data         228  diss.o(.constdata)
    diss_itf                                 0x07fc619c   Data          16  diss.o(.constdata)
    diss_default_state                       0x07fc61ac   Data          24  diss_task.o(.constdata)
    diss_default_handler                     0x07fc61c4   Data           8  diss_task.o(.constdata)
    custs1_itf                               0x07fc61cc   Data          16  custs1.o(.constdata)
    custs1_default_state                     0x07fc61dc   Data          72  custs1_task.o(.constdata)
    custs1_default_handler                   0x07fc6224   Data           8  custs1_task.o(.constdata)
    prf_funcs                                0x07fc6248   Data          24  app.o(.constdata)
    app_default_state                        0x07fc62e4   Data           8  app_task.o(.constdata)
    app_default_handler                      0x07fc62ec   Data           8  app_task.o(.constdata)
    app_process_handlers                     0x07fc62fc   Data          16  app_entry_point.o(.constdata)
    cust_prf_funcs                           0x07fc630c   Data          56  user_custs_config.o(.constdata)
    custs1_services                          0x07fc644c   Data           4  user_custs1_def.o(.constdata)
    custs1_services_size                     0x07fc6450   Data           1  user_custs1_def.o(.constdata)
    custs1_att_max_nb                        0x07fc6452   Data           2  user_custs1_def.o(.constdata)
    custs1_att_db                            0x07fc6454   Data         960  user_custs1_def.o(.constdata)
    LUT_CFG                                  0x07fc690c   Data          22  pll_vcocal_lut.o(.constdata)
    Region$$Table$$Base                      0x07fc69e4   Number         0  anon$$obj.o(Region$$Table)
    Region$$Table$$Limit                     0x07fc6a14   Number         0  anon$$obj.o(Region$$Table)
    startup_sleep_delay                      0x07fc6a14   Data           4  arch_system.o(.data)
    __initial_sp                             0x07fc7160   Data           0  startup_da14585_586.o(STACK)
    heap_mem_area_not_ret$$Base              0x07fc7160   Number         0  jump_table.o(heap_mem_area_not_ret)
    rwip_heap_non_ret                        0x07fc7160   Data        1036  jump_table.o(heap_mem_area_not_ret)
    Image$$RET_DATA_UNINIT$$Base             0x07fd4804   Number         0  anon$$obj.o ABSOLUTE
    sys_startup_flag                         0x07fd4818   Data           1  arch_system.o(retention_mem_area0)
    rcx_cal_in_progress                      0x07fd4819   Data           1  arch_system.o(retention_mem_area0)
    force_rf_cal                             0x07fd481a   Data           1  arch_system.o(retention_mem_area0)
    clk_freq_trim_reg_value                  0x07fd481c   Data           2  arch_system.o(retention_mem_area0)
    last_temp_count                          0x07fd481e   Data           2  arch_system.o(retention_mem_area0)
    arch_wkupct_deb_time                     0x07fd4820   Data           2  arch_system.o(retention_mem_area0)
    iq_trim_bias_ctrl1_reg                   0x07fd4822   Data           2  arch_system.o(retention_mem_area0)
    iq_trim_rf_mixer_ctrl1_reg               0x07fd4824   Data           2  arch_system.o(retention_mem_area0)
    last_temp_time                           0x07fd4828   Data           4  arch_system.o(retention_mem_area0)
    lp_clk_sel                               0x07fd482c   Data           4  arch_system.o(retention_mem_area0)
    rcx_freq                                 0x07fd4830   Data           4  arch_system.o(retention_mem_area0)
    rcx_period                               0x07fd4834   Data           4  arch_system.o(retention_mem_area0)
    dev_bdaddr                               0x07fd4838   Data           6  arch_system.o(retention_mem_area0)
    rcx_slot_duration                        0x07fd4840   Data           8  arch_system.o(retention_mem_area0)
    heap_log                                 0x07fd4848   Data           2  arch_rom.o(retention_mem_area0)
    GPIO_status                              0x07fd4850   Data           8  gpio.o(retention_mem_area0)
    GPIO                                     0x07fd4858   Data         160  gpio.o(retention_mem_area0)
    GPIOHandlerFunction                      0x07fd48f8   Data          20  gpio.o(retention_mem_area0)
    arch_rwble_last_event                    0x07fd4958   Data           1  rwble.o(retention_mem_area0)
    set_boost_low_vbat1v_overhead            0x07fd4959   Data           1  rwble.o(retention_mem_area0)
    twirq_set                                0x07fd495c   Data           4  rwble.o(retention_mem_area0)
    twirq_set_min                            0x07fd4960   Data           4  rwble.o(retention_mem_area0)
    twirq_set_max                            0x07fd4964   Data           4  rwble.o(retention_mem_area0)
    ble_finetim_corr                         0x07fd4968   Data           4  rwble.o(retention_mem_area0)
    sleep_lp_cycles                          0x07fd496c   Data           4  rwip.o(retention_mem_area0)
    retained_BLE_EM_BASE_REG                 0x07fd4970   Data           4  rwip.o(retention_mem_area0)
    slp_period_retained                      0x07fd4974   Data           4  rwip.o(retention_mem_area0)
    prf_env                                  0x07fd497c   Data         768  prf.o(retention_mem_area0)
    app_env                                  0x07fd4c94   Data          12  app.o(retention_mem_area0)
    app_prf_srv_perm                         0x07fd4ca0   Data          20  app.o(retention_mem_area0)
    device_info                              0x07fd4cb4   Data          36  app.o(retention_mem_area0)
    app_state                                0x07fd4cd8   Data           1  app_task.o(retention_mem_area0)
    timer_used                               0x07fd4d2e   Data           2  user_custs1_impl.o(retention_mem_area0)
    indication_counter                       0x07fd4d30   Data           2  user_custs1_impl.o(retention_mem_area0)
    non_db_val_counter                       0x07fd4d32   Data           2  user_custs1_impl.o(retention_mem_area0)
    app_connection_idx                       0x07fd4d34   Data           1  user_peripheral.o(retention_mem_area0)
    app_adv_data_update_timer_used           0x07fd4d35   Data           1  user_peripheral.o(retention_mem_area0)
    app_param_update_request_timer_used      0x07fd4d36   Data           1  user_peripheral.o(retention_mem_area0)
    mnf_data_index                           0x07fd4d37   Data           1  user_peripheral.o(retention_mem_area0)
    stored_adv_data_len                      0x07fd4d38   Data           1  user_peripheral.o(retention_mem_area0)
    stored_scan_rsp_data_len                 0x07fd4d39   Data           1  user_peripheral.o(retention_mem_area0)
    mnf_data                                 0x07fd4d3a   Data           6  user_peripheral.o(retention_mem_area0)
    stored_adv_data                          0x07fd4d40   Data          31  user_peripheral.o(retention_mem_area0)
    stored_scan_rsp_data                     0x07fd4d5f   Data          31  user_peripheral.o(retention_mem_area0)
    calcap_minmax                            0x07fd4d7e   Data           1  pll_vcocal_lut.o(retention_mem_area0)
    vcocal_ctrl_reg_val                      0x07fd4d80   Data           2  pll_vcocal_lut.o(retention_mem_area0)
    vco_calcap_ranges                        0x07fd4d82   Data          16  pll_vcocal_lut.o(retention_mem_area0)
    rf_cal_cap                               0x07fd4d92   Data          20  pll_vcocal_lut.o(retention_mem_area0)
    rwip_heap_db_ret                         0x07fd4da8   Data        1036  jump_table.o(heap_db_area)
    rwip_heap_env_ret                        0x07fd51b4   Data         628  jump_table.o(heap_env_area)
    rwip_heap_msg_ret                        0x07fd5428   Data        1404  jump_table.o(heap_msg_area)
    ble_wakeup_executed                      0x07fd7600   Data           0  da14585_symbols.txt ABSOLUTE
    rf_in_sleep                              0x07fd7601   Data           0  da14585_symbols.txt ABSOLUTE
    custom_preinit                           0x07fd7604   Data           0  da14585_symbols.txt ABSOLUTE
    custom_postinit                          0x07fd7608   Data           0  da14585_symbols.txt ABSOLUTE
    custom_appinit                           0x07fd760c   Data           0  da14585_symbols.txt ABSOLUTE
    custom_preloop                           0x07fd7610   Data           0  da14585_symbols.txt ABSOLUTE
    custom_preschedule                       0x07fd7614   Data           0  da14585_symbols.txt ABSOLUTE
    custom_postschedule                      0x07fd7618   Data           0  da14585_symbols.txt ABSOLUTE
    custom_postschedule_async                0x07fd761c   Data           0  da14585_symbols.txt ABSOLUTE
    custom_presleepcheck                     0x07fd7620   Data           0  da14585_symbols.txt ABSOLUTE
    custom_appsleepset                       0x07fd7624   Data           0  da14585_symbols.txt ABSOLUTE
    custom_postsleepcheck                    0x07fd7628   Data           0  da14585_symbols.txt ABSOLUTE
    custom_presleepenter                     0x07fd762c   Data           0  da14585_symbols.txt ABSOLUTE
    custom_postsleepexit                     0x07fd7630   Data           0  da14585_symbols.txt ABSOLUTE
    custom_prewakeup                         0x07fd7634   Data           0  da14585_symbols.txt ABSOLUTE
    custom_postwakeup                        0x07fd7638   Data           0  da14585_symbols.txt ABSOLUTE
    custom_preidlecheck                      0x07fd763c   Data           0  da14585_symbols.txt ABSOLUTE
    custom_pti_set                           0x07fd7640   Data           0  da14585_symbols.txt ABSOLUTE
    REG_BLE_EM_TX_BUFFER_SIZE                0x07fd7644   Data           0  da14585_symbols.txt ABSOLUTE
    REG_BLE_EM_RX_BUFFER_SIZE                0x07fd7648   Data           0  da14585_symbols.txt ABSOLUTE
    _ble_base                                0x07fd764c   Data           0  da14585_symbols.txt ABSOLUTE
    gap_cfg_user                             0x07fd7650   Data           0  da14585_symbols.txt ABSOLUTE
    rom_func_addr_table                      0x07fd7654   Data           0  da14585_symbols.txt ABSOLUTE
    rom_cfg_table                            0x07fd7658   Data           0  da14585_symbols.txt ABSOLUTE
    BLE_TX_DESC_DATA_USER                    0x07fd765c   Data           0  da14585_symbols.txt ABSOLUTE
    BLE_TX_DESC_CNTL_USER                    0x07fd7660   Data           0  da14585_symbols.txt ABSOLUTE
    LLM_LE_ADV_DUMMY_IDX                     0x07fd7664   Data           0  da14585_symbols.txt ABSOLUTE
    LLM_LE_SCAN_CON_REQ_ADV_DIR_IDX          0x07fd7668   Data           0  da14585_symbols.txt ABSOLUTE
    LLM_LE_SCAN_RSP_IDX                      0x07fd766c   Data           0  da14585_symbols.txt ABSOLUTE
    LLM_LE_ADV_IDX                           0x07fd7670   Data           0  da14585_symbols.txt ABSOLUTE
    length_exchange_needed                   0x07fd7674   Data           0  da14585_symbols.txt ABSOLUTE
    enh_con_cmp_cnt                          0x07fd7678   Data           0  da14585_symbols.txt ABSOLUTE
    rx_pkt_cnt                               0x07fd7680   Data           0  da14585_symbols.txt ABSOLUTE
    rx_pkt_cnt_bad                           0x07fd7684   Data           0  da14585_symbols.txt ABSOLUTE
    rx_pkt_cnt_bad_adv                       0x07fd7688   Data           0  da14585_symbols.txt ABSOLUTE
    rx_pkt_cnt_bad_scn                       0x07fd768c   Data           0  da14585_symbols.txt ABSOLUTE
    rx_pkt_cnt_bad_oth                       0x07fd7690   Data           0  da14585_symbols.txt ABSOLUTE
    rx_pkt_cnt_bad_wo_sync_err               0x07fd7694   Data           0  da14585_symbols.txt ABSOLUTE
    rx_pkt_cnt_bad_con                       0x07fd7698   Data           0  da14585_symbols.txt ABSOLUTE
    connect_req_cnt                          0x07fd769c   Data           0  da14585_symbols.txt ABSOLUTE
    last_status                              0x07fd76a0   Data           0  da14585_symbols.txt ABSOLUTE
    llc_state                                0x07fd76a4   Data           0  da14585_symbols.txt ABSOLUTE
    lld_sleep_env                            0x07fd76ac   Data           0  da14585_symbols.txt ABSOLUTE
    lld_wlcoex_enable                        0x07fd76b0   Data           0  da14585_symbols.txt ABSOLUTE
    ble_duplicate_filter_max                 0x07fd76b4   Data           0  da14585_symbols.txt ABSOLUTE
    ble_duplicate_filter_found               0x07fd76b5   Data           0  da14585_symbols.txt ABSOLUTE
    alter_conn_adv_all_cnt                   0x07fd76b8   Data           0  da14585_symbols.txt ABSOLUTE
    alter_conn_adv_dir_cnt                   0x07fd76bc   Data           0  da14585_symbols.txt ABSOLUTE
    alter_conn_adv_cnt                       0x07fd76c0   Data           0  da14585_symbols.txt ABSOLUTE
    create_conn_cnt                          0x07fd76c4   Data           0  da14585_symbols.txt ABSOLUTE
    alter_conn_cnt                           0x07fd76c8   Data           0  da14585_symbols.txt ABSOLUTE
    alter_conn_restart_cnt                   0x07fd76cc   Data           0  da14585_symbols.txt ABSOLUTE
    alter_conn_peer_addr                     0x07fd76d0   Data           0  da14585_symbols.txt ABSOLUTE
    alter_conn_local_addr                    0x07fd76d6   Data           0  da14585_symbols.txt ABSOLUTE
    set_adv_data_discard_old                 0x07fd76dc   Data           0  da14585_symbols.txt ABSOLUTE
    llm_resolving_list_max                   0x07fd76dd   Data           0  da14585_symbols.txt ABSOLUTE
    llm_bt_env                               0x07fd76de   Data           0  da14585_symbols.txt ABSOLUTE
    init_tx_cnt_cntl_cnt1                    0x07fd76e8   Data           0  da14585_symbols.txt ABSOLUTE
    init_tx_cnt_cntl_cnt                     0x07fd76ec   Data           0  da14585_symbols.txt ABSOLUTE
    tx_cnt_cntl_cnt                          0x07fd76f0   Data           0  da14585_symbols.txt ABSOLUTE
    llm_state                                0x07fd76f4   Data           0  da14585_symbols.txt ABSOLUTE
    gtl_state                                0x07fd76f8   Data           0  da14585_symbols.txt ABSOLUTE
    use_h4tl                                 0x07fd76f9   Data           0  da14585_symbols.txt ABSOLUTE
    hci_cmd_desc_root_tab                    0x07fd76fc   Data           0  da14585_symbols.txt ABSOLUTE
    gattc_state                              0x07fd772c   Data           0  da14585_symbols.txt ABSOLUTE
    gattm_state                              0x07fd7734   Data           0  da14585_symbols.txt ABSOLUTE
    l2cc_state                               0x07fd7735   Data           0  da14585_symbols.txt ABSOLUTE
    l2cm_env                                 0x07fd773e   Data           0  da14585_symbols.txt ABSOLUTE
    gapc_state                               0x07fd7744   Data           0  da14585_symbols.txt ABSOLUTE
    gapm_state                               0x07fd774c   Data           0  da14585_symbols.txt ABSOLUTE
    ecdh_key_creation_in_progress            0x07fd7750   Data           0  da14585_symbols.txt ABSOLUTE
    ke_free_bad                              0x07fd7754   Data           0  da14585_symbols.txt ABSOLUTE
    rwip_env                                 0x07fd7758   Data           0  da14585_symbols.txt ABSOLUTE
    ble_reg_save                             0x07fd7764   Data           0  da14585_symbols.txt ABSOLUTE
    sleep_env                                0x07fd77b4   Data           0  da14585_symbols.txt ABSOLUTE
    uart_env                                 0x07fd77b8   Data           0  da14585_symbols.txt ABSOLUTE
    ke_mem_heaps_used                        0x07fd77dc   Data           0  da14585_symbols.txt ABSOLUTE
    co_buf_env                               0x07fd77e0   Data           0  da14585_symbols.txt ABSOLUTE
    llc_env                                  0x07fd7918   Data           0  da14585_symbols.txt ABSOLUTE
    lld_evt_env                              0x07fd7938   Data           0  da14585_symbols.txt ABSOLUTE
    llm_le_env                               0x07fd7964   Data           0  da14585_symbols.txt ABSOLUTE
    llm_resolving_list                       0x07fd7a60   Data           0  da14585_symbols.txt ABSOLUTE
    ea_env                                   0x07fd7cb8   Data           0  da14585_symbols.txt ABSOLUTE
    gtl_env                                  0x07fd7cf8   Data           0  da14585_symbols.txt ABSOLUTE
    hci_env                                  0x07fd7d40   Data           0  da14585_symbols.txt ABSOLUTE
    h4tl_env                                 0x07fd7d50   Data           0  da14585_symbols.txt ABSOLUTE
    gattc_env                                0x07fd7d68   Data           0  da14585_symbols.txt ABSOLUTE
    gattm_env                                0x07fd7d88   Data           0  da14585_symbols.txt ABSOLUTE
    l2cc_env                                 0x07fd7dac   Data           0  da14585_symbols.txt ABSOLUTE
    ecdh_key                                 0x07fd7dcc   Data           0  da14585_symbols.txt ABSOLUTE
    gapc_env                                 0x07fd7e2c   Data           0  da14585_symbols.txt ABSOLUTE
    gapm_env                                 0x07fd7e4c   Data           0  da14585_symbols.txt ABSOLUTE
    ke_env                                   0x07fd7e78   Data           0  da14585_symbols.txt ABSOLUTE
    rwip_rf                                  0x07fd7fb4   Data           0  da14585_symbols.txt ABSOLUTE



==============================================================================

Memory Map of the image

  Image Entry point : 0x07fc0511

  Load Region LR_IROM1 (Base: 0x07fc0000, Size: 0x000000a0, Max: 0x000000c0, ABSOLUTE)

    Execution Region ER_IROM1 (Exec base: 0x07fc0000, Load base: 0x07fc0000, Size: 0x000000a0, Max: 0x000000c0, ABSOLUTE)

    Exec Addr    Load Addr    Size         Type   Attr      Idx    E Section Name        Object

    0x07fc0000   0x07fc0000   0x000000a0   Data   RO          275    RESET               startup_da14585_586.o



  Load Region LR_IROM2 (Base: 0x07fc00c0, Size: 0x00000000, Max: 0x00000050, ABSOLUTE)

    Execution Region ER_IROM2 (Exec base: 0x07fc00c0, Load base: 0x07fc00c0, Size: 0x00000050, Max: 0x00000050, ABSOLUTE)

    Exec Addr    Load Addr    Size         Type   Attr      Idx    E Section Name        Object

    0x07fc00c0        -       0x00000050   Zero   RW            1    ER_IROM2.bss        anon$$obj.o



  Load Region LR_TRNG_ZI (Base: 0x07fc0110, Size: 0x00000000, Max: 0x00000400, ABSOLUTE)

    Execution Region ER_TRNG_ZI (Exec base: 0x07fc0110, Load base: 0x07fc0110, Size: 0x00000400, Max: 0x00000400, ABSOLUTE)

    Exec Addr    Load Addr    Size         Type   Attr      Idx    E Section Name        Object

    0x07fc0110        -       0x00000400   Zero   RW         1968    trng_buffer_area_zi  trng.o



  Load Region LR_IROM3 (Base: 0x07fc0510, Size: 0x00006508, Max: 0x000142f4, ABSOLUTE)

    Execution Region ER_IROM3 (Exec base: 0x07fc0510, Load base: 0x07fc0510, Size: 0x00006508, Max: 0x000142f4, ABSOLUTE)

    Exec Addr    Load Addr    Size         Type   Attr      Idx    E Section Name        Object

    0x07fc0510   0x07fc0510   0x00000000   Code   RO         3292  * .ARM.Collect$$$$00000000  mc_p.l(entry.o)
    0x07fc0510   0x07fc0510   0x00000004   Code   RO         3293    .ARM.Collect$$$$00000001  mc_p.l(entry2.o)
    0x07fc0514   0x07fc0514   0x00000004   Code   RO         3296    .ARM.Collect$$$$00000004  mc_p.l(entry5.o)
    0x07fc0518   0x07fc0518   0x00000000   Code   RO         3298    .ARM.Collect$$$$00000008  mc_p.l(entry7b.o)
    0x07fc0518   0x07fc0518   0x00000000   Code   RO         3300    .ARM.Collect$$$$0000000A  mc_p.l(entry8b.o)
    0x07fc0518   0x07fc0518   0x00000008   Code   RO         3301    .ARM.Collect$$$$0000000B  mc_p.l(entry9a.o)
    0x07fc0520   0x07fc0520   0x00000004   Code   RO         3308    .ARM.Collect$$$$0000000E  mc_p.l(entry12b.o)
    0x07fc0524   0x07fc0524   0x00000000   Code   RO         3303    .ARM.Collect$$$$0000000F  mc_p.l(entry10a.o)
    0x07fc0524   0x07fc0524   0x00000000   Code   RO         3305    .ARM.Collect$$$$00000011  mc_p.l(entry11a.o)
    0x07fc0524   0x07fc0524   0x00000004   Code   RO         3294    .ARM.Collect$$$$00002712  mc_p.l(entry2.o)
    0x07fc0528   0x07fc0528   0x00000048   Code   RO            4    .text               system_da14585_586.o
    0x07fc0570   0x07fc0570   0x00000050   Code   RO          276    .text               startup_da14585_586.o
    0x07fc05c0   0x07fc05c0   0x00000068   Code   RO          281    .text               hardfault_handler.o
    0x07fc0628   0x07fc0628   0x0000009c   Code   RO          330    .text               nmi_handler.o
    0x07fc06c4   0x07fc06c4   0x0000013c   Code   RO          348    .text               arch_console.o
    0x07fc0800   0x07fc0800   0x000000c8   Code   RO          414    .text               nvds.o
    0x07fc08c8   0x07fc08c8   0x000002bc   Code   RO          435    .text               arch_main.o
    0x07fc0b84   0x07fc0b84   0x00000050   Code   RO          600    .text               jump_table.o
    0x07fc0bd4   0x07fc0bd4   0x00000124   Code   RO          661    .text               arch_sleep.o
    0x07fc0cf8   0x07fc0cf8   0x000003c4   Code   RO          702    .text               arch_system.o
    0x07fc10bc   0x07fc10bc   0x000000e8   Code   RO          819    .text               arch_rom.o
    0x07fc11a4   0x07fc11a4   0x00000010   Code   RO          863    .text               otp_hdr.o
    0x07fc11b4   0x07fc11b4   0x0000002c   Code   RO          878    .text               syscntl.o
    0x07fc11e0   0x07fc11e0   0x0000024c   Code   RO          899    .text               gpio.o
    0x07fc142c   0x07fc142c   0x00000074   Code   RO          998    .text               wkupct_quadec.o
    0x07fc14a0   0x07fc14a0   0x0000016c   Code   RO         1113    .text               adc_58x.o
    0x07fc160c   0x07fc160c   0x00000038   Code   RO         1571    .text               i2c.o
    0x07fc1644   0x07fc1644   0x00000078   Code   RO         1771    .text               hw_otpc_58x.o
    0x07fc16bc   0x07fc16bc   0x00000398   Code   RO         1903    .text               uart.o
    0x07fc1a54   0x07fc1a54   0x000001c0   Code   RO         1966    .text               trng.o
    0x07fc1c14   0x07fc1c14   0x000002a0   Code   RO         1990    .text               rwble.o
    0x07fc1eb4   0x07fc1eb4   0x000001d0   Code   RO         2042    .text               rwip.o
    0x07fc2084   0x07fc2084   0x0000017c   Code   RO         2070    .text               rf_585.o
    0x07fc2200   0x07fc2200   0x0000020c   Code   RO         2128    .text               attm_db_128.o
    0x07fc240c   0x07fc240c   0x00000120   Code   RO         2193    .text               custom_common.o
    0x07fc252c   0x07fc252c   0x0000017c   Code   RO         2217    .text               diss.o
    0x07fc26a8   0x07fc26a8   0x000001d8   Code   RO         2286    .text               diss_task.o
    0x07fc2880   0x07fc2880   0x00000194   Code   RO         2353    .text               custs1.o
    0x07fc2a14   0x07fc2a14   0x00000604   Code   RO         2378    .text               custs1_task.o
    0x07fc3018   0x07fc3018   0x0000020c   Code   RO         2452    .text               prf.o
    0x07fc3224   0x07fc3224   0x000000b4   Code   RO         2483    .text               app_default_handlers.o
    0x07fc32d8   0x07fc32d8   0x00000418   Code   RO         2545    .text               app.o
    0x07fc36f0   0x07fc36f0   0x00000284   Code   RO         2734    .text               app_task.o
    0x07fc3974   0x07fc3974   0x0000003c   Code   RO         2819    .text               app_diss.o
    0x07fc39b0   0x07fc39b0   0x000000e0   Code   RO         2831    .text               app_diss_task.o
    0x07fc3a90   0x07fc3a90   0x00000088   Code   RO         2862    .text               app_entry_point.o
    0x07fc3b18   0x07fc3b18   0x00000028   Code   RO         2892    .text               app_msg_utils.o
    0x07fc3b40   0x07fc3b40   0x00000002   Code   RO         2970    .text               app_easy_timer.o
    0x07fc3b42   0x07fc3b42   0x00000002   Code   RO         2971    .text               app_easy_timer.o
    0x07fc3b44   0x07fc3b44   0x000001d4   Code   RO         2972    .text               app_easy_timer.o
    0x07fc3d18   0x07fc3d18   0x00000060   Code   RO         3006    .text               app_customs.o
    0x07fc3d78   0x07fc3d78   0x00000018   Code   RO         3028    .text               app_customs_task.o
    0x07fc3d90   0x07fc3d90   0x000001b0   Code   RO         3140    .text               user_periph_setup.o
    0x07fc3f40   0x07fc3f40   0x000001b8   Code   RO         3161    .text               user_custs1_impl.o
    0x07fc40f8   0x07fc40f8   0x000002cc   Code   RO         3217    .text               user_peripheral.o
    0x07fc43c4   0x07fc43c4   0x0000155c   Code   RO         3247    .text               da14585_586.lib(patch.o)
    0x07fc5920   0x07fc5920   0x000000fc   Code   RO         3250    .text               da14585_586.lib(rf_calibration.o)
    0x07fc5a1c   0x07fc5a1c   0x000000e8   Code   RO         3251    .text               da14585_586.lib(rf_calibration.o)
    0x07fc5b04   0x07fc5b04   0x000001b0   Code   RO         3252    .text               da14585_586.lib(rf_calibration.o)
    0x07fc5cb4   0x07fc5cb4   0x00000024   Code   RO         3271    .text               da14585_586.lib(pll_vcocal_lut.o)
    0x07fc5cd8   0x07fc5cd8   0x000000e8   Code   RO         3290    .text               da14585_586.lib(smpc_util.o)
    0x07fc5dc0   0x07fc5dc0   0x00000024   Code   RO         3309    .text               mc_p.l(init.o)
    0x07fc5de4   0x07fc5de4   0x0000000e   Code   RO         3313    i.__scatterload_copy  mc_p.l(handlers.o)
    0x07fc5df2   0x07fc5df2   0x00000002   Code   RO         3314    i.__scatterload_null  mc_p.l(handlers.o)
    0x07fc5df4   0x07fc5df4   0x0000000e   Code   RO         3315    i.__scatterload_zeroinit  mc_p.l(handlers.o)
    0x07fc5e02   0x07fc5e02   0x0000000e   Data   RO          415    .constdata          nvds.o
    0x07fc5e10   0x07fc5e10   0x00000184   Data   RO          601    .constdata          jump_table.o
    0x07fc5f94   0x07fc5f94   0x000000bc   Data   RO          602    .constdata          jump_table.o
    0x07fc6050   0x07fc6050   0x0000005a   Data   RO          708    .constdata          arch_system.o
    0x07fc60aa   0x07fc60aa   0x00000008   Data   RO          912    .constdata          gpio.o
    0x07fc60b2   0x07fc60b2   0x00000002   PAD
    0x07fc60b4   0x07fc60b4   0x00000004   Data   RO         1120    .constdata          adc_58x.o
    0x07fc60b8   0x07fc60b8   0x000000f4   Data   RO         2218    .constdata          diss.o
    0x07fc61ac   0x07fc61ac   0x00000018   Data   RO         2287    .constdata          diss_task.o
    0x07fc61c4   0x07fc61c4   0x00000008   Data   RO         2288    .constdata          diss_task.o
    0x07fc61cc   0x07fc61cc   0x00000010   Data   RO         2354    .constdata          custs1.o
    0x07fc61dc   0x07fc61dc   0x00000048   Data   RO         2379    .constdata          custs1_task.o
    0x07fc6224   0x07fc6224   0x00000008   Data   RO         2380    .constdata          custs1_task.o
    0x07fc622c   0x07fc622c   0x00000050   Data   RO         2570    .constdata          app.o
    0x07fc627c   0x07fc627c   0x00000068   Data   RO         2736    .constdata          app_task.o
    0x07fc62e4   0x07fc62e4   0x00000008   Data   RO         2737    .constdata          app_task.o
    0x07fc62ec   0x07fc62ec   0x00000008   Data   RO         2738    .constdata          app_task.o
    0x07fc62f4   0x07fc62f4   0x00000008   Data   RO         2832    .constdata          app_diss_task.o
    0x07fc62fc   0x07fc62fc   0x00000010   Data   RO         2863    .constdata          app_entry_point.o
    0x07fc630c   0x07fc630c   0x00000038   Data   RO         3094    .constdata          user_custs_config.o
    0x07fc6344   0x07fc6344   0x00000010   Data   RO         3107    .constdata          user_custs1_def.o
    0x07fc6354   0x07fc6354   0x00000010   Data   RO         3108    .constdata          user_custs1_def.o
    0x07fc6364   0x07fc6364   0x00000010   Data   RO         3109    .constdata          user_custs1_def.o
    0x07fc6374   0x07fc6374   0x00000010   Data   RO         3110    .constdata          user_custs1_def.o
    0x07fc6384   0x07fc6384   0x00000010   Data   RO         3111    .constdata          user_custs1_def.o
    0x07fc6394   0x07fc6394   0x00000010   Data   RO         3112    .constdata          user_custs1_def.o
    0x07fc63a4   0x07fc63a4   0x00000010   Data   RO         3113    .constdata          user_custs1_def.o
    0x07fc63b4   0x07fc63b4   0x00000010   Data   RO         3114    .constdata          user_custs1_def.o
    0x07fc63c4   0x07fc63c4   0x00000010   Data   RO         3115    .constdata          user_custs1_def.o
    0x07fc63d4   0x07fc63d4   0x00000010   Data   RO         3116    .constdata          user_custs1_def.o
    0x07fc63e4   0x07fc63e4   0x00000010   Data   RO         3117    .constdata          user_custs1_def.o
    0x07fc63f4   0x07fc63f4   0x00000010   Data   RO         3118    .constdata          user_custs1_def.o
    0x07fc6404   0x07fc6404   0x00000010   Data   RO         3119    .constdata          user_custs1_def.o
    0x07fc6414   0x07fc6414   0x00000010   Data   RO         3120    .constdata          user_custs1_def.o
    0x07fc6424   0x07fc6424   0x00000010   Data   RO         3121    .constdata          user_custs1_def.o
    0x07fc6434   0x07fc6434   0x00000010   Data   RO         3122    .constdata          user_custs1_def.o
    0x07fc6444   0x07fc6444   0x00000002   Data   RO         3123    .constdata          user_custs1_def.o
    0x07fc6446   0x07fc6446   0x00000002   Data   RO         3124    .constdata          user_custs1_def.o
    0x07fc6448   0x07fc6448   0x00000002   Data   RO         3125    .constdata          user_custs1_def.o
    0x07fc644a   0x07fc644a   0x00000002   Data   RO         3126    .constdata          user_custs1_def.o
    0x07fc644c   0x07fc644c   0x00000004   Data   RO         3127    .constdata          user_custs1_def.o
    0x07fc6450   0x07fc6450   0x00000001   Data   RO         3128    .constdata          user_custs1_def.o
    0x07fc6451   0x07fc6451   0x00000001   PAD
    0x07fc6452   0x07fc6452   0x00000002   Data   RO         3129    .constdata          user_custs1_def.o
    0x07fc6454   0x07fc6454   0x000003c0   Data   RO         3130    .constdata          user_custs1_def.o
    0x07fc6814   0x07fc6814   0x00000018   Data   RO         3141    .constdata          user_periph_setup.o
    0x07fc682c   0x07fc682c   0x000000e0   Data   RO         3248    .constdata          da14585_586.lib(patch.o)
    0x07fc690c   0x07fc690c   0x00000016   Data   RO         3272    .constdata          da14585_586.lib(pll_vcocal_lut.o)
    0x07fc6922   0x07fc6922   0x00000002   PAD
    0x07fc6924   0x07fc6924   0x000000be   Data   RO         3131    .conststring        user_custs1_def.o
    0x07fc69e2   0x07fc69e2   0x00000002   PAD
    0x07fc69e4   0x07fc69e4   0x00000030   Data   RO         3311    Region$$Table       anon$$obj.o
    0x07fc6a14   0x07fc6a14   0x00000004   Data   RW          709    .data               arch_system.o


    Execution Region ER_PRODTEST (Exec base: 0x07fc6a18, Load base: 0x07fc6a18, Size: 0x00000000, Max: 0xffffffff, ABSOLUTE, UNINIT)

    **** No section assigned to this execution region ****


    Execution Region ER_ZI (Exec base: 0x07fc6a18, Load base: 0x07fc6a18, Size: 0x00000748, Max: 0xffffffff, ABSOLUTE)

    Exec Addr    Load Addr    Size         Type   Attr      Idx    E Section Name        Object

    0x07fc6a18        -       0x00000100   Zero   RW          353    .bss                arch_console.o
    0x07fc6b18        -       0x00000030   Zero   RW         1572    .bss                i2c.o
    0x07fc6b48        -       0x00000010   Zero   RW         1967    .bss                trng.o
    0x07fc6b58        -       0x00000001   Zero   RW         1991    .bss                rwble.o
    0x07fc6b59   0x07fc6a18   0x00000007   PAD
    0x07fc6b60        -       0x00000600   Zero   RW          273    STACK               startup_da14585_586.o


    Execution Region ER_NZI (Exec base: 0x07fc7160, Load base: 0x07fc6a18, Size: 0x0000040c, Max: 0xffffffff, ABSOLUTE, UNINIT)

    Exec Addr    Load Addr    Size         Type   Attr      Idx    E Section Name        Object

    0x07fc7160        -       0x0000040c   Zero   RW          605    heap_mem_area_not_ret  jump_table.o



  Load Region LR_RETAINED_RAM0 (Base: 0x07fd4804, Size: 0x00000000, Max: 0x000013fc, ABSOLUTE)

    Execution Region RET_DATA_UNINIT (Exec base: 0x07fd4804, Load base: 0x07fd4804, Size: 0x00000000, Max: 0x00000000, ABSOLUTE, UNINIT)

    **** No section assigned to this execution region ****


    Execution Region RET_DATA (Exec base: 0x07fd4804, Load base: 0x07fd4804, Size: 0x000005a4, Max: 0x00000800, ABSOLUTE)

    Exec Addr    Load Addr    Size         Type   Attr      Idx    E Section Name        Object

    0x07fd4804        -       0x00000008   Zero   RW          354    retention_mem_area0  arch_console.o
    0x07fd480c        -       0x00000008   Zero   RW          437    retention_mem_area0  arch_main.o
    0x07fd4814        -       0x00000004   Zero   RW          666    retention_mem_area0  arch_sleep.o
    0x07fd4818        -       0x00000030   Zero   RW          710    retention_mem_area0  arch_system.o
    0x07fd4848        -       0x00000002   Zero   RW          820    retention_mem_area0  arch_rom.o
    0x07fd484a   0x07fd4804   0x00000006   PAD
    0x07fd4850        -       0x000000bc   Zero   RW          913    retention_mem_area0  gpio.o
    0x07fd490c        -       0x00000008   Zero   RW         1008    retention_mem_area0  wkupct_quadec.o
    0x07fd4914        -       0x00000004   Zero   RW         1121    retention_mem_area0  adc_58x.o
    0x07fd4918        -       0x00000040   Zero   RW         1912    retention_mem_area0  uart.o
    0x07fd4958        -       0x00000014   Zero   RW         1992    retention_mem_area0  rwble.o
    0x07fd496c        -       0x00000008   Zero   RW         2043    retention_mem_area0  rwip.o
    0x07fd4974        -       0x00000004   Zero   RW         2044    retention_mem_area0  rwip.o
    0x07fd4978        -       0x00000001   Zero   RW         2074    retention_mem_area0  rf_585.o
    0x07fd4979   0x07fd4804   0x00000003   PAD
    0x07fd497c        -       0x00000300   Zero   RW         2454    retention_mem_area0  prf.o
    0x07fd4c7c        -       0x0000005c   Zero   RW         2574    retention_mem_area0  app.o
    0x07fd4cd8        -       0x00000001   Zero   RW         2739    retention_mem_area0  app_task.o
    0x07fd4cd9   0x07fd4804   0x00000003   PAD
    0x07fd4cdc        -       0x00000050   Zero   RW         2975    retention_mem_area0  app_easy_timer.o
    0x07fd4d2c        -       0x00000008   Zero   RW         3167    retention_mem_area0  user_custs1_impl.o
    0x07fd4d34        -       0x0000004a   Zero   RW         3219    retention_mem_area0  user_peripheral.o
    0x07fd4d7e        -       0x00000028   Zero   RW         3273    retention_mem_area0  da14585_586.lib(pll_vcocal_lut.o)


    Execution Region RET_HEAP (Exec base: 0x07fd4da8, Load base: 0x07fd4804, Size: 0x00000bfc, Max: 0x00000bfc, ABSOLUTE, UNINIT)

    Exec Addr    Load Addr    Size         Type   Attr      Idx    E Section Name        Object

    0x07fd4da8        -       0x0000040c   Zero   RW          603    heap_db_area        jump_table.o
    0x07fd51b4        -       0x00000274   Zero   RW          604    heap_env_area       jump_table.o
    0x07fd5428        -       0x0000057c   Zero   RW          606    heap_msg_area       jump_table.o



  Load Region LR_FREE_AREA (Base: 0x07fd7278, Size: 0x00000000, Max: 0x00000388, ABSOLUTE)

    Execution Region ER_FREE_AREA (Exec base: 0x07fd7278, Load base: 0x07fd7278, Size: 0x00000388, Max: 0x00000388, ABSOLUTE)

    Exec Addr    Load Addr    Size         Type   Attr      Idx    E Section Name        Object

    0x07fd7278        -       0x00000388   Zero   RW            2    ER_FREE_AREA.bss    anon$$obj.o


==============================================================================

Image component sizes


      Code (inc. data)   RO Data    RW Data    ZI Data      Debug   Object Name

       364         26          4          0          4      13339   adc_58x.o
      1048         70         80          0         92      21317   app.o
        96          8          0          0          0       1968   app_customs.o
        24          0          0          0          0       1557   app_customs_task.o
       180          8          0          0          0       3738   app_default_handlers.o
        60          4          0          0          0       1502   app_diss.o
       224         96          8          0          0       2583   app_diss_task.o
       472         26          0          0         80       6213   app_easy_timer.o
       136          8         16          0          0       3983   app_entry_point.o
        40          4          0          0          0       1523   app_msg_utils.o
       644         18        120          0          1      12952   app_task.o
       316         16          0          0        264       7938   arch_console.o
       700         80          0          0          8      17776   arch_main.o
       232        100          0          0          2       2055   arch_rom.o
       292         16          0          0          4       3624   arch_sleep.o
       964         76         90          4         48      91400   arch_system.o
       524          6          0          0          0       6289   attm_db_128.o
       288          6          0          0          0       5221   custom_common.o
       404         30         16          0          0       7216   custs1.o
      1540         22         80          0          0      23890   custs1_task.o
       380         12        244          0          0      13524   diss.o
       472          8         32          0          0      18036   diss_task.o
       588         20          8          0        188      15383   gpio.o
       104         12          0          0          0      10177   hardfault_handler.o
       120         10          0          0          0       2225   hw_otpc_58x.o
        56         12          0          0         48       8636   i2c.o
        80          4        576          0       4104       8409   jump_table.o
       156         16          0          0          0       8939   nmi_handler.o
       200         14         14          0          0       3008   nvds.o
        16          4          0          0          0       1229   otp_hdr.o
       524          4          0          0        768       6170   prf.o
       380         90          0          0          1      75098   rf_585.o
       672         48          0          0         21      75776   rwble.o
       464         54          0          0         12      75624   rwip.o
        80         16        160          0       1536        828   startup_da14585_586.o
        44          0          0          0          0        749   syscntl.o
        72          8          0          0          0     246317   system_da14585_586.o
       448         42          0          0       1040       4460   trng.o
       920         26          0          0         64      15678   uart.o
         0          0       1421          0          0       2019   user_custs1_def.o
       440         16          0          0          8       4493   user_custs1_impl.o
         0          0         56          0          0        937   user_custs_config.o
       432         20         24          0          0       4877   user_periph_setup.o
       716         60          0          0         74       6631   user_peripheral.o
       116         12          0          0          8      12254   wkupct_quadec.o

    ----------------------------------------------------------------------
     16028       1128       3002          4       9378     857561   Object Totals
         0          0         48          0        984          0   (incl. Generated)
         0          0          5          0         19          0   (incl. Padding)

    ----------------------------------------------------------------------

      Code (inc. data)   RO Data    RW Data    ZI Data      Debug   Library Member Name

      5468        232        224          0          0       1016   patch.o
        36         10         22          0         40         60   pll_vcocal_lut.o
       916         88          0          0          0        400   rf_calibration.o
       232         14          0          0          0        112   smpc_util.o
         0          0          0          0          0          0   entry.o
         0          0          0          0          0          0   entry10a.o
         0          0          0          0          0          0   entry11a.o
         4          0          0          0          0          0   entry12b.o
         8          4          0          0          0          0   entry2.o
         4          0          0          0          0          0   entry5.o
         0          0          0          0          0          0   entry7b.o
         0          0          0          0          0          0   entry8b.o
         8          4          0          0          0          0   entry9a.o
        30          0          0          0          0          0   handlers.o
        36          8          0          0          0         68   init.o

    ----------------------------------------------------------------------
      6742        360        248          0         42       1656   Library Totals
         0          0          2          0          2          0   (incl. Padding)

    ----------------------------------------------------------------------

      Code (inc. data)   RO Data    RW Data    ZI Data      Debug   Library Name

      6652        344        246          0         40       1588   da14585_586.lib
        90         16          0          0          0         68   mc_p.l

    ----------------------------------------------------------------------
      6742        360        248          0         42       1656   Library Totals

    ----------------------------------------------------------------------

==============================================================================


      Code (inc. data)   RO Data    RW Data    ZI Data      Debug   

     22770       1488       3250          4       9420     856025   Grand Totals
     22770       1488       3250          4       9420     856025   ELF Image Totals
     22770       1488       3250          4          0          0   ROM Totals

==============================================================================

    Total RO  Size (Code + RO Data)                26020 (  25.41kB)
    Total RW  Size (RW Data + ZI Data)              9424 (   9.20kB)
    Total ROM Size (Code + RO Data + RW Data)      26024 (  25.41kB)

==============================================================================

